Archive member included to satisfy reference by file (symbol)

c:/st/stm32cubeide_1.10.1/stm32cubeide/plugins/com.st.stm32cube.ide.mcu.externaltools.gnu-tools-for-stm32.10.3-2021.10.win32_1.0.0.202111181127/tools/bin/../lib/gcc/arm-none-eabi/10.3.1/../../../../arm-none-eabi/lib/thumb/v7e-m+fp/hard\libc_nano.a(lib_a-errno.o)
                              ./Src/syscalls.o (__errno)
c:/st/stm32cubeide_1.10.1/stm32cubeide/plugins/com.st.stm32cube.ide.mcu.externaltools.gnu-tools-for-stm32.10.3-2021.10.win32_1.0.0.202111181127/tools/bin/../lib/gcc/arm-none-eabi/10.3.1/../../../../arm-none-eabi/lib/thumb/v7e-m+fp/hard\libc_nano.a(lib_a-exit.o)
                              c:/st/stm32cubeide_1.10.1/stm32cubeide/plugins/com.st.stm32cube.ide.mcu.externaltools.gnu-tools-for-stm32.10.3-2021.10.win32_1.0.0.202111181127/tools/bin/../lib/gcc/arm-none-eabi/10.3.1/../../../../arm-none-eabi/lib/thumb/v7e-m+fp/hard/crt0.o (exit)
c:/st/stm32cubeide_1.10.1/stm32cubeide/plugins/com.st.stm32cube.ide.mcu.externaltools.gnu-tools-for-stm32.10.3-2021.10.win32_1.0.0.202111181127/tools/bin/../lib/gcc/arm-none-eabi/10.3.1/../../../../arm-none-eabi/lib/thumb/v7e-m+fp/hard\libc_nano.a(lib_a-impure.o)
                              c:/st/stm32cubeide_1.10.1/stm32cubeide/plugins/com.st.stm32cube.ide.mcu.externaltools.gnu-tools-for-stm32.10.3-2021.10.win32_1.0.0.202111181127/tools/bin/../lib/gcc/arm-none-eabi/10.3.1/../../../../arm-none-eabi/lib/thumb/v7e-m+fp/hard\libc_nano.a(lib_a-exit.o) (_global_impure_ptr)
c:/st/stm32cubeide_1.10.1/stm32cubeide/plugins/com.st.stm32cube.ide.mcu.externaltools.gnu-tools-for-stm32.10.3-2021.10.win32_1.0.0.202111181127/tools/bin/../lib/gcc/arm-none-eabi/10.3.1/../../../../arm-none-eabi/lib/thumb/v7e-m+fp/hard\libc_nano.a(lib_a-init.o)
                              c:/st/stm32cubeide_1.10.1/stm32cubeide/plugins/com.st.stm32cube.ide.mcu.externaltools.gnu-tools-for-stm32.10.3-2021.10.win32_1.0.0.202111181127/tools/bin/../lib/gcc/arm-none-eabi/10.3.1/../../../../arm-none-eabi/lib/thumb/v7e-m+fp/hard/crt0.o (__libc_init_array)
c:/st/stm32cubeide_1.10.1/stm32cubeide/plugins/com.st.stm32cube.ide.mcu.externaltools.gnu-tools-for-stm32.10.3-2021.10.win32_1.0.0.202111181127/tools/bin/../lib/gcc/arm-none-eabi/10.3.1/../../../../arm-none-eabi/lib/thumb/v7e-m+fp/hard\libc_nano.a(lib_a-memset.o)
                              c:/st/stm32cubeide_1.10.1/stm32cubeide/plugins/com.st.stm32cube.ide.mcu.externaltools.gnu-tools-for-stm32.10.3-2021.10.win32_1.0.0.202111181127/tools/bin/../lib/gcc/arm-none-eabi/10.3.1/../../../../arm-none-eabi/lib/thumb/v7e-m+fp/hard/crt0.o (memset)

Discarded input sections

 .text          0x0000000000000000        0x0 c:/st/stm32cubeide_1.10.1/stm32cubeide/plugins/com.st.stm32cube.ide.mcu.externaltools.gnu-tools-for-stm32.10.3-2021.10.win32_1.0.0.202111181127/tools/bin/../lib/gcc/arm-none-eabi/10.3.1/thumb/v7e-m+fp/hard/crti.o
 .data          0x0000000000000000        0x0 c:/st/stm32cubeide_1.10.1/stm32cubeide/plugins/com.st.stm32cube.ide.mcu.externaltools.gnu-tools-for-stm32.10.3-2021.10.win32_1.0.0.202111181127/tools/bin/../lib/gcc/arm-none-eabi/10.3.1/thumb/v7e-m+fp/hard/crti.o
 .bss           0x0000000000000000        0x0 c:/st/stm32cubeide_1.10.1/stm32cubeide/plugins/com.st.stm32cube.ide.mcu.externaltools.gnu-tools-for-stm32.10.3-2021.10.win32_1.0.0.202111181127/tools/bin/../lib/gcc/arm-none-eabi/10.3.1/thumb/v7e-m+fp/hard/crti.o
 .data          0x0000000000000000        0x4 c:/st/stm32cubeide_1.10.1/stm32cubeide/plugins/com.st.stm32cube.ide.mcu.externaltools.gnu-tools-for-stm32.10.3-2021.10.win32_1.0.0.202111181127/tools/bin/../lib/gcc/arm-none-eabi/10.3.1/thumb/v7e-m+fp/hard/crtbegin.o
 .rodata        0x0000000000000000       0x24 c:/st/stm32cubeide_1.10.1/stm32cubeide/plugins/com.st.stm32cube.ide.mcu.externaltools.gnu-tools-for-stm32.10.3-2021.10.win32_1.0.0.202111181127/tools/bin/../lib/gcc/arm-none-eabi/10.3.1/thumb/v7e-m+fp/hard/crtbegin.o
 .text          0x0000000000000000       0x7c c:/st/stm32cubeide_1.10.1/stm32cubeide/plugins/com.st.stm32cube.ide.mcu.externaltools.gnu-tools-for-stm32.10.3-2021.10.win32_1.0.0.202111181127/tools/bin/../lib/gcc/arm-none-eabi/10.3.1/../../../../arm-none-eabi/lib/thumb/v7e-m+fp/hard/crt0.o
 .data          0x0000000000000000        0x0 c:/st/stm32cubeide_1.10.1/stm32cubeide/plugins/com.st.stm32cube.ide.mcu.externaltools.gnu-tools-for-stm32.10.3-2021.10.win32_1.0.0.202111181127/tools/bin/../lib/gcc/arm-none-eabi/10.3.1/../../../../arm-none-eabi/lib/thumb/v7e-m+fp/hard/crt0.o
 .bss           0x0000000000000000        0x0 c:/st/stm32cubeide_1.10.1/stm32cubeide/plugins/com.st.stm32cube.ide.mcu.externaltools.gnu-tools-for-stm32.10.3-2021.10.win32_1.0.0.202111181127/tools/bin/../lib/gcc/arm-none-eabi/10.3.1/../../../../arm-none-eabi/lib/thumb/v7e-m+fp/hard/crt0.o
 .ARM.extab     0x0000000000000000        0x0 c:/st/stm32cubeide_1.10.1/stm32cubeide/plugins/com.st.stm32cube.ide.mcu.externaltools.gnu-tools-for-stm32.10.3-2021.10.win32_1.0.0.202111181127/tools/bin/../lib/gcc/arm-none-eabi/10.3.1/../../../../arm-none-eabi/lib/thumb/v7e-m+fp/hard/crt0.o
 .ARM.exidx     0x0000000000000000       0x10 c:/st/stm32cubeide_1.10.1/stm32cubeide/plugins/com.st.stm32cube.ide.mcu.externaltools.gnu-tools-for-stm32.10.3-2021.10.win32_1.0.0.202111181127/tools/bin/../lib/gcc/arm-none-eabi/10.3.1/../../../../arm-none-eabi/lib/thumb/v7e-m+fp/hard/crt0.o
 .ARM.attributes
                0x0000000000000000       0x1c c:/st/stm32cubeide_1.10.1/stm32cubeide/plugins/com.st.stm32cube.ide.mcu.externaltools.gnu-tools-for-stm32.10.3-2021.10.win32_1.0.0.202111181127/tools/bin/../lib/gcc/arm-none-eabi/10.3.1/../../../../arm-none-eabi/lib/thumb/v7e-m+fp/hard/crt0.o
 .group         0x0000000000000000        0xc ./Src/main.o
 .group         0x0000000000000000        0xc ./Src/main.o
 .group         0x0000000000000000        0xc ./Src/main.o
 .group         0x0000000000000000        0xc ./Src/main.o
 .group         0x0000000000000000        0xc ./Src/main.o
 .group         0x0000000000000000        0xc ./Src/main.o
 .group         0x0000000000000000        0xc ./Src/main.o
 .group         0x0000000000000000        0xc ./Src/main.o
 .group         0x0000000000000000        0xc ./Src/main.o
 .group         0x0000000000000000        0xc ./Src/main.o
 .group         0x0000000000000000        0xc ./Src/main.o
 .group         0x0000000000000000        0xc ./Src/main.o
 .group         0x0000000000000000        0xc ./Src/main.o
 .group         0x0000000000000000        0xc ./Src/main.o
 .group         0x0000000000000000        0xc ./Src/main.o
 .group         0x0000000000000000        0xc ./Src/main.o
 .group         0x0000000000000000        0xc ./Src/main.o
 .group         0x0000000000000000        0xc ./Src/main.o
 .group         0x0000000000000000        0xc ./Src/main.o
 .group         0x0000000000000000        0xc ./Src/main.o
 .group         0x0000000000000000        0xc ./Src/main.o
 .group         0x0000000000000000        0xc ./Src/main.o
 .group         0x0000000000000000        0xc ./Src/main.o
 .group         0x0000000000000000        0xc ./Src/main.o
 .group         0x0000000000000000        0xc ./Src/main.o
 .group         0x0000000000000000        0xc ./Src/main.o
 .group         0x0000000000000000        0xc ./Src/main.o
 .group         0x0000000000000000        0xc ./Src/main.o
 .group         0x0000000000000000        0xc ./Src/main.o
 .group         0x0000000000000000        0xc ./Src/main.o
 .group         0x0000000000000000        0xc ./Src/main.o
 .group         0x0000000000000000        0xc ./Src/main.o
 .group         0x0000000000000000        0xc ./Src/main.o
 .group         0x0000000000000000        0xc ./Src/main.o
 .group         0x0000000000000000        0xc ./Src/main.o
 .group         0x0000000000000000        0xc ./Src/main.o
 .group         0x0000000000000000        0xc ./Src/main.o
 .group         0x0000000000000000        0xc ./Src/main.o
 .group         0x0000000000000000        0xc ./Src/main.o
 .group         0x0000000000000000        0xc ./Src/main.o
 .group         0x0000000000000000        0xc ./Src/main.o
 .group         0x0000000000000000        0xc ./Src/main.o
 .group         0x0000000000000000        0xc ./Src/main.o
 .text          0x0000000000000000        0x0 ./Src/main.o
 .data          0x0000000000000000        0x0 ./Src/main.o
 .bss           0x0000000000000000        0x0 ./Src/main.o
 .text.delay_btnDeb
                0x0000000000000000       0x2c ./Src/main.o
 .bss.I2C1Handle
                0x0000000000000000       0x28 ./Src/main.o
 .bss.sclGPIO   0x0000000000000000        0xc ./Src/main.o
 .data.some_data
                0x0000000000000000        0x3 ./Src/main.o
 .data.send_data
                0x0000000000000000        0x1 ./Src/main.o
 .text.GPIO_ButtonInit
                0x0000000000000000       0x30 ./Src/main.o
 .text.i2c_read
                0x0000000000000000       0xa4 ./Src/main.o
 .text.i2c_read_nack
                0x0000000000000000       0x9c ./Src/main.o
 .group         0x0000000000000000        0xc ./Src/stm32f407xx_gpio_driver.o
 .group         0x0000000000000000        0xc ./Src/stm32f407xx_gpio_driver.o
 .group         0x0000000000000000        0xc ./Src/stm32f407xx_gpio_driver.o
 .group         0x0000000000000000        0xc ./Src/stm32f407xx_gpio_driver.o
 .group         0x0000000000000000        0xc ./Src/stm32f407xx_gpio_driver.o
 .group         0x0000000000000000        0xc ./Src/stm32f407xx_gpio_driver.o
 .group         0x0000000000000000        0xc ./Src/stm32f407xx_gpio_driver.o
 .group         0x0000000000000000        0xc ./Src/stm32f407xx_gpio_driver.o
 .group         0x0000000000000000        0xc ./Src/stm32f407xx_gpio_driver.o
 .group         0x0000000000000000        0xc ./Src/stm32f407xx_gpio_driver.o
 .group         0x0000000000000000        0xc ./Src/stm32f407xx_gpio_driver.o
 .group         0x0000000000000000        0xc ./Src/stm32f407xx_gpio_driver.o
 .group         0x0000000000000000        0xc ./Src/stm32f407xx_gpio_driver.o
 .text          0x0000000000000000        0x0 ./Src/stm32f407xx_gpio_driver.o
 .data          0x0000000000000000        0x0 ./Src/stm32f407xx_gpio_driver.o
 .bss           0x0000000000000000        0x0 ./Src/stm32f407xx_gpio_driver.o
 .text.GPIO_DeInit
                0x0000000000000000      0x16c ./Src/stm32f407xx_gpio_driver.o
 .text.GPIO_ReadFromInputPort
                0x0000000000000000       0x1c ./Src/stm32f407xx_gpio_driver.o
 .text.GPIO_WriteToOutputPort
                0x0000000000000000       0x1e ./Src/stm32f407xx_gpio_driver.o
 .text.GPIO_ToggleOutputPin
                0x0000000000000000       0x2a ./Src/stm32f407xx_gpio_driver.o
 .text.GPIO_IRQInterruptConfig
                0x0000000000000000      0x10c ./Src/stm32f407xx_gpio_driver.o
 .text.GPIO_IRQPriorityConfig
                0x0000000000000000       0x54 ./Src/stm32f407xx_gpio_driver.o
 .text.GPIO_IRQHandling
                0x0000000000000000       0x40 ./Src/stm32f407xx_gpio_driver.o
 .debug_macro   0x0000000000000000      0xa84 ./Src/stm32f407xx_gpio_driver.o
 .debug_macro   0x0000000000000000       0x22 ./Src/stm32f407xx_gpio_driver.o
 .debug_macro   0x0000000000000000      0x103 ./Src/stm32f407xx_gpio_driver.o
 .debug_macro   0x0000000000000000       0x6a ./Src/stm32f407xx_gpio_driver.o
 .debug_macro   0x0000000000000000      0x1df ./Src/stm32f407xx_gpio_driver.o
 .debug_macro   0x0000000000000000      0x674 ./Src/stm32f407xx_gpio_driver.o
 .debug_macro   0x0000000000000000       0xd6 ./Src/stm32f407xx_gpio_driver.o
 .debug_macro   0x0000000000000000      0x106 ./Src/stm32f407xx_gpio_driver.o
 .debug_macro   0x0000000000000000       0xc4 ./Src/stm32f407xx_gpio_driver.o
 .group         0x0000000000000000        0xc ./Src/stm32f407xx_i2c_driver.o
 .group         0x0000000000000000        0xc ./Src/stm32f407xx_i2c_driver.o
 .group         0x0000000000000000        0xc ./Src/stm32f407xx_i2c_driver.o
 .group         0x0000000000000000        0xc ./Src/stm32f407xx_i2c_driver.o
 .group         0x0000000000000000        0xc ./Src/stm32f407xx_i2c_driver.o
 .group         0x0000000000000000        0xc ./Src/stm32f407xx_i2c_driver.o
 .group         0x0000000000000000        0xc ./Src/stm32f407xx_i2c_driver.o
 .group         0x0000000000000000        0xc ./Src/stm32f407xx_i2c_driver.o
 .group         0x0000000000000000        0xc ./Src/stm32f407xx_i2c_driver.o
 .group         0x0000000000000000        0xc ./Src/stm32f407xx_i2c_driver.o
 .group         0x0000000000000000        0xc ./Src/stm32f407xx_i2c_driver.o
 .group         0x0000000000000000        0xc ./Src/stm32f407xx_i2c_driver.o
 .group         0x0000000000000000        0xc ./Src/stm32f407xx_i2c_driver.o
 .text          0x0000000000000000        0x0 ./Src/stm32f407xx_i2c_driver.o
 .data          0x0000000000000000        0x0 ./Src/stm32f407xx_i2c_driver.o
 .bss           0x0000000000000000        0x0 ./Src/stm32f407xx_i2c_driver.o
 .text.I2C_GenerateStartCondition
                0x0000000000000000       0x20 ./Src/stm32f407xx_i2c_driver.o
 .text.I2C_ExecuteAddressPhaseWrite
                0x0000000000000000       0x2c ./Src/stm32f407xx_i2c_driver.o
 .text.I2C_ExecuteAddressPhaseRead
                0x0000000000000000       0x2c ./Src/stm32f407xx_i2c_driver.o
 .text.I2C_ClearADDRFlag
                0x0000000000000000       0x6e ./Src/stm32f407xx_i2c_driver.o
 .text.I2C_GenerateStopCondition
                0x0000000000000000       0x20 ./Src/stm32f407xx_i2c_driver.o
 .text.I2C_SlaveEnableDisableCallbackEvents
                0x0000000000000000       0x68 ./Src/stm32f407xx_i2c_driver.o
 .text.I2C_PeripheralControl
                0x0000000000000000       0x38 ./Src/stm32f407xx_i2c_driver.o
 .text.I2C_PeriClockControl
                0x0000000000000000       0x70 ./Src/stm32f407xx_i2c_driver.o
 .text.I2C_Init
                0x0000000000000000      0x164 ./Src/stm32f407xx_i2c_driver.o
 .text.I2C_DeInit
                0x0000000000000000       0x14 ./Src/stm32f407xx_i2c_driver.o
 .text.I2C_GetFlagStatus
                0x0000000000000000       0x28 ./Src/stm32f407xx_i2c_driver.o
 .text.I2C_MasterSendData
                0x0000000000000000       0xc6 ./Src/stm32f407xx_i2c_driver.o
 .text.I2C_MasterReceiveData
                0x0000000000000000      0x124 ./Src/stm32f407xx_i2c_driver.o
 .text.I2C_ManageAcking
                0x0000000000000000       0x38 ./Src/stm32f407xx_i2c_driver.o
 .text.I2C_IRQInterruptConfig
                0x0000000000000000      0x10c ./Src/stm32f407xx_i2c_driver.o
 .text.I2C_IRQPriorityConfig
                0x0000000000000000       0x54 ./Src/stm32f407xx_i2c_driver.o
 .text.I2C_MasterSendDataIT
                0x0000000000000000       0x86 ./Src/stm32f407xx_i2c_driver.o
 .text.I2C_MasterReceiveDataIT
                0x0000000000000000       0x94 ./Src/stm32f407xx_i2c_driver.o
 .text.I2C_MasterHandleTXEInterrupt
                0x0000000000000000       0x3c ./Src/stm32f407xx_i2c_driver.o
 .text.I2C_MasterHandleRXNEInterrupt
                0x0000000000000000       0x98 ./Src/stm32f407xx_i2c_driver.o
 .text.I2C_CloseReceiveData
                0x0000000000000000       0x5c ./Src/stm32f407xx_i2c_driver.o
 .text.I2C_CloseSendData
                0x0000000000000000       0x46 ./Src/stm32f407xx_i2c_driver.o
 .text.I2C_SlaveSendData
                0x0000000000000000       0x1e ./Src/stm32f407xx_i2c_driver.o
 .text.I2C_SlaveReceiveData
                0x0000000000000000       0x1a ./Src/stm32f407xx_i2c_driver.o
 .text.I2C_EV_IRQHandling
                0x0000000000000000      0x1b8 ./Src/stm32f407xx_i2c_driver.o
 .text.I2C_ER_IRQHandling
                0x0000000000000000      0x10c ./Src/stm32f407xx_i2c_driver.o
 .debug_info    0x0000000000000000      0xad6 ./Src/stm32f407xx_i2c_driver.o
 .debug_abbrev  0x0000000000000000      0x25b ./Src/stm32f407xx_i2c_driver.o
 .debug_aranges
                0x0000000000000000       0xe8 ./Src/stm32f407xx_i2c_driver.o
 .debug_ranges  0x0000000000000000       0xd8 ./Src/stm32f407xx_i2c_driver.o
 .debug_macro   0x0000000000000000       0xc2 ./Src/stm32f407xx_i2c_driver.o
 .debug_macro   0x0000000000000000      0xa84 ./Src/stm32f407xx_i2c_driver.o
 .debug_macro   0x0000000000000000      0x174 ./Src/stm32f407xx_i2c_driver.o
 .debug_macro   0x0000000000000000       0x22 ./Src/stm32f407xx_i2c_driver.o
 .debug_macro   0x0000000000000000       0x8e ./Src/stm32f407xx_i2c_driver.o
 .debug_macro   0x0000000000000000       0x51 ./Src/stm32f407xx_i2c_driver.o
 .debug_macro   0x0000000000000000      0x103 ./Src/stm32f407xx_i2c_driver.o
 .debug_macro   0x0000000000000000       0x6a ./Src/stm32f407xx_i2c_driver.o
 .debug_macro   0x0000000000000000      0x1df ./Src/stm32f407xx_i2c_driver.o
 .debug_macro   0x0000000000000000      0x674 ./Src/stm32f407xx_i2c_driver.o
 .debug_macro   0x0000000000000000       0xc4 ./Src/stm32f407xx_i2c_driver.o
 .debug_macro   0x0000000000000000       0xc4 ./Src/stm32f407xx_i2c_driver.o
 .debug_macro   0x0000000000000000      0x106 ./Src/stm32f407xx_i2c_driver.o
 .debug_macro   0x0000000000000000       0xd0 ./Src/stm32f407xx_i2c_driver.o
 .debug_line    0x0000000000000000      0xca6 ./Src/stm32f407xx_i2c_driver.o
 .debug_str     0x0000000000000000     0x6bfb ./Src/stm32f407xx_i2c_driver.o
 .comment       0x0000000000000000       0x51 ./Src/stm32f407xx_i2c_driver.o
 .debug_frame   0x0000000000000000      0x3f8 ./Src/stm32f407xx_i2c_driver.o
 .ARM.attributes
                0x0000000000000000       0x34 ./Src/stm32f407xx_i2c_driver.o
 .group         0x0000000000000000        0xc ./Src/stm32f407xx_rcc_driver.o
 .group         0x0000000000000000        0xc ./Src/stm32f407xx_rcc_driver.o
 .group         0x0000000000000000        0xc ./Src/stm32f407xx_rcc_driver.o
 .group         0x0000000000000000        0xc ./Src/stm32f407xx_rcc_driver.o
 .group         0x0000000000000000        0xc ./Src/stm32f407xx_rcc_driver.o
 .group         0x0000000000000000        0xc ./Src/stm32f407xx_rcc_driver.o
 .group         0x0000000000000000        0xc ./Src/stm32f407xx_rcc_driver.o
 .group         0x0000000000000000        0xc ./Src/stm32f407xx_rcc_driver.o
 .group         0x0000000000000000        0xc ./Src/stm32f407xx_rcc_driver.o
 .group         0x0000000000000000        0xc ./Src/stm32f407xx_rcc_driver.o
 .group         0x0000000000000000        0xc ./Src/stm32f407xx_rcc_driver.o
 .group         0x0000000000000000        0xc ./Src/stm32f407xx_rcc_driver.o
 .group         0x0000000000000000        0xc ./Src/stm32f407xx_rcc_driver.o
 .text          0x0000000000000000        0x0 ./Src/stm32f407xx_rcc_driver.o
 .data          0x0000000000000000        0x0 ./Src/stm32f407xx_rcc_driver.o
 .bss           0x0000000000000000        0x0 ./Src/stm32f407xx_rcc_driver.o
 .data.AHB_PreScaler
                0x0000000000000000       0x10 ./Src/stm32f407xx_rcc_driver.o
 .data.APB1_PreScaler
                0x0000000000000000        0x4 ./Src/stm32f407xx_rcc_driver.o
 .text.RCC_GetPCLK1Value
                0x0000000000000000       0xb0 ./Src/stm32f407xx_rcc_driver.o
 .text.RCC_GetPCLK2Value
                0x0000000000000000       0xa0 ./Src/stm32f407xx_rcc_driver.o
 .text.RCC_GetPLLOutputClock
                0x0000000000000000       0x10 ./Src/stm32f407xx_rcc_driver.o
 .debug_info    0x0000000000000000      0x3e3 ./Src/stm32f407xx_rcc_driver.o
 .debug_abbrev  0x0000000000000000      0x111 ./Src/stm32f407xx_rcc_driver.o
 .debug_aranges
                0x0000000000000000       0x30 ./Src/stm32f407xx_rcc_driver.o
 .debug_ranges  0x0000000000000000       0x20 ./Src/stm32f407xx_rcc_driver.o
 .debug_macro   0x0000000000000000       0xbc ./Src/stm32f407xx_rcc_driver.o
 .debug_macro   0x0000000000000000      0xa84 ./Src/stm32f407xx_rcc_driver.o
 .debug_macro   0x0000000000000000      0x174 ./Src/stm32f407xx_rcc_driver.o
 .debug_macro   0x0000000000000000       0x22 ./Src/stm32f407xx_rcc_driver.o
 .debug_macro   0x0000000000000000       0x8e ./Src/stm32f407xx_rcc_driver.o
 .debug_macro   0x0000000000000000       0x51 ./Src/stm32f407xx_rcc_driver.o
 .debug_macro   0x0000000000000000      0x103 ./Src/stm32f407xx_rcc_driver.o
 .debug_macro   0x0000000000000000       0x6a ./Src/stm32f407xx_rcc_driver.o
 .debug_macro   0x0000000000000000      0x1df ./Src/stm32f407xx_rcc_driver.o
 .debug_macro   0x0000000000000000      0x674 ./Src/stm32f407xx_rcc_driver.o
 .debug_macro   0x0000000000000000       0xc4 ./Src/stm32f407xx_rcc_driver.o
 .debug_macro   0x0000000000000000       0xc4 ./Src/stm32f407xx_rcc_driver.o
 .debug_macro   0x0000000000000000       0xd6 ./Src/stm32f407xx_rcc_driver.o
 .debug_macro   0x0000000000000000      0x106 ./Src/stm32f407xx_rcc_driver.o
 .debug_line    0x0000000000000000      0x518 ./Src/stm32f407xx_rcc_driver.o
 .debug_str     0x0000000000000000     0x68bf ./Src/stm32f407xx_rcc_driver.o
 .comment       0x0000000000000000       0x51 ./Src/stm32f407xx_rcc_driver.o
 .debug_frame   0x0000000000000000       0x7c ./Src/stm32f407xx_rcc_driver.o
 .ARM.attributes
                0x0000000000000000       0x34 ./Src/stm32f407xx_rcc_driver.o
 .group         0x0000000000000000        0xc ./Src/stm32f407xx_spi_driver.o
 .group         0x0000000000000000        0xc ./Src/stm32f407xx_spi_driver.o
 .group         0x0000000000000000        0xc ./Src/stm32f407xx_spi_driver.o
 .group         0x0000000000000000        0xc ./Src/stm32f407xx_spi_driver.o
 .group         0x0000000000000000        0xc ./Src/stm32f407xx_spi_driver.o
 .group         0x0000000000000000        0xc ./Src/stm32f407xx_spi_driver.o
 .group         0x0000000000000000        0xc ./Src/stm32f407xx_spi_driver.o
 .group         0x0000000000000000        0xc ./Src/stm32f407xx_spi_driver.o
 .group         0x0000000000000000        0xc ./Src/stm32f407xx_spi_driver.o
 .group         0x0000000000000000        0xc ./Src/stm32f407xx_spi_driver.o
 .group         0x0000000000000000        0xc ./Src/stm32f407xx_spi_driver.o
 .group         0x0000000000000000        0xc ./Src/stm32f407xx_spi_driver.o
 .group         0x0000000000000000        0xc ./Src/stm32f407xx_spi_driver.o
 .text          0x0000000000000000        0x0 ./Src/stm32f407xx_spi_driver.o
 .data          0x0000000000000000        0x0 ./Src/stm32f407xx_spi_driver.o
 .bss           0x0000000000000000        0x0 ./Src/stm32f407xx_spi_driver.o
 .text.SPI_PeriClockControl
                0x0000000000000000       0x70 ./Src/stm32f407xx_spi_driver.o
 .text.SPI_Init
                0x0000000000000000       0xb6 ./Src/stm32f407xx_spi_driver.o
 .text.SPI_DeInit
                0x0000000000000000       0x14 ./Src/stm32f407xx_spi_driver.o
 .text.SPI_GetFlagStatus
                0x0000000000000000       0x28 ./Src/stm32f407xx_spi_driver.o
 .text.SPI_SendData
                0x0000000000000000       0x6e ./Src/stm32f407xx_spi_driver.o
 .text.SPI_ReceiveData
                0x0000000000000000       0x6e ./Src/stm32f407xx_spi_driver.o
 .text.SPI_PeripheralControl
                0x0000000000000000       0x38 ./Src/stm32f407xx_spi_driver.o
 .text.SPI_SSIConfig
                0x0000000000000000       0x38 ./Src/stm32f407xx_spi_driver.o
 .text.SPI_SSOEConfig
                0x0000000000000000       0x38 ./Src/stm32f407xx_spi_driver.o
 .text.SPI_IRQInterruptConfig
                0x0000000000000000      0x10c ./Src/stm32f407xx_spi_driver.o
 .text.SPI_IRQPriorityConfig
                0x0000000000000000       0x54 ./Src/stm32f407xx_spi_driver.o
 .text.SPI_SendDataIT
                0x0000000000000000       0x48 ./Src/stm32f407xx_spi_driver.o
 .text.SPI_ReceiveDataIT
                0x0000000000000000       0x48 ./Src/stm32f407xx_spi_driver.o
 .text.SPI_IRQHandling
                0x0000000000000000       0x9a ./Src/stm32f407xx_spi_driver.o
 .text.spi_txe_interrupt_handle
                0x0000000000000000       0x80 ./Src/stm32f407xx_spi_driver.o
 .text.spi_rxne_interrupt_handle
                0x0000000000000000       0x84 ./Src/stm32f407xx_spi_driver.o
 .text.spi_ovr_err_interrupt_handle
                0x0000000000000000       0x30 ./Src/stm32f407xx_spi_driver.o
 .text.SPI_CloseTransmisson
                0x0000000000000000       0x36 ./Src/stm32f407xx_spi_driver.o
 .text.SPI_CloseReception
                0x0000000000000000       0x36 ./Src/stm32f407xx_spi_driver.o
 .text.SPI_ClearOVRFlag
                0x0000000000000000       0x20 ./Src/stm32f407xx_spi_driver.o
 .text.SPI_ApplicationEventCallback
                0x0000000000000000       0x18 ./Src/stm32f407xx_spi_driver.o
 .debug_info    0x0000000000000000      0x907 ./Src/stm32f407xx_spi_driver.o
 .debug_abbrev  0x0000000000000000      0x1d5 ./Src/stm32f407xx_spi_driver.o
 .debug_aranges
                0x0000000000000000       0xc0 ./Src/stm32f407xx_spi_driver.o
 .debug_ranges  0x0000000000000000       0xb0 ./Src/stm32f407xx_spi_driver.o
 .debug_macro   0x0000000000000000       0xc2 ./Src/stm32f407xx_spi_driver.o
 .debug_macro   0x0000000000000000      0xa84 ./Src/stm32f407xx_spi_driver.o
 .debug_macro   0x0000000000000000      0x174 ./Src/stm32f407xx_spi_driver.o
 .debug_macro   0x0000000000000000       0x22 ./Src/stm32f407xx_spi_driver.o
 .debug_macro   0x0000000000000000       0x8e ./Src/stm32f407xx_spi_driver.o
 .debug_macro   0x0000000000000000       0x51 ./Src/stm32f407xx_spi_driver.o
 .debug_macro   0x0000000000000000      0x103 ./Src/stm32f407xx_spi_driver.o
 .debug_macro   0x0000000000000000       0x6a ./Src/stm32f407xx_spi_driver.o
 .debug_macro   0x0000000000000000      0x1df ./Src/stm32f407xx_spi_driver.o
 .debug_macro   0x0000000000000000      0x674 ./Src/stm32f407xx_spi_driver.o
 .debug_macro   0x0000000000000000       0xc4 ./Src/stm32f407xx_spi_driver.o
 .debug_macro   0x0000000000000000       0xd6 ./Src/stm32f407xx_spi_driver.o
 .debug_macro   0x0000000000000000      0x106 ./Src/stm32f407xx_spi_driver.o
 .debug_macro   0x0000000000000000       0xbe ./Src/stm32f407xx_spi_driver.o
 .debug_line    0x0000000000000000      0x93b ./Src/stm32f407xx_spi_driver.o
 .debug_str     0x0000000000000000     0x6b0a ./Src/stm32f407xx_spi_driver.o
 .comment       0x0000000000000000       0x51 ./Src/stm32f407xx_spi_driver.o
 .debug_frame   0x0000000000000000      0x33c ./Src/stm32f407xx_spi_driver.o
 .ARM.attributes
                0x0000000000000000       0x34 ./Src/stm32f407xx_spi_driver.o
 .group         0x0000000000000000        0xc ./Src/stm32f407xx_usart_driver.o
 .group         0x0000000000000000        0xc ./Src/stm32f407xx_usart_driver.o
 .group         0x0000000000000000        0xc ./Src/stm32f407xx_usart_driver.o
 .group         0x0000000000000000        0xc ./Src/stm32f407xx_usart_driver.o
 .group         0x0000000000000000        0xc ./Src/stm32f407xx_usart_driver.o
 .group         0x0000000000000000        0xc ./Src/stm32f407xx_usart_driver.o
 .group         0x0000000000000000        0xc ./Src/stm32f407xx_usart_driver.o
 .group         0x0000000000000000        0xc ./Src/stm32f407xx_usart_driver.o
 .group         0x0000000000000000        0xc ./Src/stm32f407xx_usart_driver.o
 .group         0x0000000000000000        0xc ./Src/stm32f407xx_usart_driver.o
 .group         0x0000000000000000        0xc ./Src/stm32f407xx_usart_driver.o
 .group         0x0000000000000000        0xc ./Src/stm32f407xx_usart_driver.o
 .group         0x0000000000000000        0xc ./Src/stm32f407xx_usart_driver.o
 .text          0x0000000000000000        0x0 ./Src/stm32f407xx_usart_driver.o
 .data          0x0000000000000000        0x0 ./Src/stm32f407xx_usart_driver.o
 .bss           0x0000000000000000        0x0 ./Src/stm32f407xx_usart_driver.o
 .text.USART_SetBaudRate
                0x0000000000000000       0xe4 ./Src/stm32f407xx_usart_driver.o
 .text.USART_Init
                0x0000000000000000      0x106 ./Src/stm32f407xx_usart_driver.o
 .text.USART_PeripheralControl
                0x0000000000000000       0x38 ./Src/stm32f407xx_usart_driver.o
 .text.USART_PeriClockControl
                0x0000000000000000       0x88 ./Src/stm32f407xx_usart_driver.o
 .text.USART_GetFlagStatus
                0x0000000000000000       0x2a ./Src/stm32f407xx_usart_driver.o
 .text.USART_SendData
                0x0000000000000000       0x9c ./Src/stm32f407xx_usart_driver.o
 .text.USART_ReceiveData
                0x0000000000000000       0xb0 ./Src/stm32f407xx_usart_driver.o
 .text.USART_SendDataIT
                0x0000000000000000       0x5c ./Src/stm32f407xx_usart_driver.o
 .text.USART_ReceiveDataIT
                0x0000000000000000       0x52 ./Src/stm32f407xx_usart_driver.o
 .text.USART_ClearFlag
                0x0000000000000000       0x26 ./Src/stm32f407xx_usart_driver.o
 .text.USART_IRQInterruptConfig
                0x0000000000000000      0x10c ./Src/stm32f407xx_usart_driver.o
 .text.USART_IRQPriorityConfig
                0x0000000000000000       0x54 ./Src/stm32f407xx_usart_driver.o
 .text.USART_IRQHandling
                0x0000000000000000      0x344 ./Src/stm32f407xx_usart_driver.o
 .text.USART_ApplicationEventCallback
                0x0000000000000000       0x18 ./Src/stm32f407xx_usart_driver.o
 .debug_info    0x0000000000000000      0x87f ./Src/stm32f407xx_usart_driver.o
 .debug_abbrev  0x0000000000000000      0x1fd ./Src/stm32f407xx_usart_driver.o
 .debug_aranges
                0x0000000000000000       0x88 ./Src/stm32f407xx_usart_driver.o
 .debug_ranges  0x0000000000000000       0x78 ./Src/stm32f407xx_usart_driver.o
 .debug_macro   0x0000000000000000       0xc2 ./Src/stm32f407xx_usart_driver.o
 .debug_macro   0x0000000000000000      0xa84 ./Src/stm32f407xx_usart_driver.o
 .debug_macro   0x0000000000000000      0x174 ./Src/stm32f407xx_usart_driver.o
 .debug_macro   0x0000000000000000       0x22 ./Src/stm32f407xx_usart_driver.o
 .debug_macro   0x0000000000000000       0x8e ./Src/stm32f407xx_usart_driver.o
 .debug_macro   0x0000000000000000       0x51 ./Src/stm32f407xx_usart_driver.o
 .debug_macro   0x0000000000000000      0x103 ./Src/stm32f407xx_usart_driver.o
 .debug_macro   0x0000000000000000       0x6a ./Src/stm32f407xx_usart_driver.o
 .debug_macro   0x0000000000000000      0x1df ./Src/stm32f407xx_usart_driver.o
 .debug_macro   0x0000000000000000      0x674 ./Src/stm32f407xx_usart_driver.o
 .debug_macro   0x0000000000000000       0xc4 ./Src/stm32f407xx_usart_driver.o
 .debug_macro   0x0000000000000000       0xc4 ./Src/stm32f407xx_usart_driver.o
 .debug_macro   0x0000000000000000       0xd6 ./Src/stm32f407xx_usart_driver.o
 .debug_macro   0x0000000000000000      0x100 ./Src/stm32f407xx_usart_driver.o
 .debug_line    0x0000000000000000      0xa6d ./Src/stm32f407xx_usart_driver.o
 .debug_str     0x0000000000000000     0x6af4 ./Src/stm32f407xx_usart_driver.o
 .comment       0x0000000000000000       0x51 ./Src/stm32f407xx_usart_driver.o
 .debug_frame   0x0000000000000000      0x230 ./Src/stm32f407xx_usart_driver.o
 .ARM.attributes
                0x0000000000000000       0x34 ./Src/stm32f407xx_usart_driver.o
 .group         0x0000000000000000        0xc ./Src/syscalls.o
 .group         0x0000000000000000        0xc ./Src/syscalls.o
 .group         0x0000000000000000        0xc ./Src/syscalls.o
 .group         0x0000000000000000        0xc ./Src/syscalls.o
 .group         0x0000000000000000        0xc ./Src/syscalls.o
 .group         0x0000000000000000        0xc ./Src/syscalls.o
 .group         0x0000000000000000        0xc ./Src/syscalls.o
 .group         0x0000000000000000        0xc ./Src/syscalls.o
 .group         0x0000000000000000        0xc ./Src/syscalls.o
 .group         0x0000000000000000        0xc ./Src/syscalls.o
 .group         0x0000000000000000        0xc ./Src/syscalls.o
 .group         0x0000000000000000        0xc ./Src/syscalls.o
 .group         0x0000000000000000        0xc ./Src/syscalls.o
 .group         0x0000000000000000        0xc ./Src/syscalls.o
 .group         0x0000000000000000        0xc ./Src/syscalls.o
 .group         0x0000000000000000        0xc ./Src/syscalls.o
 .group         0x0000000000000000        0xc ./Src/syscalls.o
 .group         0x0000000000000000        0xc ./Src/syscalls.o
 .group         0x0000000000000000        0xc ./Src/syscalls.o
 .group         0x0000000000000000        0xc ./Src/syscalls.o
 .group         0x0000000000000000        0xc ./Src/syscalls.o
 .group         0x0000000000000000        0xc ./Src/syscalls.o
 .group         0x0000000000000000        0xc ./Src/syscalls.o
 .group         0x0000000000000000        0xc ./Src/syscalls.o
 .group         0x0000000000000000        0xc ./Src/syscalls.o
 .group         0x0000000000000000        0xc ./Src/syscalls.o
 .group         0x0000000000000000        0xc ./Src/syscalls.o
 .group         0x0000000000000000        0xc ./Src/syscalls.o
 .group         0x0000000000000000        0xc ./Src/syscalls.o
 .group         0x0000000000000000        0xc ./Src/syscalls.o
 .group         0x0000000000000000        0xc ./Src/syscalls.o
 .group         0x0000000000000000        0xc ./Src/syscalls.o
 .group         0x0000000000000000        0xc ./Src/syscalls.o
 .group         0x0000000000000000        0xc ./Src/syscalls.o
 .group         0x0000000000000000        0xc ./Src/syscalls.o
 .group         0x0000000000000000        0xc ./Src/syscalls.o
 .group         0x0000000000000000        0xc ./Src/syscalls.o
 .group         0x0000000000000000        0xc ./Src/syscalls.o
 .group         0x0000000000000000        0xc ./Src/syscalls.o
 .group         0x0000000000000000        0xc ./Src/syscalls.o
 .group         0x0000000000000000        0xc ./Src/syscalls.o
 .group         0x0000000000000000        0xc ./Src/syscalls.o
 .group         0x0000000000000000        0xc ./Src/syscalls.o
 .group         0x0000000000000000        0xc ./Src/syscalls.o
 .group         0x0000000000000000        0xc ./Src/syscalls.o
 .group         0x0000000000000000        0xc ./Src/syscalls.o
 .group         0x0000000000000000        0xc ./Src/syscalls.o
 .text          0x0000000000000000        0x0 ./Src/syscalls.o
 .data          0x0000000000000000        0x0 ./Src/syscalls.o
 .bss           0x0000000000000000        0x0 ./Src/syscalls.o
 .bss.__env     0x0000000000000000        0x4 ./Src/syscalls.o
 .data.environ  0x0000000000000000        0x4 ./Src/syscalls.o
 .text.initialise_monitor_handles
                0x0000000000000000        0xe ./Src/syscalls.o
 .text._getpid  0x0000000000000000       0x10 ./Src/syscalls.o
 .text._kill    0x0000000000000000       0x20 ./Src/syscalls.o
 .text._exit    0x0000000000000000       0x14 ./Src/syscalls.o
 .text._read    0x0000000000000000       0x3a ./Src/syscalls.o
 .text._write   0x0000000000000000       0x38 ./Src/syscalls.o
 .text._close   0x0000000000000000       0x18 ./Src/syscalls.o
 .text._fstat   0x0000000000000000       0x20 ./Src/syscalls.o
 .text._isatty  0x0000000000000000       0x16 ./Src/syscalls.o
 .text._lseek   0x0000000000000000       0x1a ./Src/syscalls.o
 .text._open    0x0000000000000000       0x1c ./Src/syscalls.o
 .text._wait    0x0000000000000000       0x1e ./Src/syscalls.o
 .text._unlink  0x0000000000000000       0x1e ./Src/syscalls.o
 .text._times   0x0000000000000000       0x18 ./Src/syscalls.o
 .text._stat    0x0000000000000000       0x20 ./Src/syscalls.o
 .text._link    0x0000000000000000       0x20 ./Src/syscalls.o
 .text._fork    0x0000000000000000       0x16 ./Src/syscalls.o
 .text._execve  0x0000000000000000       0x22 ./Src/syscalls.o
 .debug_info    0x0000000000000000      0x6e0 ./Src/syscalls.o
 .debug_abbrev  0x0000000000000000      0x1b3 ./Src/syscalls.o
 .debug_aranges
                0x0000000000000000       0xa8 ./Src/syscalls.o
 .debug_ranges  0x0000000000000000       0x98 ./Src/syscalls.o
 .debug_macro   0x0000000000000000      0x24c ./Src/syscalls.o
 .debug_macro   0x0000000000000000      0xa84 ./Src/syscalls.o
 .debug_macro   0x0000000000000000       0x22 ./Src/syscalls.o
 .debug_macro   0x0000000000000000       0x4c ./Src/syscalls.o
 .debug_macro   0x0000000000000000       0x1e ./Src/syscalls.o
 .debug_macro   0x0000000000000000       0x94 ./Src/syscalls.o
 .debug_macro   0x0000000000000000       0x3c ./Src/syscalls.o
 .debug_macro   0x0000000000000000       0x34 ./Src/syscalls.o
 .debug_macro   0x0000000000000000       0x57 ./Src/syscalls.o
 .debug_macro   0x0000000000000000      0x174 ./Src/syscalls.o
 .debug_macro   0x0000000000000000      0x341 ./Src/syscalls.o
 .debug_macro   0x0000000000000000       0x16 ./Src/syscalls.o
 .debug_macro   0x0000000000000000       0x43 ./Src/syscalls.o
 .debug_macro   0x0000000000000000       0x34 ./Src/syscalls.o
 .debug_macro   0x0000000000000000       0x10 ./Src/syscalls.o
 .debug_macro   0x0000000000000000       0x58 ./Src/syscalls.o
 .debug_macro   0x0000000000000000       0x71 ./Src/syscalls.o
 .debug_macro   0x0000000000000000       0x1c ./Src/syscalls.o
 .debug_macro   0x0000000000000000      0x12a ./Src/syscalls.o
 .debug_macro   0x0000000000000000       0x10 ./Src/syscalls.o
 .debug_macro   0x0000000000000000       0x35 ./Src/syscalls.o
 .debug_macro   0x0000000000000000       0x10 ./Src/syscalls.o
 .debug_macro   0x0000000000000000       0x10 ./Src/syscalls.o
 .debug_macro   0x0000000000000000       0x10 ./Src/syscalls.o
 .debug_macro   0x0000000000000000       0x6a ./Src/syscalls.o
 .debug_macro   0x0000000000000000       0x1c ./Src/syscalls.o
 .debug_macro   0x0000000000000000       0x52 ./Src/syscalls.o
 .debug_macro   0x0000000000000000       0x22 ./Src/syscalls.o
 .debug_macro   0x0000000000000000       0x10 ./Src/syscalls.o
 .debug_macro   0x0000000000000000       0x52 ./Src/syscalls.o
 .debug_macro   0x0000000000000000       0xd5 ./Src/syscalls.o
 .debug_macro   0x0000000000000000       0x1c ./Src/syscalls.o
 .debug_macro   0x0000000000000000       0x3d ./Src/syscalls.o
 .debug_macro   0x0000000000000000       0x35 ./Src/syscalls.o
 .debug_macro   0x0000000000000000      0x12c ./Src/syscalls.o
 .debug_macro   0x0000000000000000       0x16 ./Src/syscalls.o
 .debug_macro   0x0000000000000000       0x16 ./Src/syscalls.o
 .debug_macro   0x0000000000000000       0x29 ./Src/syscalls.o
 .debug_macro   0x0000000000000000       0x10 ./Src/syscalls.o
 .debug_macro   0x0000000000000000      0x241 ./Src/syscalls.o
 .debug_macro   0x0000000000000000       0x1c ./Src/syscalls.o
 .debug_macro   0x0000000000000000       0x10 ./Src/syscalls.o
 .debug_macro   0x0000000000000000       0x10 ./Src/syscalls.o
 .debug_macro   0x0000000000000000       0x16 ./Src/syscalls.o
 .debug_macro   0x0000000000000000      0x145 ./Src/syscalls.o
 .debug_macro   0x0000000000000000      0x189 ./Src/syscalls.o
 .debug_macro   0x0000000000000000       0x16 ./Src/syscalls.o
 .debug_macro   0x0000000000000000       0xce ./Src/syscalls.o
 .debug_line    0x0000000000000000      0x7ef ./Src/syscalls.o
 .debug_str     0x0000000000000000     0x8a82 ./Src/syscalls.o
 .comment       0x0000000000000000       0x51 ./Src/syscalls.o
 .debug_frame   0x0000000000000000      0x2ac ./Src/syscalls.o
 .ARM.attributes
                0x0000000000000000       0x34 ./Src/syscalls.o
 .group         0x0000000000000000        0xc ./Src/sysmem.o
 .group         0x0000000000000000        0xc ./Src/sysmem.o
 .group         0x0000000000000000        0xc ./Src/sysmem.o
 .group         0x0000000000000000        0xc ./Src/sysmem.o
 .group         0x0000000000000000        0xc ./Src/sysmem.o
 .group         0x0000000000000000        0xc ./Src/sysmem.o
 .group         0x0000000000000000        0xc ./Src/sysmem.o
 .group         0x0000000000000000        0xc ./Src/sysmem.o
 .group         0x0000000000000000        0xc ./Src/sysmem.o
 .group         0x0000000000000000        0xc ./Src/sysmem.o
 .group         0x0000000000000000        0xc ./Src/sysmem.o
 .group         0x0000000000000000        0xc ./Src/sysmem.o
 .group         0x0000000000000000        0xc ./Src/sysmem.o
 .group         0x0000000000000000        0xc ./Src/sysmem.o
 .group         0x0000000000000000        0xc ./Src/sysmem.o
 .group         0x0000000000000000        0xc ./Src/sysmem.o
 .group         0x0000000000000000        0xc ./Src/sysmem.o
 .group         0x0000000000000000        0xc ./Src/sysmem.o
 .group         0x0000000000000000        0xc ./Src/sysmem.o
 .group         0x0000000000000000        0xc ./Src/sysmem.o
 .group         0x0000000000000000        0xc ./Src/sysmem.o
 .group         0x0000000000000000        0xc ./Src/sysmem.o
 .text          0x0000000000000000        0x0 ./Src/sysmem.o
 .data          0x0000000000000000        0x0 ./Src/sysmem.o
 .bss           0x0000000000000000        0x0 ./Src/sysmem.o
 .bss.__sbrk_heap_end
                0x0000000000000000        0x4 ./Src/sysmem.o
 .text._sbrk    0x0000000000000000       0x6c ./Src/sysmem.o
 .debug_info    0x0000000000000000      0x171 ./Src/sysmem.o
 .debug_abbrev  0x0000000000000000       0xbb ./Src/sysmem.o
 .debug_aranges
                0x0000000000000000       0x20 ./Src/sysmem.o
 .debug_ranges  0x0000000000000000       0x10 ./Src/sysmem.o
 .debug_macro   0x0000000000000000       0xff ./Src/sysmem.o
 .debug_macro   0x0000000000000000      0xa84 ./Src/sysmem.o
 .debug_macro   0x0000000000000000       0x10 ./Src/sysmem.o
 .debug_macro   0x0000000000000000       0x22 ./Src/sysmem.o
 .debug_macro   0x0000000000000000       0x4c ./Src/sysmem.o
 .debug_macro   0x0000000000000000       0x1e ./Src/sysmem.o
 .debug_macro   0x0000000000000000       0x94 ./Src/sysmem.o
 .debug_macro   0x0000000000000000       0x3c ./Src/sysmem.o
 .debug_macro   0x0000000000000000       0x34 ./Src/sysmem.o
 .debug_macro   0x0000000000000000      0x174 ./Src/sysmem.o
 .debug_macro   0x0000000000000000       0x16 ./Src/sysmem.o
 .debug_macro   0x0000000000000000       0x43 ./Src/sysmem.o
 .debug_macro   0x0000000000000000       0x57 ./Src/sysmem.o
 .debug_macro   0x0000000000000000       0x34 ./Src/sysmem.o
 .debug_macro   0x0000000000000000       0x10 ./Src/sysmem.o
 .debug_macro   0x0000000000000000       0x58 ./Src/sysmem.o
 .debug_macro   0x0000000000000000       0x71 ./Src/sysmem.o
 .debug_macro   0x0000000000000000       0x1c ./Src/sysmem.o
 .debug_macro   0x0000000000000000      0x12a ./Src/sysmem.o
 .debug_macro   0x0000000000000000      0x23b ./Src/sysmem.o
 .debug_macro   0x0000000000000000      0x103 ./Src/sysmem.o
 .debug_macro   0x0000000000000000       0x6a ./Src/sysmem.o
 .debug_macro   0x0000000000000000      0x1df ./Src/sysmem.o
 .debug_line    0x0000000000000000      0x4e5 ./Src/sysmem.o
 .debug_str     0x0000000000000000     0x5dbe ./Src/sysmem.o
 .comment       0x0000000000000000       0x51 ./Src/sysmem.o
 .debug_frame   0x0000000000000000       0x34 ./Src/sysmem.o
 .ARM.attributes
                0x0000000000000000       0x34 ./Src/sysmem.o
 .text          0x0000000000000000       0x14 ./Startup/startup_stm32f411retx.o
 .data          0x0000000000000000        0x0 ./Startup/startup_stm32f411retx.o
 .bss           0x0000000000000000        0x0 ./Startup/startup_stm32f411retx.o
 .text          0x0000000000000000        0x0 c:/st/stm32cubeide_1.10.1/stm32cubeide/plugins/com.st.stm32cube.ide.mcu.externaltools.gnu-tools-for-stm32.10.3-2021.10.win32_1.0.0.202111181127/tools/bin/../lib/gcc/arm-none-eabi/10.3.1/../../../../arm-none-eabi/lib/thumb/v7e-m+fp/hard\libc_nano.a(lib_a-errno.o)
 .data          0x0000000000000000        0x0 c:/st/stm32cubeide_1.10.1/stm32cubeide/plugins/com.st.stm32cube.ide.mcu.externaltools.gnu-tools-for-stm32.10.3-2021.10.win32_1.0.0.202111181127/tools/bin/../lib/gcc/arm-none-eabi/10.3.1/../../../../arm-none-eabi/lib/thumb/v7e-m+fp/hard\libc_nano.a(lib_a-errno.o)
 .bss           0x0000000000000000        0x0 c:/st/stm32cubeide_1.10.1/stm32cubeide/plugins/com.st.stm32cube.ide.mcu.externaltools.gnu-tools-for-stm32.10.3-2021.10.win32_1.0.0.202111181127/tools/bin/../lib/gcc/arm-none-eabi/10.3.1/../../../../arm-none-eabi/lib/thumb/v7e-m+fp/hard\libc_nano.a(lib_a-errno.o)
 .text.__errno  0x0000000000000000        0xc c:/st/stm32cubeide_1.10.1/stm32cubeide/plugins/com.st.stm32cube.ide.mcu.externaltools.gnu-tools-for-stm32.10.3-2021.10.win32_1.0.0.202111181127/tools/bin/../lib/gcc/arm-none-eabi/10.3.1/../../../../arm-none-eabi/lib/thumb/v7e-m+fp/hard\libc_nano.a(lib_a-errno.o)
 .debug_frame   0x0000000000000000       0x20 c:/st/stm32cubeide_1.10.1/stm32cubeide/plugins/com.st.stm32cube.ide.mcu.externaltools.gnu-tools-for-stm32.10.3-2021.10.win32_1.0.0.202111181127/tools/bin/../lib/gcc/arm-none-eabi/10.3.1/../../../../arm-none-eabi/lib/thumb/v7e-m+fp/hard\libc_nano.a(lib_a-errno.o)
 .ARM.attributes
                0x0000000000000000       0x34 c:/st/stm32cubeide_1.10.1/stm32cubeide/plugins/com.st.stm32cube.ide.mcu.externaltools.gnu-tools-for-stm32.10.3-2021.10.win32_1.0.0.202111181127/tools/bin/../lib/gcc/arm-none-eabi/10.3.1/../../../../arm-none-eabi/lib/thumb/v7e-m+fp/hard\libc_nano.a(lib_a-errno.o)
 .text          0x0000000000000000        0x0 c:/st/stm32cubeide_1.10.1/stm32cubeide/plugins/com.st.stm32cube.ide.mcu.externaltools.gnu-tools-for-stm32.10.3-2021.10.win32_1.0.0.202111181127/tools/bin/../lib/gcc/arm-none-eabi/10.3.1/../../../../arm-none-eabi/lib/thumb/v7e-m+fp/hard\libc_nano.a(lib_a-exit.o)
 .data          0x0000000000000000        0x0 c:/st/stm32cubeide_1.10.1/stm32cubeide/plugins/com.st.stm32cube.ide.mcu.externaltools.gnu-tools-for-stm32.10.3-2021.10.win32_1.0.0.202111181127/tools/bin/../lib/gcc/arm-none-eabi/10.3.1/../../../../arm-none-eabi/lib/thumb/v7e-m+fp/hard\libc_nano.a(lib_a-exit.o)
 .bss           0x0000000000000000        0x0 c:/st/stm32cubeide_1.10.1/stm32cubeide/plugins/com.st.stm32cube.ide.mcu.externaltools.gnu-tools-for-stm32.10.3-2021.10.win32_1.0.0.202111181127/tools/bin/../lib/gcc/arm-none-eabi/10.3.1/../../../../arm-none-eabi/lib/thumb/v7e-m+fp/hard\libc_nano.a(lib_a-exit.o)
 .text.exit     0x0000000000000000       0x28 c:/st/stm32cubeide_1.10.1/stm32cubeide/plugins/com.st.stm32cube.ide.mcu.externaltools.gnu-tools-for-stm32.10.3-2021.10.win32_1.0.0.202111181127/tools/bin/../lib/gcc/arm-none-eabi/10.3.1/../../../../arm-none-eabi/lib/thumb/v7e-m+fp/hard\libc_nano.a(lib_a-exit.o)
 .debug_frame   0x0000000000000000       0x28 c:/st/stm32cubeide_1.10.1/stm32cubeide/plugins/com.st.stm32cube.ide.mcu.externaltools.gnu-tools-for-stm32.10.3-2021.10.win32_1.0.0.202111181127/tools/bin/../lib/gcc/arm-none-eabi/10.3.1/../../../../arm-none-eabi/lib/thumb/v7e-m+fp/hard\libc_nano.a(lib_a-exit.o)
 .ARM.attributes
                0x0000000000000000       0x34 c:/st/stm32cubeide_1.10.1/stm32cubeide/plugins/com.st.stm32cube.ide.mcu.externaltools.gnu-tools-for-stm32.10.3-2021.10.win32_1.0.0.202111181127/tools/bin/../lib/gcc/arm-none-eabi/10.3.1/../../../../arm-none-eabi/lib/thumb/v7e-m+fp/hard\libc_nano.a(lib_a-exit.o)
 .text          0x0000000000000000        0x0 c:/st/stm32cubeide_1.10.1/stm32cubeide/plugins/com.st.stm32cube.ide.mcu.externaltools.gnu-tools-for-stm32.10.3-2021.10.win32_1.0.0.202111181127/tools/bin/../lib/gcc/arm-none-eabi/10.3.1/../../../../arm-none-eabi/lib/thumb/v7e-m+fp/hard\libc_nano.a(lib_a-impure.o)
 .data          0x0000000000000000        0x0 c:/st/stm32cubeide_1.10.1/stm32cubeide/plugins/com.st.stm32cube.ide.mcu.externaltools.gnu-tools-for-stm32.10.3-2021.10.win32_1.0.0.202111181127/tools/bin/../lib/gcc/arm-none-eabi/10.3.1/../../../../arm-none-eabi/lib/thumb/v7e-m+fp/hard\libc_nano.a(lib_a-impure.o)
 .bss           0x0000000000000000        0x0 c:/st/stm32cubeide_1.10.1/stm32cubeide/plugins/com.st.stm32cube.ide.mcu.externaltools.gnu-tools-for-stm32.10.3-2021.10.win32_1.0.0.202111181127/tools/bin/../lib/gcc/arm-none-eabi/10.3.1/../../../../arm-none-eabi/lib/thumb/v7e-m+fp/hard\libc_nano.a(lib_a-impure.o)
 .data._impure_ptr
                0x0000000000000000        0x4 c:/st/stm32cubeide_1.10.1/stm32cubeide/plugins/com.st.stm32cube.ide.mcu.externaltools.gnu-tools-for-stm32.10.3-2021.10.win32_1.0.0.202111181127/tools/bin/../lib/gcc/arm-none-eabi/10.3.1/../../../../arm-none-eabi/lib/thumb/v7e-m+fp/hard\libc_nano.a(lib_a-impure.o)
 .data.impure_data
                0x0000000000000000       0x60 c:/st/stm32cubeide_1.10.1/stm32cubeide/plugins/com.st.stm32cube.ide.mcu.externaltools.gnu-tools-for-stm32.10.3-2021.10.win32_1.0.0.202111181127/tools/bin/../lib/gcc/arm-none-eabi/10.3.1/../../../../arm-none-eabi/lib/thumb/v7e-m+fp/hard\libc_nano.a(lib_a-impure.o)
 .rodata._global_impure_ptr
                0x0000000000000000        0x4 c:/st/stm32cubeide_1.10.1/stm32cubeide/plugins/com.st.stm32cube.ide.mcu.externaltools.gnu-tools-for-stm32.10.3-2021.10.win32_1.0.0.202111181127/tools/bin/../lib/gcc/arm-none-eabi/10.3.1/../../../../arm-none-eabi/lib/thumb/v7e-m+fp/hard\libc_nano.a(lib_a-impure.o)
 .ARM.attributes
                0x0000000000000000       0x34 c:/st/stm32cubeide_1.10.1/stm32cubeide/plugins/com.st.stm32cube.ide.mcu.externaltools.gnu-tools-for-stm32.10.3-2021.10.win32_1.0.0.202111181127/tools/bin/../lib/gcc/arm-none-eabi/10.3.1/../../../../arm-none-eabi/lib/thumb/v7e-m+fp/hard\libc_nano.a(lib_a-impure.o)
 .text          0x0000000000000000        0x0 c:/st/stm32cubeide_1.10.1/stm32cubeide/plugins/com.st.stm32cube.ide.mcu.externaltools.gnu-tools-for-stm32.10.3-2021.10.win32_1.0.0.202111181127/tools/bin/../lib/gcc/arm-none-eabi/10.3.1/../../../../arm-none-eabi/lib/thumb/v7e-m+fp/hard\libc_nano.a(lib_a-init.o)
 .data          0x0000000000000000        0x0 c:/st/stm32cubeide_1.10.1/stm32cubeide/plugins/com.st.stm32cube.ide.mcu.externaltools.gnu-tools-for-stm32.10.3-2021.10.win32_1.0.0.202111181127/tools/bin/../lib/gcc/arm-none-eabi/10.3.1/../../../../arm-none-eabi/lib/thumb/v7e-m+fp/hard\libc_nano.a(lib_a-init.o)
 .bss           0x0000000000000000        0x0 c:/st/stm32cubeide_1.10.1/stm32cubeide/plugins/com.st.stm32cube.ide.mcu.externaltools.gnu-tools-for-stm32.10.3-2021.10.win32_1.0.0.202111181127/tools/bin/../lib/gcc/arm-none-eabi/10.3.1/../../../../arm-none-eabi/lib/thumb/v7e-m+fp/hard\libc_nano.a(lib_a-init.o)
 .text          0x0000000000000000        0x0 c:/st/stm32cubeide_1.10.1/stm32cubeide/plugins/com.st.stm32cube.ide.mcu.externaltools.gnu-tools-for-stm32.10.3-2021.10.win32_1.0.0.202111181127/tools/bin/../lib/gcc/arm-none-eabi/10.3.1/../../../../arm-none-eabi/lib/thumb/v7e-m+fp/hard\libc_nano.a(lib_a-memset.o)
 .data          0x0000000000000000        0x0 c:/st/stm32cubeide_1.10.1/stm32cubeide/plugins/com.st.stm32cube.ide.mcu.externaltools.gnu-tools-for-stm32.10.3-2021.10.win32_1.0.0.202111181127/tools/bin/../lib/gcc/arm-none-eabi/10.3.1/../../../../arm-none-eabi/lib/thumb/v7e-m+fp/hard\libc_nano.a(lib_a-memset.o)
 .bss           0x0000000000000000        0x0 c:/st/stm32cubeide_1.10.1/stm32cubeide/plugins/com.st.stm32cube.ide.mcu.externaltools.gnu-tools-for-stm32.10.3-2021.10.win32_1.0.0.202111181127/tools/bin/../lib/gcc/arm-none-eabi/10.3.1/../../../../arm-none-eabi/lib/thumb/v7e-m+fp/hard\libc_nano.a(lib_a-memset.o)
 .text.memset   0x0000000000000000       0x10 c:/st/stm32cubeide_1.10.1/stm32cubeide/plugins/com.st.stm32cube.ide.mcu.externaltools.gnu-tools-for-stm32.10.3-2021.10.win32_1.0.0.202111181127/tools/bin/../lib/gcc/arm-none-eabi/10.3.1/../../../../arm-none-eabi/lib/thumb/v7e-m+fp/hard\libc_nano.a(lib_a-memset.o)
 .debug_frame   0x0000000000000000       0x20 c:/st/stm32cubeide_1.10.1/stm32cubeide/plugins/com.st.stm32cube.ide.mcu.externaltools.gnu-tools-for-stm32.10.3-2021.10.win32_1.0.0.202111181127/tools/bin/../lib/gcc/arm-none-eabi/10.3.1/../../../../arm-none-eabi/lib/thumb/v7e-m+fp/hard\libc_nano.a(lib_a-memset.o)
 .ARM.attributes
                0x0000000000000000       0x34 c:/st/stm32cubeide_1.10.1/stm32cubeide/plugins/com.st.stm32cube.ide.mcu.externaltools.gnu-tools-for-stm32.10.3-2021.10.win32_1.0.0.202111181127/tools/bin/../lib/gcc/arm-none-eabi/10.3.1/../../../../arm-none-eabi/lib/thumb/v7e-m+fp/hard\libc_nano.a(lib_a-memset.o)
 .text          0x0000000000000000        0x0 c:/st/stm32cubeide_1.10.1/stm32cubeide/plugins/com.st.stm32cube.ide.mcu.externaltools.gnu-tools-for-stm32.10.3-2021.10.win32_1.0.0.202111181127/tools/bin/../lib/gcc/arm-none-eabi/10.3.1/thumb/v7e-m+fp/hard/crtend.o
 .data          0x0000000000000000        0x0 c:/st/stm32cubeide_1.10.1/stm32cubeide/plugins/com.st.stm32cube.ide.mcu.externaltools.gnu-tools-for-stm32.10.3-2021.10.win32_1.0.0.202111181127/tools/bin/../lib/gcc/arm-none-eabi/10.3.1/thumb/v7e-m+fp/hard/crtend.o
 .bss           0x0000000000000000        0x0 c:/st/stm32cubeide_1.10.1/stm32cubeide/plugins/com.st.stm32cube.ide.mcu.externaltools.gnu-tools-for-stm32.10.3-2021.10.win32_1.0.0.202111181127/tools/bin/../lib/gcc/arm-none-eabi/10.3.1/thumb/v7e-m+fp/hard/crtend.o
 .rodata        0x0000000000000000       0x24 c:/st/stm32cubeide_1.10.1/stm32cubeide/plugins/com.st.stm32cube.ide.mcu.externaltools.gnu-tools-for-stm32.10.3-2021.10.win32_1.0.0.202111181127/tools/bin/../lib/gcc/arm-none-eabi/10.3.1/thumb/v7e-m+fp/hard/crtend.o
 .eh_frame      0x0000000000000000        0x4 c:/st/stm32cubeide_1.10.1/stm32cubeide/plugins/com.st.stm32cube.ide.mcu.externaltools.gnu-tools-for-stm32.10.3-2021.10.win32_1.0.0.202111181127/tools/bin/../lib/gcc/arm-none-eabi/10.3.1/thumb/v7e-m+fp/hard/crtend.o
 .ARM.attributes
                0x0000000000000000       0x34 c:/st/stm32cubeide_1.10.1/stm32cubeide/plugins/com.st.stm32cube.ide.mcu.externaltools.gnu-tools-for-stm32.10.3-2021.10.win32_1.0.0.202111181127/tools/bin/../lib/gcc/arm-none-eabi/10.3.1/thumb/v7e-m+fp/hard/crtend.o
 .text          0x0000000000000000        0x0 c:/st/stm32cubeide_1.10.1/stm32cubeide/plugins/com.st.stm32cube.ide.mcu.externaltools.gnu-tools-for-stm32.10.3-2021.10.win32_1.0.0.202111181127/tools/bin/../lib/gcc/arm-none-eabi/10.3.1/thumb/v7e-m+fp/hard/crtn.o
 .data          0x0000000000000000        0x0 c:/st/stm32cubeide_1.10.1/stm32cubeide/plugins/com.st.stm32cube.ide.mcu.externaltools.gnu-tools-for-stm32.10.3-2021.10.win32_1.0.0.202111181127/tools/bin/../lib/gcc/arm-none-eabi/10.3.1/thumb/v7e-m+fp/hard/crtn.o
 .bss           0x0000000000000000        0x0 c:/st/stm32cubeide_1.10.1/stm32cubeide/plugins/com.st.stm32cube.ide.mcu.externaltools.gnu-tools-for-stm32.10.3-2021.10.win32_1.0.0.202111181127/tools/bin/../lib/gcc/arm-none-eabi/10.3.1/thumb/v7e-m+fp/hard/crtn.o

Memory Configuration

Name             Origin             Length             Attributes
RAM              0x0000000020000000 0x0000000000020000 xrw
FLASH            0x0000000008000000 0x0000000000080000 xr
*default*        0x0000000000000000 0xffffffffffffffff

Linker script and memory map

LOAD c:/st/stm32cubeide_1.10.1/stm32cubeide/plugins/com.st.stm32cube.ide.mcu.externaltools.gnu-tools-for-stm32.10.3-2021.10.win32_1.0.0.202111181127/tools/bin/../lib/gcc/arm-none-eabi/10.3.1/thumb/v7e-m+fp/hard/crti.o
LOAD c:/st/stm32cubeide_1.10.1/stm32cubeide/plugins/com.st.stm32cube.ide.mcu.externaltools.gnu-tools-for-stm32.10.3-2021.10.win32_1.0.0.202111181127/tools/bin/../lib/gcc/arm-none-eabi/10.3.1/thumb/v7e-m+fp/hard/crtbegin.o
LOAD c:/st/stm32cubeide_1.10.1/stm32cubeide/plugins/com.st.stm32cube.ide.mcu.externaltools.gnu-tools-for-stm32.10.3-2021.10.win32_1.0.0.202111181127/tools/bin/../lib/gcc/arm-none-eabi/10.3.1/../../../../arm-none-eabi/lib/thumb/v7e-m+fp/hard/crt0.o
LOAD ./Src/main.o
LOAD ./Src/stm32f407xx_gpio_driver.o
LOAD ./Src/stm32f407xx_i2c_driver.o
LOAD ./Src/stm32f407xx_rcc_driver.o
LOAD ./Src/stm32f407xx_spi_driver.o
LOAD ./Src/stm32f407xx_usart_driver.o
LOAD ./Src/syscalls.o
LOAD ./Src/sysmem.o
LOAD ./Startup/startup_stm32f411retx.o
START GROUP
LOAD c:/st/stm32cubeide_1.10.1/stm32cubeide/plugins/com.st.stm32cube.ide.mcu.externaltools.gnu-tools-for-stm32.10.3-2021.10.win32_1.0.0.202111181127/tools/bin/../lib/gcc/arm-none-eabi/10.3.1/../../../../arm-none-eabi/lib/thumb/v7e-m+fp/hard\libc_nano.a
LOAD c:/st/stm32cubeide_1.10.1/stm32cubeide/plugins/com.st.stm32cube.ide.mcu.externaltools.gnu-tools-for-stm32.10.3-2021.10.win32_1.0.0.202111181127/tools/bin/../lib/gcc/arm-none-eabi/10.3.1/../../../../arm-none-eabi/lib/thumb/v7e-m+fp/hard\libm.a
END GROUP
START GROUP
LOAD c:/st/stm32cubeide_1.10.1/stm32cubeide/plugins/com.st.stm32cube.ide.mcu.externaltools.gnu-tools-for-stm32.10.3-2021.10.win32_1.0.0.202111181127/tools/bin/../lib/gcc/arm-none-eabi/10.3.1/thumb/v7e-m+fp/hard\libgcc.a
LOAD c:/st/stm32cubeide_1.10.1/stm32cubeide/plugins/com.st.stm32cube.ide.mcu.externaltools.gnu-tools-for-stm32.10.3-2021.10.win32_1.0.0.202111181127/tools/bin/../lib/gcc/arm-none-eabi/10.3.1/../../../../arm-none-eabi/lib/thumb/v7e-m+fp/hard\libc_nano.a
END GROUP
START GROUP
LOAD c:/st/stm32cubeide_1.10.1/stm32cubeide/plugins/com.st.stm32cube.ide.mcu.externaltools.gnu-tools-for-stm32.10.3-2021.10.win32_1.0.0.202111181127/tools/bin/../lib/gcc/arm-none-eabi/10.3.1/thumb/v7e-m+fp/hard\libgcc.a
LOAD c:/st/stm32cubeide_1.10.1/stm32cubeide/plugins/com.st.stm32cube.ide.mcu.externaltools.gnu-tools-for-stm32.10.3-2021.10.win32_1.0.0.202111181127/tools/bin/../lib/gcc/arm-none-eabi/10.3.1/../../../../arm-none-eabi/lib/thumb/v7e-m+fp/hard\libc_nano.a
LOAD c:/st/stm32cubeide_1.10.1/stm32cubeide/plugins/com.st.stm32cube.ide.mcu.externaltools.gnu-tools-for-stm32.10.3-2021.10.win32_1.0.0.202111181127/tools/bin/../lib/gcc/arm-none-eabi/10.3.1/../../../../arm-none-eabi/lib/thumb/v7e-m+fp/hard\libnosys.a
END GROUP
START GROUP
LOAD c:/st/stm32cubeide_1.10.1/stm32cubeide/plugins/com.st.stm32cube.ide.mcu.externaltools.gnu-tools-for-stm32.10.3-2021.10.win32_1.0.0.202111181127/tools/bin/../lib/gcc/arm-none-eabi/10.3.1/thumb/v7e-m+fp/hard\libgcc.a
LOAD c:/st/stm32cubeide_1.10.1/stm32cubeide/plugins/com.st.stm32cube.ide.mcu.externaltools.gnu-tools-for-stm32.10.3-2021.10.win32_1.0.0.202111181127/tools/bin/../lib/gcc/arm-none-eabi/10.3.1/../../../../arm-none-eabi/lib/thumb/v7e-m+fp/hard\libc_nano.a
LOAD c:/st/stm32cubeide_1.10.1/stm32cubeide/plugins/com.st.stm32cube.ide.mcu.externaltools.gnu-tools-for-stm32.10.3-2021.10.win32_1.0.0.202111181127/tools/bin/../lib/gcc/arm-none-eabi/10.3.1/../../../../arm-none-eabi/lib/thumb/v7e-m+fp/hard\libnosys.a
END GROUP
LOAD c:/st/stm32cubeide_1.10.1/stm32cubeide/plugins/com.st.stm32cube.ide.mcu.externaltools.gnu-tools-for-stm32.10.3-2021.10.win32_1.0.0.202111181127/tools/bin/../lib/gcc/arm-none-eabi/10.3.1/thumb/v7e-m+fp/hard/crtend.o
LOAD c:/st/stm32cubeide_1.10.1/stm32cubeide/plugins/com.st.stm32cube.ide.mcu.externaltools.gnu-tools-for-stm32.10.3-2021.10.win32_1.0.0.202111181127/tools/bin/../lib/gcc/arm-none-eabi/10.3.1/thumb/v7e-m+fp/hard/crtn.o
                0x0000000020020000                _estack = (ORIGIN (RAM) + LENGTH (RAM))
                0x0000000000000200                _Min_Heap_Size = 0x200
                0x0000000000000400                _Min_Stack_Size = 0x400

.isr_vector     0x0000000008000000      0x198
                0x0000000008000000                . = ALIGN (0x4)
 *(.isr_vector)
 .isr_vector    0x0000000008000000      0x198 ./Startup/startup_stm32f411retx.o
                0x0000000008000000                g_pfnVectors
                0x0000000008000198                . = ALIGN (0x4)

.text           0x0000000008000198      0x7bc
                0x0000000008000198                . = ALIGN (0x4)
 *(.text)
 .text          0x0000000008000198       0x40 c:/st/stm32cubeide_1.10.1/stm32cubeide/plugins/com.st.stm32cube.ide.mcu.externaltools.gnu-tools-for-stm32.10.3-2021.10.win32_1.0.0.202111181127/tools/bin/../lib/gcc/arm-none-eabi/10.3.1/thumb/v7e-m+fp/hard/crtbegin.o
 *(.text*)
 .text.delay    0x00000000080001d8       0x2c ./Src/main.o
                0x00000000080001d8                delay
 .text.reverse_IO
                0x0000000008000204       0x2e ./Src/main.o
                0x0000000008000204                reverse_IO
 *fill*         0x0000000008000232        0x2 
 .text.GPIO_SCL_init
                0x0000000008000234       0x30 ./Src/main.o
                0x0000000008000234                GPIO_SCL_init
 .text.GPIO_SDA_init
                0x0000000008000264       0x30 ./Src/main.o
                0x0000000008000264                GPIO_SDA_init
 .text.i2c_start
                0x0000000008000294       0x4c ./Src/main.o
                0x0000000008000294                i2c_start
 .text.i2c_stop
                0x00000000080002e0       0x3c ./Src/main.o
                0x00000000080002e0                i2c_stop
 .text.i2c_write
                0x000000000800031c       0x98 ./Src/main.o
                0x000000000800031c                i2c_write
 .text.main     0x00000000080003b4       0x2e ./Src/main.o
                0x00000000080003b4                main
 *fill*         0x00000000080003e2        0x2 
 .text.GPIO_PeriClockControl
                0x00000000080003e4      0x10c ./Src/stm32f407xx_gpio_driver.o
                0x00000000080003e4                GPIO_PeriClockControl
 .text.GPIO_Init
                0x00000000080004f0      0x338 ./Src/stm32f407xx_gpio_driver.o
                0x00000000080004f0                GPIO_Init
 .text.GPIO_ReadFromInputPin
                0x0000000008000828       0x2c ./Src/stm32f407xx_gpio_driver.o
                0x0000000008000828                GPIO_ReadFromInputPin
 .text.GPIO_WriteToOutputPin
                0x0000000008000854       0x4a ./Src/stm32f407xx_gpio_driver.o
                0x0000000008000854                GPIO_WriteToOutputPin
 *fill*         0x000000000800089e        0x2 
 .text.Reset_Handler
                0x00000000080008a0       0x50 ./Startup/startup_stm32f411retx.o
                0x00000000080008a0                Reset_Handler
 .text.Default_Handler
                0x00000000080008f0        0x2 ./Startup/startup_stm32f411retx.o
                0x00000000080008f0                RTC_Alarm_IRQHandler
                0x00000000080008f0                EXTI2_IRQHandler
                0x00000000080008f0                DebugMon_Handler
                0x00000000080008f0                SPI4_IRQHandler
                0x00000000080008f0                TIM1_CC_IRQHandler
                0x00000000080008f0                DMA2_Stream5_IRQHandler
                0x00000000080008f0                HardFault_Handler
                0x00000000080008f0                DMA1_Stream5_IRQHandler
                0x00000000080008f0                SysTick_Handler
                0x00000000080008f0                PVD_IRQHandler
                0x00000000080008f0                SDIO_IRQHandler
                0x00000000080008f0                TAMP_STAMP_IRQHandler
                0x00000000080008f0                PendSV_Handler
                0x00000000080008f0                NMI_Handler
                0x00000000080008f0                EXTI3_IRQHandler
                0x00000000080008f0                TIM1_UP_TIM10_IRQHandler
                0x00000000080008f0                I2C3_ER_IRQHandler
                0x00000000080008f0                EXTI0_IRQHandler
                0x00000000080008f0                I2C2_EV_IRQHandler
                0x00000000080008f0                DMA1_Stream2_IRQHandler
                0x00000000080008f0                FPU_IRQHandler
                0x00000000080008f0                UsageFault_Handler
                0x00000000080008f0                DMA2_Stream2_IRQHandler
                0x00000000080008f0                SPI1_IRQHandler
                0x00000000080008f0                TIM1_BRK_TIM9_IRQHandler
                0x00000000080008f0                DMA2_Stream3_IRQHandler
                0x00000000080008f0                USART6_IRQHandler
                0x00000000080008f0                DMA2_Stream0_IRQHandler
                0x00000000080008f0                TIM4_IRQHandler
                0x00000000080008f0                I2C1_EV_IRQHandler
                0x00000000080008f0                DMA1_Stream6_IRQHandler
                0x00000000080008f0                DMA1_Stream1_IRQHandler
                0x00000000080008f0                TIM3_IRQHandler
                0x00000000080008f0                RCC_IRQHandler
                0x00000000080008f0                Default_Handler
                0x00000000080008f0                EXTI15_10_IRQHandler
                0x00000000080008f0                ADC_IRQHandler
                0x00000000080008f0                DMA1_Stream7_IRQHandler
                0x00000000080008f0                SPI5_IRQHandler
                0x00000000080008f0                TIM5_IRQHandler
                0x00000000080008f0                DMA2_Stream7_IRQHandler
                0x00000000080008f0                I2C3_EV_IRQHandler
                0x00000000080008f0                EXTI9_5_IRQHandler
                0x00000000080008f0                RTC_WKUP_IRQHandler
                0x00000000080008f0                SPI2_IRQHandler
                0x00000000080008f0                MemManage_Handler
                0x00000000080008f0                DMA1_Stream0_IRQHandler
                0x00000000080008f0                SVC_Handler
                0x00000000080008f0                EXTI4_IRQHandler
                0x00000000080008f0                WWDG_IRQHandler
                0x00000000080008f0                TIM2_IRQHandler
                0x00000000080008f0                OTG_FS_WKUP_IRQHandler
                0x00000000080008f0                TIM1_TRG_COM_TIM11_IRQHandler
                0x00000000080008f0                EXTI1_IRQHandler
                0x00000000080008f0                USART2_IRQHandler
                0x00000000080008f0                I2C2_ER_IRQHandler
                0x00000000080008f0                DMA2_Stream1_IRQHandler
                0x00000000080008f0                FLASH_IRQHandler
                0x00000000080008f0                DMA2_Stream4_IRQHandler
                0x00000000080008f0                BusFault_Handler
                0x00000000080008f0                USART1_IRQHandler
                0x00000000080008f0                OTG_FS_IRQHandler
                0x00000000080008f0                SPI3_IRQHandler
                0x00000000080008f0                DMA1_Stream4_IRQHandler
                0x00000000080008f0                I2C1_ER_IRQHandler
                0x00000000080008f0                DMA2_Stream6_IRQHandler
                0x00000000080008f0                DMA1_Stream3_IRQHandler
 *fill*         0x00000000080008f2        0x2 
 .text.__libc_init_array
                0x00000000080008f4       0x48 c:/st/stm32cubeide_1.10.1/stm32cubeide/plugins/com.st.stm32cube.ide.mcu.externaltools.gnu-tools-for-stm32.10.3-2021.10.win32_1.0.0.202111181127/tools/bin/../lib/gcc/arm-none-eabi/10.3.1/../../../../arm-none-eabi/lib/thumb/v7e-m+fp/hard\libc_nano.a(lib_a-init.o)
                0x00000000080008f4                __libc_init_array
 *(.glue_7)
 .glue_7        0x000000000800093c        0x0 linker stubs
 *(.glue_7t)
 .glue_7t       0x000000000800093c        0x0 linker stubs
 *(.eh_frame)
 .eh_frame      0x000000000800093c        0x0 c:/st/stm32cubeide_1.10.1/stm32cubeide/plugins/com.st.stm32cube.ide.mcu.externaltools.gnu-tools-for-stm32.10.3-2021.10.win32_1.0.0.202111181127/tools/bin/../lib/gcc/arm-none-eabi/10.3.1/thumb/v7e-m+fp/hard/crtbegin.o
 *(.init)
 .init          0x000000000800093c        0x4 c:/st/stm32cubeide_1.10.1/stm32cubeide/plugins/com.st.stm32cube.ide.mcu.externaltools.gnu-tools-for-stm32.10.3-2021.10.win32_1.0.0.202111181127/tools/bin/../lib/gcc/arm-none-eabi/10.3.1/thumb/v7e-m+fp/hard/crti.o
                0x000000000800093c                _init
 .init          0x0000000008000940        0x8 c:/st/stm32cubeide_1.10.1/stm32cubeide/plugins/com.st.stm32cube.ide.mcu.externaltools.gnu-tools-for-stm32.10.3-2021.10.win32_1.0.0.202111181127/tools/bin/../lib/gcc/arm-none-eabi/10.3.1/thumb/v7e-m+fp/hard/crtn.o
 *(.fini)
 .fini          0x0000000008000948        0x4 c:/st/stm32cubeide_1.10.1/stm32cubeide/plugins/com.st.stm32cube.ide.mcu.externaltools.gnu-tools-for-stm32.10.3-2021.10.win32_1.0.0.202111181127/tools/bin/../lib/gcc/arm-none-eabi/10.3.1/thumb/v7e-m+fp/hard/crti.o
                0x0000000008000948                _fini
 .fini          0x000000000800094c        0x8 c:/st/stm32cubeide_1.10.1/stm32cubeide/plugins/com.st.stm32cube.ide.mcu.externaltools.gnu-tools-for-stm32.10.3-2021.10.win32_1.0.0.202111181127/tools/bin/../lib/gcc/arm-none-eabi/10.3.1/thumb/v7e-m+fp/hard/crtn.o
                0x0000000008000954                . = ALIGN (0x4)
                0x0000000008000954                _etext = .

.vfp11_veneer   0x0000000008000954        0x0
 .vfp11_veneer  0x0000000008000954        0x0 linker stubs

.v4_bx          0x0000000008000954        0x0
 .v4_bx         0x0000000008000954        0x0 linker stubs

.iplt           0x0000000008000954        0x0
 .iplt          0x0000000008000954        0x0 c:/st/stm32cubeide_1.10.1/stm32cubeide/plugins/com.st.stm32cube.ide.mcu.externaltools.gnu-tools-for-stm32.10.3-2021.10.win32_1.0.0.202111181127/tools/bin/../lib/gcc/arm-none-eabi/10.3.1/thumb/v7e-m+fp/hard/crtbegin.o

.rel.dyn        0x0000000008000954        0x0
 .rel.iplt      0x0000000008000954        0x0 c:/st/stm32cubeide_1.10.1/stm32cubeide/plugins/com.st.stm32cube.ide.mcu.externaltools.gnu-tools-for-stm32.10.3-2021.10.win32_1.0.0.202111181127/tools/bin/../lib/gcc/arm-none-eabi/10.3.1/thumb/v7e-m+fp/hard/crtbegin.o

.rodata         0x0000000008000954        0x0
                0x0000000008000954                . = ALIGN (0x4)
 *(.rodata)
 *(.rodata*)
                0x0000000008000954                . = ALIGN (0x4)

.ARM.extab      0x0000000008000954        0x0
                0x0000000008000954                . = ALIGN (0x4)
 *(.ARM.extab* .gnu.linkonce.armextab.*)
                0x0000000008000954                . = ALIGN (0x4)

.ARM            0x0000000008000954        0x0
                0x0000000008000954                . = ALIGN (0x4)
                0x0000000008000954                __exidx_start = .
 *(.ARM.exidx*)
                0x0000000008000954                __exidx_end = .
                0x0000000008000954                . = ALIGN (0x4)

.preinit_array  0x0000000008000954        0x0
                0x0000000008000954                . = ALIGN (0x4)
                0x0000000008000954                PROVIDE (__preinit_array_start = .)
 *(.preinit_array*)
                0x0000000008000954                PROVIDE (__preinit_array_end = .)
                0x0000000008000954                . = ALIGN (0x4)

.init_array     0x0000000008000954        0x4
                0x0000000008000954                . = ALIGN (0x4)
                0x0000000008000954                PROVIDE (__init_array_start = .)
 *(SORT_BY_NAME(.init_array.*))
 *(.init_array*)
 .init_array    0x0000000008000954        0x4 c:/st/stm32cubeide_1.10.1/stm32cubeide/plugins/com.st.stm32cube.ide.mcu.externaltools.gnu-tools-for-stm32.10.3-2021.10.win32_1.0.0.202111181127/tools/bin/../lib/gcc/arm-none-eabi/10.3.1/thumb/v7e-m+fp/hard/crtbegin.o
                0x0000000008000958                PROVIDE (__init_array_end = .)
                0x0000000008000958                . = ALIGN (0x4)

.fini_array     0x0000000008000958        0x4
                0x0000000008000958                . = ALIGN (0x4)
                [!provide]                        PROVIDE (__fini_array_start = .)
 *(SORT_BY_NAME(.fini_array.*))
 *(.fini_array*)
 .fini_array    0x0000000008000958        0x4 c:/st/stm32cubeide_1.10.1/stm32cubeide/plugins/com.st.stm32cube.ide.mcu.externaltools.gnu-tools-for-stm32.10.3-2021.10.win32_1.0.0.202111181127/tools/bin/../lib/gcc/arm-none-eabi/10.3.1/thumb/v7e-m+fp/hard/crtbegin.o
                [!provide]                        PROVIDE (__fini_array_end = .)
                0x000000000800095c                . = ALIGN (0x4)
                0x000000000800095c                _sidata = LOADADDR (.data)

.data           0x0000000020000000        0x0 load address 0x000000000800095c
                0x0000000020000000                . = ALIGN (0x4)
                0x0000000020000000                _sdata = .
 *(.data)
 *(.data*)
 *(.RamFunc)
 *(.RamFunc*)
                0x0000000020000000                . = ALIGN (0x4)
                0x0000000020000000                _edata = .

.igot.plt       0x0000000020000000        0x0 load address 0x000000000800095c
 .igot.plt      0x0000000020000000        0x0 c:/st/stm32cubeide_1.10.1/stm32cubeide/plugins/com.st.stm32cube.ide.mcu.externaltools.gnu-tools-for-stm32.10.3-2021.10.win32_1.0.0.202111181127/tools/bin/../lib/gcc/arm-none-eabi/10.3.1/thumb/v7e-m+fp/hard/crtbegin.o
                0x0000000020000000                . = ALIGN (0x4)

.bss            0x0000000020000000       0x28 load address 0x000000000800095c
                0x0000000020000000                _sbss = .
                0x0000000020000000                __bss_start__ = _sbss
 *(.bss)
 .bss           0x0000000020000000       0x1c c:/st/stm32cubeide_1.10.1/stm32cubeide/plugins/com.st.stm32cube.ide.mcu.externaltools.gnu-tools-for-stm32.10.3-2021.10.win32_1.0.0.202111181127/tools/bin/../lib/gcc/arm-none-eabi/10.3.1/thumb/v7e-m+fp/hard/crtbegin.o
 *(.bss*)
 .bss.sdaGPIO   0x000000002000001c        0xc ./Src/main.o
                0x000000002000001c                sdaGPIO
 *(COMMON)
                0x0000000020000028                . = ALIGN (0x4)
                0x0000000020000028                _ebss = .
                0x0000000020000028                __bss_end__ = _ebss

._user_heap_stack
                0x0000000020000028      0x600 load address 0x000000000800095c
                0x0000000020000028                . = ALIGN (0x8)
                [!provide]                        PROVIDE (end = .)
                0x0000000020000028                PROVIDE (_end = .)
                0x0000000020000228                . = (. + _Min_Heap_Size)
 *fill*         0x0000000020000028      0x200 
                0x0000000020000628                . = (. + _Min_Stack_Size)
 *fill*         0x0000000020000228      0x400 
                0x0000000020000628                . = ALIGN (0x8)

/DISCARD/
 libc.a(*)
 libm.a(*)
 libgcc.a(*)

.ARM.attributes
                0x0000000000000000       0x30
 *(.ARM.attributes)
 .ARM.attributes
                0x0000000000000000       0x1e c:/st/stm32cubeide_1.10.1/stm32cubeide/plugins/com.st.stm32cube.ide.mcu.externaltools.gnu-tools-for-stm32.10.3-2021.10.win32_1.0.0.202111181127/tools/bin/../lib/gcc/arm-none-eabi/10.3.1/thumb/v7e-m+fp/hard/crti.o
 .ARM.attributes
                0x000000000000001e       0x34 c:/st/stm32cubeide_1.10.1/stm32cubeide/plugins/com.st.stm32cube.ide.mcu.externaltools.gnu-tools-for-stm32.10.3-2021.10.win32_1.0.0.202111181127/tools/bin/../lib/gcc/arm-none-eabi/10.3.1/thumb/v7e-m+fp/hard/crtbegin.o
 .ARM.attributes
                0x0000000000000052       0x34 ./Src/main.o
 .ARM.attributes
                0x0000000000000086       0x34 ./Src/stm32f407xx_gpio_driver.o
 .ARM.attributes
                0x00000000000000ba       0x21 ./Startup/startup_stm32f411retx.o
 .ARM.attributes
                0x00000000000000db       0x34 c:/st/stm32cubeide_1.10.1/stm32cubeide/plugins/com.st.stm32cube.ide.mcu.externaltools.gnu-tools-for-stm32.10.3-2021.10.win32_1.0.0.202111181127/tools/bin/../lib/gcc/arm-none-eabi/10.3.1/../../../../arm-none-eabi/lib/thumb/v7e-m+fp/hard\libc_nano.a(lib_a-init.o)
 .ARM.attributes
                0x000000000000010f       0x1e c:/st/stm32cubeide_1.10.1/stm32cubeide/plugins/com.st.stm32cube.ide.mcu.externaltools.gnu-tools-for-stm32.10.3-2021.10.win32_1.0.0.202111181127/tools/bin/../lib/gcc/arm-none-eabi/10.3.1/thumb/v7e-m+fp/hard/crtn.o
OUTPUT(221102_stm32f411_drivers_I2CbyGPIO.elf elf32-littlearm)
LOAD linker stubs
LOAD c:/st/stm32cubeide_1.10.1/stm32cubeide/plugins/com.st.stm32cube.ide.mcu.externaltools.gnu-tools-for-stm32.10.3-2021.10.win32_1.0.0.202111181127/tools/bin/../lib/gcc/arm-none-eabi/10.3.1/../../../../arm-none-eabi/lib/thumb/v7e-m+fp/hard\libc.a
LOAD c:/st/stm32cubeide_1.10.1/stm32cubeide/plugins/com.st.stm32cube.ide.mcu.externaltools.gnu-tools-for-stm32.10.3-2021.10.win32_1.0.0.202111181127/tools/bin/../lib/gcc/arm-none-eabi/10.3.1/../../../../arm-none-eabi/lib/thumb/v7e-m+fp/hard\libm.a
LOAD c:/st/stm32cubeide_1.10.1/stm32cubeide/plugins/com.st.stm32cube.ide.mcu.externaltools.gnu-tools-for-stm32.10.3-2021.10.win32_1.0.0.202111181127/tools/bin/../lib/gcc/arm-none-eabi/10.3.1/thumb/v7e-m+fp/hard\libgcc.a

.debug_info     0x0000000000000000      0xdf5
 .debug_info    0x0000000000000000      0x616 ./Src/main.o
 .debug_info    0x0000000000000616      0x7bd ./Src/stm32f407xx_gpio_driver.o
 .debug_info    0x0000000000000dd3       0x22 ./Startup/startup_stm32f411retx.o

.debug_abbrev   0x0000000000000000      0x360
 .debug_abbrev  0x0000000000000000      0x1db ./Src/main.o
 .debug_abbrev  0x00000000000001db      0x173 ./Src/stm32f407xx_gpio_driver.o
 .debug_abbrev  0x000000000000034e       0x12 ./Startup/startup_stm32f411retx.o

.debug_aranges  0x0000000000000000      0x110
 .debug_aranges
                0x0000000000000000       0x78 ./Src/main.o
 .debug_aranges
                0x0000000000000078       0x70 ./Src/stm32f407xx_gpio_driver.o
 .debug_aranges
                0x00000000000000e8       0x28 ./Startup/startup_stm32f411retx.o

.debug_ranges   0x0000000000000000       0xe8
 .debug_ranges  0x0000000000000000       0x68 ./Src/main.o
 .debug_ranges  0x0000000000000068       0x60 ./Src/stm32f407xx_gpio_driver.o
 .debug_ranges  0x00000000000000c8       0x20 ./Startup/startup_stm32f411retx.o

.debug_macro    0x0000000000000000     0x2b4c
 .debug_macro   0x0000000000000000      0x24d ./Src/main.o
 .debug_macro   0x000000000000024d      0xa84 ./Src/main.o
 .debug_macro   0x0000000000000cd1       0x22 ./Src/main.o
 .debug_macro   0x0000000000000cf3       0x4c ./Src/main.o
 .debug_macro   0x0000000000000d3f       0x1e ./Src/main.o
 .debug_macro   0x0000000000000d5d       0x94 ./Src/main.o
 .debug_macro   0x0000000000000df1       0x3c ./Src/main.o
 .debug_macro   0x0000000000000e2d       0x34 ./Src/main.o
 .debug_macro   0x0000000000000e61       0x16 ./Src/main.o
 .debug_macro   0x0000000000000e77       0x57 ./Src/main.o
 .debug_macro   0x0000000000000ece       0x97 ./Src/main.o
 .debug_macro   0x0000000000000f65      0x341 ./Src/main.o
 .debug_macro   0x00000000000012a6       0xfd ./Src/main.o
 .debug_macro   0x00000000000013a3       0x10 ./Src/main.o
 .debug_macro   0x00000000000013b3       0x16 ./Src/main.o
 .debug_macro   0x00000000000013c9       0x43 ./Src/main.o
 .debug_macro   0x000000000000140c       0x34 ./Src/main.o
 .debug_macro   0x0000000000001440       0x10 ./Src/main.o
 .debug_macro   0x0000000000001450       0x58 ./Src/main.o
 .debug_macro   0x00000000000014a8       0x71 ./Src/main.o
 .debug_macro   0x0000000000001519       0x1c ./Src/main.o
 .debug_macro   0x0000000000001535      0x12a ./Src/main.o
 .debug_macro   0x000000000000165f       0x10 ./Src/main.o
 .debug_macro   0x000000000000166f       0x6a ./Src/main.o
 .debug_macro   0x00000000000016d9       0x1c ./Src/main.o
 .debug_macro   0x00000000000016f5       0x52 ./Src/main.o
 .debug_macro   0x0000000000001747       0x22 ./Src/main.o
 .debug_macro   0x0000000000001769       0x10 ./Src/main.o
 .debug_macro   0x0000000000001779       0x52 ./Src/main.o
 .debug_macro   0x00000000000017cb       0xd5 ./Src/main.o
 .debug_macro   0x00000000000018a0       0x1c ./Src/main.o
 .debug_macro   0x00000000000018bc       0x3d ./Src/main.o
 .debug_macro   0x00000000000018f9       0x16 ./Src/main.o
 .debug_macro   0x000000000000190f      0x145 ./Src/main.o
 .debug_macro   0x0000000000001a54      0x103 ./Src/main.o
 .debug_macro   0x0000000000001b57      0x1df ./Src/main.o
 .debug_macro   0x0000000000001d36      0x674 ./Src/main.o
 .debug_macro   0x00000000000023aa       0xc4 ./Src/main.o
 .debug_macro   0x000000000000246e       0xc4 ./Src/main.o
 .debug_macro   0x0000000000002532       0xd6 ./Src/main.o
 .debug_macro   0x0000000000002608      0x106 ./Src/main.o
 .debug_macro   0x000000000000270e       0x16 ./Src/main.o
 .debug_macro   0x0000000000002724       0x35 ./Src/main.o
 .debug_macro   0x0000000000002759       0x20 ./Src/main.o
 .debug_macro   0x0000000000002779       0xc2 ./Src/stm32f407xx_gpio_driver.o
 .debug_macro   0x000000000000283b      0x174 ./Src/stm32f407xx_gpio_driver.o
 .debug_macro   0x00000000000029af       0x8e ./Src/stm32f407xx_gpio_driver.o
 .debug_macro   0x0000000000002a3d       0x51 ./Src/stm32f407xx_gpio_driver.o
 .debug_macro   0x0000000000002a8e       0xbe ./Src/stm32f407xx_gpio_driver.o

.debug_line     0x0000000000000000     0x1263
 .debug_line    0x0000000000000000      0x892 ./Src/main.o
 .debug_line    0x0000000000000892      0x94d ./Src/stm32f407xx_gpio_driver.o
 .debug_line    0x00000000000011df       0x84 ./Startup/startup_stm32f411retx.o

.debug_str      0x0000000000000000     0xa83a
 .debug_str     0x0000000000000000     0xa56b ./Src/main.o
                                       0xa776 (size before relaxing)
 .debug_str     0x000000000000a56b      0x29e ./Src/stm32f407xx_gpio_driver.o
                                       0x6a7f (size before relaxing)
 .debug_str     0x000000000000a809       0x31 ./Startup/startup_stm32f411retx.o
                                         0x6d (size before relaxing)

.comment        0x0000000000000000       0x50
 .comment       0x0000000000000000       0x50 ./Src/main.o
                                         0x51 (size before relaxing)
 .comment       0x0000000000000050       0x51 ./Src/stm32f407xx_gpio_driver.o

.debug_frame    0x0000000000000000      0x3ac
 .debug_frame   0x0000000000000000      0x1b8 ./Src/main.o
 .debug_frame   0x00000000000001b8      0x1c8 ./Src/stm32f407xx_gpio_driver.o
 .debug_frame   0x0000000000000380       0x2c c:/st/stm32cubeide_1.10.1/stm32cubeide/plugins/com.st.stm32cube.ide.mcu.externaltools.gnu-tools-for-stm32.10.3-2021.10.win32_1.0.0.202111181127/tools/bin/../lib/gcc/arm-none-eabi/10.3.1/../../../../arm-none-eabi/lib/thumb/v7e-m+fp/hard\libc_nano.a(lib_a-init.o)
