../Src/main.c:16:6:delay_btnDeb	16	static
../Src/main.c:85:6:delay	24	static,ignoring_inline_asm
../Src/main.c:92:6:reverse_IO	24	static
../Src/main.c:104:6:GPIO_ButtonInit	24	static
../Src/main.c:118:6:GPIO_SCL_init	24	static
../Src/main.c:133:6:GPIO_SDA_init	24	static
../Src/main.c:146:6:i2c_start	8	static
../Src/main.c:159:6:i2c_stop	8	static
../Src/main.c:169:15:i2c_write	24	static
../Src/main.c:200:15:i2c_read	16	static
../Src/main.c:247:15:i2c_read_nack	16	static
../Src/main.c:279:5:main	16	static
