Archive member included to satisfy reference by file (symbol)

c:/st/stm32cubeide_1.10.1/stm32cubeide/plugins/com.st.stm32cube.ide.mcu.externaltools.gnu-tools-for-stm32.10.3-2021.10.win32_1.0.0.202111181127/tools/bin/../lib/gcc/arm-none-eabi/10.3.1/../../../../arm-none-eabi/lib/thumb/v7e-m+fp/hard\libc_nano.a(lib_a-errno.o)
                              ./Src/syscalls.o (__errno)
c:/st/stm32cubeide_1.10.1/stm32cubeide/plugins/com.st.stm32cube.ide.mcu.externaltools.gnu-tools-for-stm32.10.3-2021.10.win32_1.0.0.202111181127/tools/bin/../lib/gcc/arm-none-eabi/10.3.1/../../../../arm-none-eabi/lib/thumb/v7e-m+fp/hard\libc_nano.a(lib_a-exit.o)
                              c:/st/stm32cubeide_1.10.1/stm32cubeide/plugins/com.st.stm32cube.ide.mcu.externaltools.gnu-tools-for-stm32.10.3-2021.10.win32_1.0.0.202111181127/tools/bin/../lib/gcc/arm-none-eabi/10.3.1/../../../../arm-none-eabi/lib/thumb/v7e-m+fp/hard/crt0.o (exit)
c:/st/stm32cubeide_1.10.1/stm32cubeide/plugins/com.st.stm32cube.ide.mcu.externaltools.gnu-tools-for-stm32.10.3-2021.10.win32_1.0.0.202111181127/tools/bin/../lib/gcc/arm-none-eabi/10.3.1/../../../../arm-none-eabi/lib/thumb/v7e-m+fp/hard\libc_nano.a(lib_a-impure.o)
                              c:/st/stm32cubeide_1.10.1/stm32cubeide/plugins/com.st.stm32cube.ide.mcu.externaltools.gnu-tools-for-stm32.10.3-2021.10.win32_1.0.0.202111181127/tools/bin/../lib/gcc/arm-none-eabi/10.3.1/../../../../arm-none-eabi/lib/thumb/v7e-m+fp/hard\libc_nano.a(lib_a-exit.o) (_global_impure_ptr)
c:/st/stm32cubeide_1.10.1/stm32cubeide/plugins/com.st.stm32cube.ide.mcu.externaltools.gnu-tools-for-stm32.10.3-2021.10.win32_1.0.0.202111181127/tools/bin/../lib/gcc/arm-none-eabi/10.3.1/../../../../arm-none-eabi/lib/thumb/v7e-m+fp/hard\libc_nano.a(lib_a-init.o)
                              c:/st/stm32cubeide_1.10.1/stm32cubeide/plugins/com.st.stm32cube.ide.mcu.externaltools.gnu-tools-for-stm32.10.3-2021.10.win32_1.0.0.202111181127/tools/bin/../lib/gcc/arm-none-eabi/10.3.1/../../../../arm-none-eabi/lib/thumb/v7e-m+fp/hard/crt0.o (__libc_init_array)
c:/st/stm32cubeide_1.10.1/stm32cubeide/plugins/com.st.stm32cube.ide.mcu.externaltools.gnu-tools-for-stm32.10.3-2021.10.win32_1.0.0.202111181127/tools/bin/../lib/gcc/arm-none-eabi/10.3.1/../../../../arm-none-eabi/lib/thumb/v7e-m+fp/hard\libc_nano.a(lib_a-memset.o)
                              c:/st/stm32cubeide_1.10.1/stm32cubeide/plugins/com.st.stm32cube.ide.mcu.externaltools.gnu-tools-for-stm32.10.3-2021.10.win32_1.0.0.202111181127/tools/bin/../lib/gcc/arm-none-eabi/10.3.1/../../../../arm-none-eabi/lib/thumb/v7e-m+fp/hard/crt0.o (memset)
c:/st/stm32cubeide_1.10.1/stm32cubeide/plugins/com.st.stm32cube.ide.mcu.externaltools.gnu-tools-for-stm32.10.3-2021.10.win32_1.0.0.202111181127/tools/bin/../lib/gcc/arm-none-eabi/10.3.1/../../../../arm-none-eabi/lib/thumb/v7e-m+fp/hard\libc_nano.a(lib_a-strlen.o)
                              ./Src/main.o (strlen)

Discarded input sections

 .text          0x0000000000000000        0x0 c:/st/stm32cubeide_1.10.1/stm32cubeide/plugins/com.st.stm32cube.ide.mcu.externaltools.gnu-tools-for-stm32.10.3-2021.10.win32_1.0.0.202111181127/tools/bin/../lib/gcc/arm-none-eabi/10.3.1/thumb/v7e-m+fp/hard/crti.o
 .data          0x0000000000000000        0x0 c:/st/stm32cubeide_1.10.1/stm32cubeide/plugins/com.st.stm32cube.ide.mcu.externaltools.gnu-tools-for-stm32.10.3-2021.10.win32_1.0.0.202111181127/tools/bin/../lib/gcc/arm-none-eabi/10.3.1/thumb/v7e-m+fp/hard/crti.o
 .bss           0x0000000000000000        0x0 c:/st/stm32cubeide_1.10.1/stm32cubeide/plugins/com.st.stm32cube.ide.mcu.externaltools.gnu-tools-for-stm32.10.3-2021.10.win32_1.0.0.202111181127/tools/bin/../lib/gcc/arm-none-eabi/10.3.1/thumb/v7e-m+fp/hard/crti.o
 .data          0x0000000000000000        0x4 c:/st/stm32cubeide_1.10.1/stm32cubeide/plugins/com.st.stm32cube.ide.mcu.externaltools.gnu-tools-for-stm32.10.3-2021.10.win32_1.0.0.202111181127/tools/bin/../lib/gcc/arm-none-eabi/10.3.1/thumb/v7e-m+fp/hard/crtbegin.o
 .rodata        0x0000000000000000       0x24 c:/st/stm32cubeide_1.10.1/stm32cubeide/plugins/com.st.stm32cube.ide.mcu.externaltools.gnu-tools-for-stm32.10.3-2021.10.win32_1.0.0.202111181127/tools/bin/../lib/gcc/arm-none-eabi/10.3.1/thumb/v7e-m+fp/hard/crtbegin.o
 .text          0x0000000000000000       0x7c c:/st/stm32cubeide_1.10.1/stm32cubeide/plugins/com.st.stm32cube.ide.mcu.externaltools.gnu-tools-for-stm32.10.3-2021.10.win32_1.0.0.202111181127/tools/bin/../lib/gcc/arm-none-eabi/10.3.1/../../../../arm-none-eabi/lib/thumb/v7e-m+fp/hard/crt0.o
 .data          0x0000000000000000        0x0 c:/st/stm32cubeide_1.10.1/stm32cubeide/plugins/com.st.stm32cube.ide.mcu.externaltools.gnu-tools-for-stm32.10.3-2021.10.win32_1.0.0.202111181127/tools/bin/../lib/gcc/arm-none-eabi/10.3.1/../../../../arm-none-eabi/lib/thumb/v7e-m+fp/hard/crt0.o
 .bss           0x0000000000000000        0x0 c:/st/stm32cubeide_1.10.1/stm32cubeide/plugins/com.st.stm32cube.ide.mcu.externaltools.gnu-tools-for-stm32.10.3-2021.10.win32_1.0.0.202111181127/tools/bin/../lib/gcc/arm-none-eabi/10.3.1/../../../../arm-none-eabi/lib/thumb/v7e-m+fp/hard/crt0.o
 .ARM.extab     0x0000000000000000        0x0 c:/st/stm32cubeide_1.10.1/stm32cubeide/plugins/com.st.stm32cube.ide.mcu.externaltools.gnu-tools-for-stm32.10.3-2021.10.win32_1.0.0.202111181127/tools/bin/../lib/gcc/arm-none-eabi/10.3.1/../../../../arm-none-eabi/lib/thumb/v7e-m+fp/hard/crt0.o
 .ARM.exidx     0x0000000000000000       0x10 c:/st/stm32cubeide_1.10.1/stm32cubeide/plugins/com.st.stm32cube.ide.mcu.externaltools.gnu-tools-for-stm32.10.3-2021.10.win32_1.0.0.202111181127/tools/bin/../lib/gcc/arm-none-eabi/10.3.1/../../../../arm-none-eabi/lib/thumb/v7e-m+fp/hard/crt0.o
 .ARM.attributes
                0x0000000000000000       0x1c c:/st/stm32cubeide_1.10.1/stm32cubeide/plugins/com.st.stm32cube.ide.mcu.externaltools.gnu-tools-for-stm32.10.3-2021.10.win32_1.0.0.202111181127/tools/bin/../lib/gcc/arm-none-eabi/10.3.1/../../../../arm-none-eabi/lib/thumb/v7e-m+fp/hard/crt0.o
 .group         0x0000000000000000        0xc ./Src/main.o
 .group         0x0000000000000000        0xc ./Src/main.o
 .group         0x0000000000000000        0xc ./Src/main.o
 .group         0x0000000000000000        0xc ./Src/main.o
 .group         0x0000000000000000        0xc ./Src/main.o
 .group         0x0000000000000000        0xc ./Src/main.o
 .group         0x0000000000000000        0xc ./Src/main.o
 .group         0x0000000000000000        0xc ./Src/main.o
 .group         0x0000000000000000        0xc ./Src/main.o
 .group         0x0000000000000000        0xc ./Src/main.o
 .group         0x0000000000000000        0xc ./Src/main.o
 .group         0x0000000000000000        0xc ./Src/main.o
 .group         0x0000000000000000        0xc ./Src/main.o
 .group         0x0000000000000000        0xc ./Src/main.o
 .group         0x0000000000000000        0xc ./Src/main.o
 .group         0x0000000000000000        0xc ./Src/main.o
 .group         0x0000000000000000        0xc ./Src/main.o
 .group         0x0000000000000000        0xc ./Src/main.o
 .group         0x0000000000000000        0xc ./Src/main.o
 .group         0x0000000000000000        0xc ./Src/main.o
 .group         0x0000000000000000        0xc ./Src/main.o
 .group         0x0000000000000000        0xc ./Src/main.o
 .group         0x0000000000000000        0xc ./Src/main.o
 .group         0x0000000000000000        0xc ./Src/main.o
 .group         0x0000000000000000        0xc ./Src/main.o
 .group         0x0000000000000000        0xc ./Src/main.o
 .group         0x0000000000000000        0xc ./Src/main.o
 .group         0x0000000000000000        0xc ./Src/main.o
 .group         0x0000000000000000        0xc ./Src/main.o
 .group         0x0000000000000000        0xc ./Src/main.o
 .group         0x0000000000000000        0xc ./Src/main.o
 .group         0x0000000000000000        0xc ./Src/main.o
 .group         0x0000000000000000        0xc ./Src/main.o
 .group         0x0000000000000000        0xc ./Src/main.o
 .group         0x0000000000000000        0xc ./Src/main.o
 .group         0x0000000000000000        0xc ./Src/main.o
 .group         0x0000000000000000        0xc ./Src/main.o
 .group         0x0000000000000000        0xc ./Src/main.o
 .group         0x0000000000000000        0xc ./Src/main.o
 .group         0x0000000000000000        0xc ./Src/main.o
 .group         0x0000000000000000        0xc ./Src/main.o
 .group         0x0000000000000000        0xc ./Src/main.o
 .group         0x0000000000000000        0xc ./Src/main.o
 .group         0x0000000000000000        0xc ./Src/main.o
 .text          0x0000000000000000        0x0 ./Src/main.o
 .data          0x0000000000000000        0x0 ./Src/main.o
 .bss           0x0000000000000000        0x0 ./Src/main.o
 .group         0x0000000000000000        0xc ./Src/stm32f407xx_gpio_driver.o
 .group         0x0000000000000000        0xc ./Src/stm32f407xx_gpio_driver.o
 .group         0x0000000000000000        0xc ./Src/stm32f407xx_gpio_driver.o
 .group         0x0000000000000000        0xc ./Src/stm32f407xx_gpio_driver.o
 .group         0x0000000000000000        0xc ./Src/stm32f407xx_gpio_driver.o
 .group         0x0000000000000000        0xc ./Src/stm32f407xx_gpio_driver.o
 .group         0x0000000000000000        0xc ./Src/stm32f407xx_gpio_driver.o
 .group         0x0000000000000000        0xc ./Src/stm32f407xx_gpio_driver.o
 .group         0x0000000000000000        0xc ./Src/stm32f407xx_gpio_driver.o
 .group         0x0000000000000000        0xc ./Src/stm32f407xx_gpio_driver.o
 .group         0x0000000000000000        0xc ./Src/stm32f407xx_gpio_driver.o
 .group         0x0000000000000000        0xc ./Src/stm32f407xx_gpio_driver.o
 .group         0x0000000000000000        0xc ./Src/stm32f407xx_gpio_driver.o
 .text          0x0000000000000000        0x0 ./Src/stm32f407xx_gpio_driver.o
 .data          0x0000000000000000        0x0 ./Src/stm32f407xx_gpio_driver.o
 .bss           0x0000000000000000        0x0 ./Src/stm32f407xx_gpio_driver.o
 .text.GPIO_DeInit
                0x0000000000000000      0x16c ./Src/stm32f407xx_gpio_driver.o
 .text.GPIO_ReadFromInputPort
                0x0000000000000000       0x1c ./Src/stm32f407xx_gpio_driver.o
 .text.GPIO_WriteToOutputPin
                0x0000000000000000       0x4a ./Src/stm32f407xx_gpio_driver.o
 .text.GPIO_WriteToOutputPort
                0x0000000000000000       0x1e ./Src/stm32f407xx_gpio_driver.o
 .text.GPIO_ToggleOutputPin
                0x0000000000000000       0x2a ./Src/stm32f407xx_gpio_driver.o
 .text.GPIO_IRQInterruptConfig
                0x0000000000000000      0x10c ./Src/stm32f407xx_gpio_driver.o
 .text.GPIO_IRQPriorityConfig
                0x0000000000000000       0x54 ./Src/stm32f407xx_gpio_driver.o
 .text.GPIO_IRQHandling
                0x0000000000000000       0x40 ./Src/stm32f407xx_gpio_driver.o
 .debug_macro   0x0000000000000000      0xa84 ./Src/stm32f407xx_gpio_driver.o
 .debug_macro   0x0000000000000000       0x22 ./Src/stm32f407xx_gpio_driver.o
 .debug_macro   0x0000000000000000      0x103 ./Src/stm32f407xx_gpio_driver.o
 .debug_macro   0x0000000000000000       0x6a ./Src/stm32f407xx_gpio_driver.o
 .debug_macro   0x0000000000000000      0x1df ./Src/stm32f407xx_gpio_driver.o
 .debug_macro   0x0000000000000000      0x674 ./Src/stm32f407xx_gpio_driver.o
 .debug_macro   0x0000000000000000       0xd6 ./Src/stm32f407xx_gpio_driver.o
 .debug_macro   0x0000000000000000      0x108 ./Src/stm32f407xx_gpio_driver.o
 .debug_macro   0x0000000000000000       0xc4 ./Src/stm32f407xx_gpio_driver.o
 .group         0x0000000000000000        0xc ./Src/stm32f407xx_i2c_driver.o
 .group         0x0000000000000000        0xc ./Src/stm32f407xx_i2c_driver.o
 .group         0x0000000000000000        0xc ./Src/stm32f407xx_i2c_driver.o
 .group         0x0000000000000000        0xc ./Src/stm32f407xx_i2c_driver.o
 .group         0x0000000000000000        0xc ./Src/stm32f407xx_i2c_driver.o
 .group         0x0000000000000000        0xc ./Src/stm32f407xx_i2c_driver.o
 .group         0x0000000000000000        0xc ./Src/stm32f407xx_i2c_driver.o
 .group         0x0000000000000000        0xc ./Src/stm32f407xx_i2c_driver.o
 .group         0x0000000000000000        0xc ./Src/stm32f407xx_i2c_driver.o
 .group         0x0000000000000000        0xc ./Src/stm32f407xx_i2c_driver.o
 .group         0x0000000000000000        0xc ./Src/stm32f407xx_i2c_driver.o
 .group         0x0000000000000000        0xc ./Src/stm32f407xx_i2c_driver.o
 .group         0x0000000000000000        0xc ./Src/stm32f407xx_i2c_driver.o
 .text          0x0000000000000000        0x0 ./Src/stm32f407xx_i2c_driver.o
 .data          0x0000000000000000        0x0 ./Src/stm32f407xx_i2c_driver.o
 .bss           0x0000000000000000        0x0 ./Src/stm32f407xx_i2c_driver.o
 .text.I2C_GenerateStartCondition
                0x0000000000000000       0x20 ./Src/stm32f407xx_i2c_driver.o
 .text.I2C_ExecuteAddressPhaseWrite
                0x0000000000000000       0x2c ./Src/stm32f407xx_i2c_driver.o
 .text.I2C_ExecuteAddressPhaseRead
                0x0000000000000000       0x2c ./Src/stm32f407xx_i2c_driver.o
 .text.I2C_ClearADDRFlag
                0x0000000000000000       0x6e ./Src/stm32f407xx_i2c_driver.o
 .text.I2C_GenerateStopCondition
                0x0000000000000000       0x20 ./Src/stm32f407xx_i2c_driver.o
 .text.I2C_SlaveEnableDisableCallbackEvents
                0x0000000000000000       0x68 ./Src/stm32f407xx_i2c_driver.o
 .text.I2C_PeripheralControl
                0x0000000000000000       0x38 ./Src/stm32f407xx_i2c_driver.o
 .text.I2C_PeriClockControl
                0x0000000000000000       0x70 ./Src/stm32f407xx_i2c_driver.o
 .text.I2C_Init
                0x0000000000000000      0x164 ./Src/stm32f407xx_i2c_driver.o
 .text.I2C_DeInit
                0x0000000000000000       0x14 ./Src/stm32f407xx_i2c_driver.o
 .text.I2C_GetFlagStatus
                0x0000000000000000       0x28 ./Src/stm32f407xx_i2c_driver.o
 .text.I2C_MasterSendData
                0x0000000000000000       0xc6 ./Src/stm32f407xx_i2c_driver.o
 .text.I2C_MasterReceiveData
                0x0000000000000000      0x124 ./Src/stm32f407xx_i2c_driver.o
 .text.I2C_ManageAcking
                0x0000000000000000       0x38 ./Src/stm32f407xx_i2c_driver.o
 .text.I2C_IRQInterruptConfig
                0x0000000000000000      0x10c ./Src/stm32f407xx_i2c_driver.o
 .text.I2C_IRQPriorityConfig
                0x0000000000000000       0x54 ./Src/stm32f407xx_i2c_driver.o
 .text.I2C_MasterSendDataIT
                0x0000000000000000       0x86 ./Src/stm32f407xx_i2c_driver.o
 .text.I2C_MasterReceiveDataIT
                0x0000000000000000       0x94 ./Src/stm32f407xx_i2c_driver.o
 .text.I2C_MasterHandleTXEInterrupt
                0x0000000000000000       0x3c ./Src/stm32f407xx_i2c_driver.o
 .text.I2C_MasterHandleRXNEInterrupt
                0x0000000000000000       0x98 ./Src/stm32f407xx_i2c_driver.o
 .text.I2C_CloseReceiveData
                0x0000000000000000       0x5c ./Src/stm32f407xx_i2c_driver.o
 .text.I2C_CloseSendData
                0x0000000000000000       0x46 ./Src/stm32f407xx_i2c_driver.o
 .text.I2C_SlaveSendData
                0x0000000000000000       0x1e ./Src/stm32f407xx_i2c_driver.o
 .text.I2C_SlaveReceiveData
                0x0000000000000000       0x1a ./Src/stm32f407xx_i2c_driver.o
 .text.I2C_EV_IRQHandling
                0x0000000000000000      0x1b8 ./Src/stm32f407xx_i2c_driver.o
 .text.I2C_ER_IRQHandling
                0x0000000000000000      0x10c ./Src/stm32f407xx_i2c_driver.o
 .debug_info    0x0000000000000000      0xad6 ./Src/stm32f407xx_i2c_driver.o
 .debug_abbrev  0x0000000000000000      0x25b ./Src/stm32f407xx_i2c_driver.o
 .debug_aranges
                0x0000000000000000       0xe8 ./Src/stm32f407xx_i2c_driver.o
 .debug_ranges  0x0000000000000000       0xd8 ./Src/stm32f407xx_i2c_driver.o
 .debug_macro   0x0000000000000000       0xc2 ./Src/stm32f407xx_i2c_driver.o
 .debug_macro   0x0000000000000000      0xa84 ./Src/stm32f407xx_i2c_driver.o
 .debug_macro   0x0000000000000000      0x174 ./Src/stm32f407xx_i2c_driver.o
 .debug_macro   0x0000000000000000       0x22 ./Src/stm32f407xx_i2c_driver.o
 .debug_macro   0x0000000000000000       0x8e ./Src/stm32f407xx_i2c_driver.o
 .debug_macro   0x0000000000000000       0x51 ./Src/stm32f407xx_i2c_driver.o
 .debug_macro   0x0000000000000000      0x103 ./Src/stm32f407xx_i2c_driver.o
 .debug_macro   0x0000000000000000       0x6a ./Src/stm32f407xx_i2c_driver.o
 .debug_macro   0x0000000000000000      0x1df ./Src/stm32f407xx_i2c_driver.o
 .debug_macro   0x0000000000000000      0x674 ./Src/stm32f407xx_i2c_driver.o
 .debug_macro   0x0000000000000000       0xc4 ./Src/stm32f407xx_i2c_driver.o
 .debug_macro   0x0000000000000000       0xc4 ./Src/stm32f407xx_i2c_driver.o
 .debug_macro   0x0000000000000000      0x108 ./Src/stm32f407xx_i2c_driver.o
 .debug_macro   0x0000000000000000       0xd0 ./Src/stm32f407xx_i2c_driver.o
 .debug_line    0x0000000000000000      0xca6 ./Src/stm32f407xx_i2c_driver.o
 .debug_str     0x0000000000000000     0x6bf6 ./Src/stm32f407xx_i2c_driver.o
 .comment       0x0000000000000000       0x51 ./Src/stm32f407xx_i2c_driver.o
 .debug_frame   0x0000000000000000      0x3f8 ./Src/stm32f407xx_i2c_driver.o
 .ARM.attributes
                0x0000000000000000       0x34 ./Src/stm32f407xx_i2c_driver.o
 .group         0x0000000000000000        0xc ./Src/stm32f407xx_rcc_driver.o
 .group         0x0000000000000000        0xc ./Src/stm32f407xx_rcc_driver.o
 .group         0x0000000000000000        0xc ./Src/stm32f407xx_rcc_driver.o
 .group         0x0000000000000000        0xc ./Src/stm32f407xx_rcc_driver.o
 .group         0x0000000000000000        0xc ./Src/stm32f407xx_rcc_driver.o
 .group         0x0000000000000000        0xc ./Src/stm32f407xx_rcc_driver.o
 .group         0x0000000000000000        0xc ./Src/stm32f407xx_rcc_driver.o
 .group         0x0000000000000000        0xc ./Src/stm32f407xx_rcc_driver.o
 .group         0x0000000000000000        0xc ./Src/stm32f407xx_rcc_driver.o
 .group         0x0000000000000000        0xc ./Src/stm32f407xx_rcc_driver.o
 .group         0x0000000000000000        0xc ./Src/stm32f407xx_rcc_driver.o
 .group         0x0000000000000000        0xc ./Src/stm32f407xx_rcc_driver.o
 .group         0x0000000000000000        0xc ./Src/stm32f407xx_rcc_driver.o
 .text          0x0000000000000000        0x0 ./Src/stm32f407xx_rcc_driver.o
 .data          0x0000000000000000        0x0 ./Src/stm32f407xx_rcc_driver.o
 .bss           0x0000000000000000        0x0 ./Src/stm32f407xx_rcc_driver.o
 .debug_macro   0x0000000000000000      0xa84 ./Src/stm32f407xx_rcc_driver.o
 .debug_macro   0x0000000000000000      0x174 ./Src/stm32f407xx_rcc_driver.o
 .debug_macro   0x0000000000000000       0x22 ./Src/stm32f407xx_rcc_driver.o
 .debug_macro   0x0000000000000000       0x8e ./Src/stm32f407xx_rcc_driver.o
 .debug_macro   0x0000000000000000       0x51 ./Src/stm32f407xx_rcc_driver.o
 .debug_macro   0x0000000000000000      0x103 ./Src/stm32f407xx_rcc_driver.o
 .debug_macro   0x0000000000000000       0x6a ./Src/stm32f407xx_rcc_driver.o
 .debug_macro   0x0000000000000000      0x1df ./Src/stm32f407xx_rcc_driver.o
 .debug_macro   0x0000000000000000      0x674 ./Src/stm32f407xx_rcc_driver.o
 .debug_macro   0x0000000000000000       0xc4 ./Src/stm32f407xx_rcc_driver.o
 .debug_macro   0x0000000000000000       0xc4 ./Src/stm32f407xx_rcc_driver.o
 .debug_macro   0x0000000000000000       0xd6 ./Src/stm32f407xx_rcc_driver.o
 .debug_macro   0x0000000000000000      0x108 ./Src/stm32f407xx_rcc_driver.o
 .group         0x0000000000000000        0xc ./Src/stm32f407xx_spi_driver.o
 .group         0x0000000000000000        0xc ./Src/stm32f407xx_spi_driver.o
 .group         0x0000000000000000        0xc ./Src/stm32f407xx_spi_driver.o
 .group         0x0000000000000000        0xc ./Src/stm32f407xx_spi_driver.o
 .group         0x0000000000000000        0xc ./Src/stm32f407xx_spi_driver.o
 .group         0x0000000000000000        0xc ./Src/stm32f407xx_spi_driver.o
 .group         0x0000000000000000        0xc ./Src/stm32f407xx_spi_driver.o
 .group         0x0000000000000000        0xc ./Src/stm32f407xx_spi_driver.o
 .group         0x0000000000000000        0xc ./Src/stm32f407xx_spi_driver.o
 .group         0x0000000000000000        0xc ./Src/stm32f407xx_spi_driver.o
 .group         0x0000000000000000        0xc ./Src/stm32f407xx_spi_driver.o
 .group         0x0000000000000000        0xc ./Src/stm32f407xx_spi_driver.o
 .group         0x0000000000000000        0xc ./Src/stm32f407xx_spi_driver.o
 .text          0x0000000000000000        0x0 ./Src/stm32f407xx_spi_driver.o
 .data          0x0000000000000000        0x0 ./Src/stm32f407xx_spi_driver.o
 .bss           0x0000000000000000        0x0 ./Src/stm32f407xx_spi_driver.o
 .text.SPI_PeriClockControl
                0x0000000000000000       0x70 ./Src/stm32f407xx_spi_driver.o
 .text.SPI_Init
                0x0000000000000000       0xb6 ./Src/stm32f407xx_spi_driver.o
 .text.SPI_DeInit
                0x0000000000000000       0x14 ./Src/stm32f407xx_spi_driver.o
 .text.SPI_GetFlagStatus
                0x0000000000000000       0x28 ./Src/stm32f407xx_spi_driver.o
 .text.SPI_SendData
                0x0000000000000000       0x6e ./Src/stm32f407xx_spi_driver.o
 .text.SPI_ReceiveData
                0x0000000000000000       0x6e ./Src/stm32f407xx_spi_driver.o
 .text.SPI_PeripheralControl
                0x0000000000000000       0x38 ./Src/stm32f407xx_spi_driver.o
 .text.SPI_SSIConfig
                0x0000000000000000       0x38 ./Src/stm32f407xx_spi_driver.o
 .text.SPI_SSOEConfig
                0x0000000000000000       0x38 ./Src/stm32f407xx_spi_driver.o
 .text.SPI_IRQInterruptConfig
                0x0000000000000000      0x10c ./Src/stm32f407xx_spi_driver.o
 .text.SPI_IRQPriorityConfig
                0x0000000000000000       0x54 ./Src/stm32f407xx_spi_driver.o
 .text.SPI_SendDataIT
                0x0000000000000000       0x48 ./Src/stm32f407xx_spi_driver.o
 .text.SPI_ReceiveDataIT
                0x0000000000000000       0x48 ./Src/stm32f407xx_spi_driver.o
 .text.SPI_IRQHandling
                0x0000000000000000       0x9a ./Src/stm32f407xx_spi_driver.o
 .text.spi_txe_interrupt_handle
                0x0000000000000000       0x80 ./Src/stm32f407xx_spi_driver.o
 .text.spi_rxne_interrupt_handle
                0x0000000000000000       0x84 ./Src/stm32f407xx_spi_driver.o
 .text.spi_ovr_err_interrupt_handle
                0x0000000000000000       0x30 ./Src/stm32f407xx_spi_driver.o
 .text.SPI_CloseTransmisson
                0x0000000000000000       0x36 ./Src/stm32f407xx_spi_driver.o
 .text.SPI_CloseReception
                0x0000000000000000       0x36 ./Src/stm32f407xx_spi_driver.o
 .text.SPI_ClearOVRFlag
                0x0000000000000000       0x20 ./Src/stm32f407xx_spi_driver.o
 .text.SPI_ApplicationEventCallback
                0x0000000000000000       0x18 ./Src/stm32f407xx_spi_driver.o
 .debug_info    0x0000000000000000      0x907 ./Src/stm32f407xx_spi_driver.o
 .debug_abbrev  0x0000000000000000      0x1d5 ./Src/stm32f407xx_spi_driver.o
 .debug_aranges
                0x0000000000000000       0xc0 ./Src/stm32f407xx_spi_driver.o
 .debug_ranges  0x0000000000000000       0xb0 ./Src/stm32f407xx_spi_driver.o
 .debug_macro   0x0000000000000000       0xc2 ./Src/stm32f407xx_spi_driver.o
 .debug_macro   0x0000000000000000      0xa84 ./Src/stm32f407xx_spi_driver.o
 .debug_macro   0x0000000000000000      0x174 ./Src/stm32f407xx_spi_driver.o
 .debug_macro   0x0000000000000000       0x22 ./Src/stm32f407xx_spi_driver.o
 .debug_macro   0x0000000000000000       0x8e ./Src/stm32f407xx_spi_driver.o
 .debug_macro   0x0000000000000000       0x51 ./Src/stm32f407xx_spi_driver.o
 .debug_macro   0x0000000000000000      0x103 ./Src/stm32f407xx_spi_driver.o
 .debug_macro   0x0000000000000000       0x6a ./Src/stm32f407xx_spi_driver.o
 .debug_macro   0x0000000000000000      0x1df ./Src/stm32f407xx_spi_driver.o
 .debug_macro   0x0000000000000000      0x674 ./Src/stm32f407xx_spi_driver.o
 .debug_macro   0x0000000000000000       0xc4 ./Src/stm32f407xx_spi_driver.o
 .debug_macro   0x0000000000000000       0xd6 ./Src/stm32f407xx_spi_driver.o
 .debug_macro   0x0000000000000000      0x108 ./Src/stm32f407xx_spi_driver.o
 .debug_macro   0x0000000000000000       0xbe ./Src/stm32f407xx_spi_driver.o
 .debug_line    0x0000000000000000      0x93b ./Src/stm32f407xx_spi_driver.o
 .debug_str     0x0000000000000000     0x6b05 ./Src/stm32f407xx_spi_driver.o
 .comment       0x0000000000000000       0x51 ./Src/stm32f407xx_spi_driver.o
 .debug_frame   0x0000000000000000      0x33c ./Src/stm32f407xx_spi_driver.o
 .ARM.attributes
                0x0000000000000000       0x34 ./Src/stm32f407xx_spi_driver.o
 .group         0x0000000000000000        0xc ./Src/stm32f407xx_usart_driver.o
 .group         0x0000000000000000        0xc ./Src/stm32f407xx_usart_driver.o
 .group         0x0000000000000000        0xc ./Src/stm32f407xx_usart_driver.o
 .group         0x0000000000000000        0xc ./Src/stm32f407xx_usart_driver.o
 .group         0x0000000000000000        0xc ./Src/stm32f407xx_usart_driver.o
 .group         0x0000000000000000        0xc ./Src/stm32f407xx_usart_driver.o
 .group         0x0000000000000000        0xc ./Src/stm32f407xx_usart_driver.o
 .group         0x0000000000000000        0xc ./Src/stm32f407xx_usart_driver.o
 .group         0x0000000000000000        0xc ./Src/stm32f407xx_usart_driver.o
 .group         0x0000000000000000        0xc ./Src/stm32f407xx_usart_driver.o
 .group         0x0000000000000000        0xc ./Src/stm32f407xx_usart_driver.o
 .group         0x0000000000000000        0xc ./Src/stm32f407xx_usart_driver.o
 .group         0x0000000000000000        0xc ./Src/stm32f407xx_usart_driver.o
 .text          0x0000000000000000        0x0 ./Src/stm32f407xx_usart_driver.o
 .data          0x0000000000000000        0x0 ./Src/stm32f407xx_usart_driver.o
 .bss           0x0000000000000000        0x0 ./Src/stm32f407xx_usart_driver.o
 .text.USART_ReceiveData
                0x0000000000000000       0xb0 ./Src/stm32f407xx_usart_driver.o
 .text.USART_SendDataIT
                0x0000000000000000       0x5c ./Src/stm32f407xx_usart_driver.o
 .text.USART_ReceiveDataIT
                0x0000000000000000       0x52 ./Src/stm32f407xx_usart_driver.o
 .text.USART_ClearFlag
                0x0000000000000000       0x26 ./Src/stm32f407xx_usart_driver.o
 .text.USART_IRQInterruptConfig
                0x0000000000000000      0x10c ./Src/stm32f407xx_usart_driver.o
 .text.USART_IRQPriorityConfig
                0x0000000000000000       0x54 ./Src/stm32f407xx_usart_driver.o
 .text.USART_IRQHandling
                0x0000000000000000      0x344 ./Src/stm32f407xx_usart_driver.o
 .text.USART_ApplicationEventCallback
                0x0000000000000000       0x18 ./Src/stm32f407xx_usart_driver.o
 .debug_macro   0x0000000000000000      0xa84 ./Src/stm32f407xx_usart_driver.o
 .debug_macro   0x0000000000000000      0x174 ./Src/stm32f407xx_usart_driver.o
 .debug_macro   0x0000000000000000       0x22 ./Src/stm32f407xx_usart_driver.o
 .debug_macro   0x0000000000000000       0x8e ./Src/stm32f407xx_usart_driver.o
 .debug_macro   0x0000000000000000       0x51 ./Src/stm32f407xx_usart_driver.o
 .debug_macro   0x0000000000000000      0x103 ./Src/stm32f407xx_usart_driver.o
 .debug_macro   0x0000000000000000       0x6a ./Src/stm32f407xx_usart_driver.o
 .debug_macro   0x0000000000000000      0x1df ./Src/stm32f407xx_usart_driver.o
 .debug_macro   0x0000000000000000      0x674 ./Src/stm32f407xx_usart_driver.o
 .debug_macro   0x0000000000000000       0xc4 ./Src/stm32f407xx_usart_driver.o
 .debug_macro   0x0000000000000000       0xc4 ./Src/stm32f407xx_usart_driver.o
 .debug_macro   0x0000000000000000       0xd6 ./Src/stm32f407xx_usart_driver.o
 .group         0x0000000000000000        0xc ./Src/syscalls.o
 .group         0x0000000000000000        0xc ./Src/syscalls.o
 .group         0x0000000000000000        0xc ./Src/syscalls.o
 .group         0x0000000000000000        0xc ./Src/syscalls.o
 .group         0x0000000000000000        0xc ./Src/syscalls.o
 .group         0x0000000000000000        0xc ./Src/syscalls.o
 .group         0x0000000000000000        0xc ./Src/syscalls.o
 .group         0x0000000000000000        0xc ./Src/syscalls.o
 .group         0x0000000000000000        0xc ./Src/syscalls.o
 .group         0x0000000000000000        0xc ./Src/syscalls.o
 .group         0x0000000000000000        0xc ./Src/syscalls.o
 .group         0x0000000000000000        0xc ./Src/syscalls.o
 .group         0x0000000000000000        0xc ./Src/syscalls.o
 .group         0x0000000000000000        0xc ./Src/syscalls.o
 .group         0x0000000000000000        0xc ./Src/syscalls.o
 .group         0x0000000000000000        0xc ./Src/syscalls.o
 .group         0x0000000000000000        0xc ./Src/syscalls.o
 .group         0x0000000000000000        0xc ./Src/syscalls.o
 .group         0x0000000000000000        0xc ./Src/syscalls.o
 .group         0x0000000000000000        0xc ./Src/syscalls.o
 .group         0x0000000000000000        0xc ./Src/syscalls.o
 .group         0x0000000000000000        0xc ./Src/syscalls.o
 .group         0x0000000000000000        0xc ./Src/syscalls.o
 .group         0x0000000000000000        0xc ./Src/syscalls.o
 .group         0x0000000000000000        0xc ./Src/syscalls.o
 .group         0x0000000000000000        0xc ./Src/syscalls.o
 .group         0x0000000000000000        0xc ./Src/syscalls.o
 .group         0x0000000000000000        0xc ./Src/syscalls.o
 .group         0x0000000000000000        0xc ./Src/syscalls.o
 .group         0x0000000000000000        0xc ./Src/syscalls.o
 .group         0x0000000000000000        0xc ./Src/syscalls.o
 .group         0x0000000000000000        0xc ./Src/syscalls.o
 .group         0x0000000000000000        0xc ./Src/syscalls.o
 .group         0x0000000000000000        0xc ./Src/syscalls.o
 .group         0x0000000000000000        0xc ./Src/syscalls.o
 .group         0x0000000000000000        0xc ./Src/syscalls.o
 .group         0x0000000000000000        0xc ./Src/syscalls.o
 .group         0x0000000000000000        0xc ./Src/syscalls.o
 .group         0x0000000000000000        0xc ./Src/syscalls.o
 .group         0x0000000000000000        0xc ./Src/syscalls.o
 .group         0x0000000000000000        0xc ./Src/syscalls.o
 .group         0x0000000000000000        0xc ./Src/syscalls.o
 .group         0x0000000000000000        0xc ./Src/syscalls.o
 .group         0x0000000000000000        0xc ./Src/syscalls.o
 .group         0x0000000000000000        0xc ./Src/syscalls.o
 .group         0x0000000000000000        0xc ./Src/syscalls.o
 .group         0x0000000000000000        0xc ./Src/syscalls.o
 .text          0x0000000000000000        0x0 ./Src/syscalls.o
 .data          0x0000000000000000        0x0 ./Src/syscalls.o
 .bss           0x0000000000000000        0x0 ./Src/syscalls.o
 .bss.__env     0x0000000000000000        0x4 ./Src/syscalls.o
 .data.environ  0x0000000000000000        0x4 ./Src/syscalls.o
 .text.initialise_monitor_handles
                0x0000000000000000        0xe ./Src/syscalls.o
 .text._getpid  0x0000000000000000       0x10 ./Src/syscalls.o
 .text._kill    0x0000000000000000       0x20 ./Src/syscalls.o
 .text._exit    0x0000000000000000       0x14 ./Src/syscalls.o
 .text._read    0x0000000000000000       0x3a ./Src/syscalls.o
 .text._write   0x0000000000000000       0x38 ./Src/syscalls.o
 .text._close   0x0000000000000000       0x18 ./Src/syscalls.o
 .text._fstat   0x0000000000000000       0x20 ./Src/syscalls.o
 .text._isatty  0x0000000000000000       0x16 ./Src/syscalls.o
 .text._lseek   0x0000000000000000       0x1a ./Src/syscalls.o
 .text._open    0x0000000000000000       0x1c ./Src/syscalls.o
 .text._wait    0x0000000000000000       0x1e ./Src/syscalls.o
 .text._unlink  0x0000000000000000       0x1e ./Src/syscalls.o
 .text._times   0x0000000000000000       0x18 ./Src/syscalls.o
 .text._stat    0x0000000000000000       0x20 ./Src/syscalls.o
 .text._link    0x0000000000000000       0x20 ./Src/syscalls.o
 .text._fork    0x0000000000000000       0x16 ./Src/syscalls.o
 .text._execve  0x0000000000000000       0x22 ./Src/syscalls.o
 .debug_info    0x0000000000000000      0x6e0 ./Src/syscalls.o
 .debug_abbrev  0x0000000000000000      0x1b3 ./Src/syscalls.o
 .debug_aranges
                0x0000000000000000       0xa8 ./Src/syscalls.o
 .debug_ranges  0x0000000000000000       0x98 ./Src/syscalls.o
 .debug_macro   0x0000000000000000      0x24c ./Src/syscalls.o
 .debug_macro   0x0000000000000000      0xa84 ./Src/syscalls.o
 .debug_macro   0x0000000000000000       0x22 ./Src/syscalls.o
 .debug_macro   0x0000000000000000       0x4c ./Src/syscalls.o
 .debug_macro   0x0000000000000000       0x1e ./Src/syscalls.o
 .debug_macro   0x0000000000000000       0x94 ./Src/syscalls.o
 .debug_macro   0x0000000000000000       0x3c ./Src/syscalls.o
 .debug_macro   0x0000000000000000       0x34 ./Src/syscalls.o
 .debug_macro   0x0000000000000000       0x57 ./Src/syscalls.o
 .debug_macro   0x0000000000000000      0x174 ./Src/syscalls.o
 .debug_macro   0x0000000000000000      0x341 ./Src/syscalls.o
 .debug_macro   0x0000000000000000       0x16 ./Src/syscalls.o
 .debug_macro   0x0000000000000000       0x43 ./Src/syscalls.o
 .debug_macro   0x0000000000000000       0x34 ./Src/syscalls.o
 .debug_macro   0x0000000000000000       0x10 ./Src/syscalls.o
 .debug_macro   0x0000000000000000       0x58 ./Src/syscalls.o
 .debug_macro   0x0000000000000000       0x71 ./Src/syscalls.o
 .debug_macro   0x0000000000000000       0x1c ./Src/syscalls.o
 .debug_macro   0x0000000000000000      0x12a ./Src/syscalls.o
 .debug_macro   0x0000000000000000       0x10 ./Src/syscalls.o
 .debug_macro   0x0000000000000000       0x35 ./Src/syscalls.o
 .debug_macro   0x0000000000000000       0x10 ./Src/syscalls.o
 .debug_macro   0x0000000000000000       0x10 ./Src/syscalls.o
 .debug_macro   0x0000000000000000       0x10 ./Src/syscalls.o
 .debug_macro   0x0000000000000000       0x6a ./Src/syscalls.o
 .debug_macro   0x0000000000000000       0x1c ./Src/syscalls.o
 .debug_macro   0x0000000000000000       0x52 ./Src/syscalls.o
 .debug_macro   0x0000000000000000       0x22 ./Src/syscalls.o
 .debug_macro   0x0000000000000000       0x10 ./Src/syscalls.o
 .debug_macro   0x0000000000000000       0x52 ./Src/syscalls.o
 .debug_macro   0x0000000000000000       0xd5 ./Src/syscalls.o
 .debug_macro   0x0000000000000000       0x1c ./Src/syscalls.o
 .debug_macro   0x0000000000000000       0x3d ./Src/syscalls.o
 .debug_macro   0x0000000000000000       0x35 ./Src/syscalls.o
 .debug_macro   0x0000000000000000      0x12c ./Src/syscalls.o
 .debug_macro   0x0000000000000000       0x16 ./Src/syscalls.o
 .debug_macro   0x0000000000000000       0x16 ./Src/syscalls.o
 .debug_macro   0x0000000000000000       0x29 ./Src/syscalls.o
 .debug_macro   0x0000000000000000       0x10 ./Src/syscalls.o
 .debug_macro   0x0000000000000000      0x241 ./Src/syscalls.o
 .debug_macro   0x0000000000000000       0x1c ./Src/syscalls.o
 .debug_macro   0x0000000000000000       0x10 ./Src/syscalls.o
 .debug_macro   0x0000000000000000       0x10 ./Src/syscalls.o
 .debug_macro   0x0000000000000000       0x16 ./Src/syscalls.o
 .debug_macro   0x0000000000000000      0x145 ./Src/syscalls.o
 .debug_macro   0x0000000000000000      0x189 ./Src/syscalls.o
 .debug_macro   0x0000000000000000       0x16 ./Src/syscalls.o
 .debug_macro   0x0000000000000000       0xce ./Src/syscalls.o
 .debug_line    0x0000000000000000      0x7ef ./Src/syscalls.o
 .debug_str     0x0000000000000000     0x8a7d ./Src/syscalls.o
 .comment       0x0000000000000000       0x51 ./Src/syscalls.o
 .debug_frame   0x0000000000000000      0x2ac ./Src/syscalls.o
 .ARM.attributes
                0x0000000000000000       0x34 ./Src/syscalls.o
 .group         0x0000000000000000        0xc ./Src/sysmem.o
 .group         0x0000000000000000        0xc ./Src/sysmem.o
 .group         0x0000000000000000        0xc ./Src/sysmem.o
 .group         0x0000000000000000        0xc ./Src/sysmem.o
 .group         0x0000000000000000        0xc ./Src/sysmem.o
 .group         0x0000000000000000        0xc ./Src/sysmem.o
 .group         0x0000000000000000        0xc ./Src/sysmem.o
 .group         0x0000000000000000        0xc ./Src/sysmem.o
 .group         0x0000000000000000        0xc ./Src/sysmem.o
 .group         0x0000000000000000        0xc ./Src/sysmem.o
 .group         0x0000000000000000        0xc ./Src/sysmem.o
 .group         0x0000000000000000        0xc ./Src/sysmem.o
 .group         0x0000000000000000        0xc ./Src/sysmem.o
 .group         0x0000000000000000        0xc ./Src/sysmem.o
 .group         0x0000000000000000        0xc ./Src/sysmem.o
 .group         0x0000000000000000        0xc ./Src/sysmem.o
 .group         0x0000000000000000        0xc ./Src/sysmem.o
 .group         0x0000000000000000        0xc ./Src/sysmem.o
 .group         0x0000000000000000        0xc ./Src/sysmem.o
 .group         0x0000000000000000        0xc ./Src/sysmem.o
 .group         0x0000000000000000        0xc ./Src/sysmem.o
 .group         0x0000000000000000        0xc ./Src/sysmem.o
 .text          0x0000000000000000        0x0 ./Src/sysmem.o
 .data          0x0000000000000000        0x0 ./Src/sysmem.o
 .bss           0x0000000000000000        0x0 ./Src/sysmem.o
 .bss.__sbrk_heap_end
                0x0000000000000000        0x4 ./Src/sysmem.o
 .text._sbrk    0x0000000000000000       0x6c ./Src/sysmem.o
 .debug_info    0x0000000000000000      0x171 ./Src/sysmem.o
 .debug_abbrev  0x0000000000000000       0xbb ./Src/sysmem.o
 .debug_aranges
                0x0000000000000000       0x20 ./Src/sysmem.o
 .debug_ranges  0x0000000000000000       0x10 ./Src/sysmem.o
 .debug_macro   0x0000000000000000       0xff ./Src/sysmem.o
 .debug_macro   0x0000000000000000      0xa84 ./Src/sysmem.o
 .debug_macro   0x0000000000000000       0x10 ./Src/sysmem.o
 .debug_macro   0x0000000000000000       0x22 ./Src/sysmem.o
 .debug_macro   0x0000000000000000       0x4c ./Src/sysmem.o
 .debug_macro   0x0000000000000000       0x1e ./Src/sysmem.o
 .debug_macro   0x0000000000000000       0x94 ./Src/sysmem.o
 .debug_macro   0x0000000000000000       0x3c ./Src/sysmem.o
 .debug_macro   0x0000000000000000       0x34 ./Src/sysmem.o
 .debug_macro   0x0000000000000000      0x174 ./Src/sysmem.o
 .debug_macro   0x0000000000000000       0x16 ./Src/sysmem.o
 .debug_macro   0x0000000000000000       0x43 ./Src/sysmem.o
 .debug_macro   0x0000000000000000       0x57 ./Src/sysmem.o
 .debug_macro   0x0000000000000000       0x34 ./Src/sysmem.o
 .debug_macro   0x0000000000000000       0x10 ./Src/sysmem.o
 .debug_macro   0x0000000000000000       0x58 ./Src/sysmem.o
 .debug_macro   0x0000000000000000       0x71 ./Src/sysmem.o
 .debug_macro   0x0000000000000000       0x1c ./Src/sysmem.o
 .debug_macro   0x0000000000000000      0x12a ./Src/sysmem.o
 .debug_macro   0x0000000000000000      0x23b ./Src/sysmem.o
 .debug_macro   0x0000000000000000      0x103 ./Src/sysmem.o
 .debug_macro   0x0000000000000000       0x6a ./Src/sysmem.o
 .debug_macro   0x0000000000000000      0x1df ./Src/sysmem.o
 .debug_line    0x0000000000000000      0x4e5 ./Src/sysmem.o
 .debug_str     0x0000000000000000     0x5db9 ./Src/sysmem.o
 .comment       0x0000000000000000       0x51 ./Src/sysmem.o
 .debug_frame   0x0000000000000000       0x34 ./Src/sysmem.o
 .ARM.attributes
                0x0000000000000000       0x34 ./Src/sysmem.o
 .text          0x0000000000000000       0x14 ./Startup/startup_stm32f411retx.o
 .data          0x0000000000000000        0x0 ./Startup/startup_stm32f411retx.o
 .bss           0x0000000000000000        0x0 ./Startup/startup_stm32f411retx.o
 .text          0x0000000000000000        0x0 c:/st/stm32cubeide_1.10.1/stm32cubeide/plugins/com.st.stm32cube.ide.mcu.externaltools.gnu-tools-for-stm32.10.3-2021.10.win32_1.0.0.202111181127/tools/bin/../lib/gcc/arm-none-eabi/10.3.1/../../../../arm-none-eabi/lib/thumb/v7e-m+fp/hard\libc_nano.a(lib_a-errno.o)
 .data          0x0000000000000000        0x0 c:/st/stm32cubeide_1.10.1/stm32cubeide/plugins/com.st.stm32cube.ide.mcu.externaltools.gnu-tools-for-stm32.10.3-2021.10.win32_1.0.0.202111181127/tools/bin/../lib/gcc/arm-none-eabi/10.3.1/../../../../arm-none-eabi/lib/thumb/v7e-m+fp/hard\libc_nano.a(lib_a-errno.o)
 .bss           0x0000000000000000        0x0 c:/st/stm32cubeide_1.10.1/stm32cubeide/plugins/com.st.stm32cube.ide.mcu.externaltools.gnu-tools-for-stm32.10.3-2021.10.win32_1.0.0.202111181127/tools/bin/../lib/gcc/arm-none-eabi/10.3.1/../../../../arm-none-eabi/lib/thumb/v7e-m+fp/hard\libc_nano.a(lib_a-errno.o)
 .text.__errno  0x0000000000000000        0xc c:/st/stm32cubeide_1.10.1/stm32cubeide/plugins/com.st.stm32cube.ide.mcu.externaltools.gnu-tools-for-stm32.10.3-2021.10.win32_1.0.0.202111181127/tools/bin/../lib/gcc/arm-none-eabi/10.3.1/../../../../arm-none-eabi/lib/thumb/v7e-m+fp/hard\libc_nano.a(lib_a-errno.o)
 .debug_frame   0x0000000000000000       0x20 c:/st/stm32cubeide_1.10.1/stm32cubeide/plugins/com.st.stm32cube.ide.mcu.externaltools.gnu-tools-for-stm32.10.3-2021.10.win32_1.0.0.202111181127/tools/bin/../lib/gcc/arm-none-eabi/10.3.1/../../../../arm-none-eabi/lib/thumb/v7e-m+fp/hard\libc_nano.a(lib_a-errno.o)
 .ARM.attributes
                0x0000000000000000       0x34 c:/st/stm32cubeide_1.10.1/stm32cubeide/plugins/com.st.stm32cube.ide.mcu.externaltools.gnu-tools-for-stm32.10.3-2021.10.win32_1.0.0.202111181127/tools/bin/../lib/gcc/arm-none-eabi/10.3.1/../../../../arm-none-eabi/lib/thumb/v7e-m+fp/hard\libc_nano.a(lib_a-errno.o)
 .text          0x0000000000000000        0x0 c:/st/stm32cubeide_1.10.1/stm32cubeide/plugins/com.st.stm32cube.ide.mcu.externaltools.gnu-tools-for-stm32.10.3-2021.10.win32_1.0.0.202111181127/tools/bin/../lib/gcc/arm-none-eabi/10.3.1/../../../../arm-none-eabi/lib/thumb/v7e-m+fp/hard\libc_nano.a(lib_a-exit.o)
 .data          0x0000000000000000        0x0 c:/st/stm32cubeide_1.10.1/stm32cubeide/plugins/com.st.stm32cube.ide.mcu.externaltools.gnu-tools-for-stm32.10.3-2021.10.win32_1.0.0.202111181127/tools/bin/../lib/gcc/arm-none-eabi/10.3.1/../../../../arm-none-eabi/lib/thumb/v7e-m+fp/hard\libc_nano.a(lib_a-exit.o)
 .bss           0x0000000000000000        0x0 c:/st/stm32cubeide_1.10.1/stm32cubeide/plugins/com.st.stm32cube.ide.mcu.externaltools.gnu-tools-for-stm32.10.3-2021.10.win32_1.0.0.202111181127/tools/bin/../lib/gcc/arm-none-eabi/10.3.1/../../../../arm-none-eabi/lib/thumb/v7e-m+fp/hard\libc_nano.a(lib_a-exit.o)
 .text.exit     0x0000000000000000       0x28 c:/st/stm32cubeide_1.10.1/stm32cubeide/plugins/com.st.stm32cube.ide.mcu.externaltools.gnu-tools-for-stm32.10.3-2021.10.win32_1.0.0.202111181127/tools/bin/../lib/gcc/arm-none-eabi/10.3.1/../../../../arm-none-eabi/lib/thumb/v7e-m+fp/hard\libc_nano.a(lib_a-exit.o)
 .debug_frame   0x0000000000000000       0x28 c:/st/stm32cubeide_1.10.1/stm32cubeide/plugins/com.st.stm32cube.ide.mcu.externaltools.gnu-tools-for-stm32.10.3-2021.10.win32_1.0.0.202111181127/tools/bin/../lib/gcc/arm-none-eabi/10.3.1/../../../../arm-none-eabi/lib/thumb/v7e-m+fp/hard\libc_nano.a(lib_a-exit.o)
 .ARM.attributes
                0x0000000000000000       0x34 c:/st/stm32cubeide_1.10.1/stm32cubeide/plugins/com.st.stm32cube.ide.mcu.externaltools.gnu-tools-for-stm32.10.3-2021.10.win32_1.0.0.202111181127/tools/bin/../lib/gcc/arm-none-eabi/10.3.1/../../../../arm-none-eabi/lib/thumb/v7e-m+fp/hard\libc_nano.a(lib_a-exit.o)
 .text          0x0000000000000000        0x0 c:/st/stm32cubeide_1.10.1/stm32cubeide/plugins/com.st.stm32cube.ide.mcu.externaltools.gnu-tools-for-stm32.10.3-2021.10.win32_1.0.0.202111181127/tools/bin/../lib/gcc/arm-none-eabi/10.3.1/../../../../arm-none-eabi/lib/thumb/v7e-m+fp/hard\libc_nano.a(lib_a-impure.o)
 .data          0x0000000000000000        0x0 c:/st/stm32cubeide_1.10.1/stm32cubeide/plugins/com.st.stm32cube.ide.mcu.externaltools.gnu-tools-for-stm32.10.3-2021.10.win32_1.0.0.202111181127/tools/bin/../lib/gcc/arm-none-eabi/10.3.1/../../../../arm-none-eabi/lib/thumb/v7e-m+fp/hard\libc_nano.a(lib_a-impure.o)
 .bss           0x0000000000000000        0x0 c:/st/stm32cubeide_1.10.1/stm32cubeide/plugins/com.st.stm32cube.ide.mcu.externaltools.gnu-tools-for-stm32.10.3-2021.10.win32_1.0.0.202111181127/tools/bin/../lib/gcc/arm-none-eabi/10.3.1/../../../../arm-none-eabi/lib/thumb/v7e-m+fp/hard\libc_nano.a(lib_a-impure.o)
 .data._impure_ptr
                0x0000000000000000        0x4 c:/st/stm32cubeide_1.10.1/stm32cubeide/plugins/com.st.stm32cube.ide.mcu.externaltools.gnu-tools-for-stm32.10.3-2021.10.win32_1.0.0.202111181127/tools/bin/../lib/gcc/arm-none-eabi/10.3.1/../../../../arm-none-eabi/lib/thumb/v7e-m+fp/hard\libc_nano.a(lib_a-impure.o)
 .data.impure_data
                0x0000000000000000       0x60 c:/st/stm32cubeide_1.10.1/stm32cubeide/plugins/com.st.stm32cube.ide.mcu.externaltools.gnu-tools-for-stm32.10.3-2021.10.win32_1.0.0.202111181127/tools/bin/../lib/gcc/arm-none-eabi/10.3.1/../../../../arm-none-eabi/lib/thumb/v7e-m+fp/hard\libc_nano.a(lib_a-impure.o)
 .rodata._global_impure_ptr
                0x0000000000000000        0x4 c:/st/stm32cubeide_1.10.1/stm32cubeide/plugins/com.st.stm32cube.ide.mcu.externaltools.gnu-tools-for-stm32.10.3-2021.10.win32_1.0.0.202111181127/tools/bin/../lib/gcc/arm-none-eabi/10.3.1/../../../../arm-none-eabi/lib/thumb/v7e-m+fp/hard\libc_nano.a(lib_a-impure.o)
 .ARM.attributes
                0x0000000000000000       0x34 c:/st/stm32cubeide_1.10.1/stm32cubeide/plugins/com.st.stm32cube.ide.mcu.externaltools.gnu-tools-for-stm32.10.3-2021.10.win32_1.0.0.202111181127/tools/bin/../lib/gcc/arm-none-eabi/10.3.1/../../../../arm-none-eabi/lib/thumb/v7e-m+fp/hard\libc_nano.a(lib_a-impure.o)
 .text          0x0000000000000000        0x0 c:/st/stm32cubeide_1.10.1/stm32cubeide/plugins/com.st.stm32cube.ide.mcu.externaltools.gnu-tools-for-stm32.10.3-2021.10.win32_1.0.0.202111181127/tools/bin/../lib/gcc/arm-none-eabi/10.3.1/../../../../arm-none-eabi/lib/thumb/v7e-m+fp/hard\libc_nano.a(lib_a-init.o)
 .data          0x0000000000000000        0x0 c:/st/stm32cubeide_1.10.1/stm32cubeide/plugins/com.st.stm32cube.ide.mcu.externaltools.gnu-tools-for-stm32.10.3-2021.10.win32_1.0.0.202111181127/tools/bin/../lib/gcc/arm-none-eabi/10.3.1/../../../../arm-none-eabi/lib/thumb/v7e-m+fp/hard\libc_nano.a(lib_a-init.o)
 .bss           0x0000000000000000        0x0 c:/st/stm32cubeide_1.10.1/stm32cubeide/plugins/com.st.stm32cube.ide.mcu.externaltools.gnu-tools-for-stm32.10.3-2021.10.win32_1.0.0.202111181127/tools/bin/../lib/gcc/arm-none-eabi/10.3.1/../../../../arm-none-eabi/lib/thumb/v7e-m+fp/hard\libc_nano.a(lib_a-init.o)
 .text          0x0000000000000000        0x0 c:/st/stm32cubeide_1.10.1/stm32cubeide/plugins/com.st.stm32cube.ide.mcu.externaltools.gnu-tools-for-stm32.10.3-2021.10.win32_1.0.0.202111181127/tools/bin/../lib/gcc/arm-none-eabi/10.3.1/../../../../arm-none-eabi/lib/thumb/v7e-m+fp/hard\libc_nano.a(lib_a-memset.o)
 .data          0x0000000000000000        0x0 c:/st/stm32cubeide_1.10.1/stm32cubeide/plugins/com.st.stm32cube.ide.mcu.externaltools.gnu-tools-for-stm32.10.3-2021.10.win32_1.0.0.202111181127/tools/bin/../lib/gcc/arm-none-eabi/10.3.1/../../../../arm-none-eabi/lib/thumb/v7e-m+fp/hard\libc_nano.a(lib_a-memset.o)
 .bss           0x0000000000000000        0x0 c:/st/stm32cubeide_1.10.1/stm32cubeide/plugins/com.st.stm32cube.ide.mcu.externaltools.gnu-tools-for-stm32.10.3-2021.10.win32_1.0.0.202111181127/tools/bin/../lib/gcc/arm-none-eabi/10.3.1/../../../../arm-none-eabi/lib/thumb/v7e-m+fp/hard\libc_nano.a(lib_a-memset.o)
 .text.memset   0x0000000000000000       0x10 c:/st/stm32cubeide_1.10.1/stm32cubeide/plugins/com.st.stm32cube.ide.mcu.externaltools.gnu-tools-for-stm32.10.3-2021.10.win32_1.0.0.202111181127/tools/bin/../lib/gcc/arm-none-eabi/10.3.1/../../../../arm-none-eabi/lib/thumb/v7e-m+fp/hard\libc_nano.a(lib_a-memset.o)
 .debug_frame   0x0000000000000000       0x20 c:/st/stm32cubeide_1.10.1/stm32cubeide/plugins/com.st.stm32cube.ide.mcu.externaltools.gnu-tools-for-stm32.10.3-2021.10.win32_1.0.0.202111181127/tools/bin/../lib/gcc/arm-none-eabi/10.3.1/../../../../arm-none-eabi/lib/thumb/v7e-m+fp/hard\libc_nano.a(lib_a-memset.o)
 .ARM.attributes
                0x0000000000000000       0x34 c:/st/stm32cubeide_1.10.1/stm32cubeide/plugins/com.st.stm32cube.ide.mcu.externaltools.gnu-tools-for-stm32.10.3-2021.10.win32_1.0.0.202111181127/tools/bin/../lib/gcc/arm-none-eabi/10.3.1/../../../../arm-none-eabi/lib/thumb/v7e-m+fp/hard\libc_nano.a(lib_a-memset.o)
 .data          0x0000000000000000        0x0 c:/st/stm32cubeide_1.10.1/stm32cubeide/plugins/com.st.stm32cube.ide.mcu.externaltools.gnu-tools-for-stm32.10.3-2021.10.win32_1.0.0.202111181127/tools/bin/../lib/gcc/arm-none-eabi/10.3.1/../../../../arm-none-eabi/lib/thumb/v7e-m+fp/hard\libc_nano.a(lib_a-strlen.o)
 .bss           0x0000000000000000        0x0 c:/st/stm32cubeide_1.10.1/stm32cubeide/plugins/com.st.stm32cube.ide.mcu.externaltools.gnu-tools-for-stm32.10.3-2021.10.win32_1.0.0.202111181127/tools/bin/../lib/gcc/arm-none-eabi/10.3.1/../../../../arm-none-eabi/lib/thumb/v7e-m+fp/hard\libc_nano.a(lib_a-strlen.o)
 .text          0x0000000000000000        0x0 c:/st/stm32cubeide_1.10.1/stm32cubeide/plugins/com.st.stm32cube.ide.mcu.externaltools.gnu-tools-for-stm32.10.3-2021.10.win32_1.0.0.202111181127/tools/bin/../lib/gcc/arm-none-eabi/10.3.1/thumb/v7e-m+fp/hard/crtend.o
 .data          0x0000000000000000        0x0 c:/st/stm32cubeide_1.10.1/stm32cubeide/plugins/com.st.stm32cube.ide.mcu.externaltools.gnu-tools-for-stm32.10.3-2021.10.win32_1.0.0.202111181127/tools/bin/../lib/gcc/arm-none-eabi/10.3.1/thumb/v7e-m+fp/hard/crtend.o
 .bss           0x0000000000000000        0x0 c:/st/stm32cubeide_1.10.1/stm32cubeide/plugins/com.st.stm32cube.ide.mcu.externaltools.gnu-tools-for-stm32.10.3-2021.10.win32_1.0.0.202111181127/tools/bin/../lib/gcc/arm-none-eabi/10.3.1/thumb/v7e-m+fp/hard/crtend.o
 .rodata        0x0000000000000000       0x24 c:/st/stm32cubeide_1.10.1/stm32cubeide/plugins/com.st.stm32cube.ide.mcu.externaltools.gnu-tools-for-stm32.10.3-2021.10.win32_1.0.0.202111181127/tools/bin/../lib/gcc/arm-none-eabi/10.3.1/thumb/v7e-m+fp/hard/crtend.o
 .eh_frame      0x0000000000000000        0x4 c:/st/stm32cubeide_1.10.1/stm32cubeide/plugins/com.st.stm32cube.ide.mcu.externaltools.gnu-tools-for-stm32.10.3-2021.10.win32_1.0.0.202111181127/tools/bin/../lib/gcc/arm-none-eabi/10.3.1/thumb/v7e-m+fp/hard/crtend.o
 .ARM.attributes
                0x0000000000000000       0x34 c:/st/stm32cubeide_1.10.1/stm32cubeide/plugins/com.st.stm32cube.ide.mcu.externaltools.gnu-tools-for-stm32.10.3-2021.10.win32_1.0.0.202111181127/tools/bin/../lib/gcc/arm-none-eabi/10.3.1/thumb/v7e-m+fp/hard/crtend.o
 .text          0x0000000000000000        0x0 c:/st/stm32cubeide_1.10.1/stm32cubeide/plugins/com.st.stm32cube.ide.mcu.externaltools.gnu-tools-for-stm32.10.3-2021.10.win32_1.0.0.202111181127/tools/bin/../lib/gcc/arm-none-eabi/10.3.1/thumb/v7e-m+fp/hard/crtn.o
 .data          0x0000000000000000        0x0 c:/st/stm32cubeide_1.10.1/stm32cubeide/plugins/com.st.stm32cube.ide.mcu.externaltools.gnu-tools-for-stm32.10.3-2021.10.win32_1.0.0.202111181127/tools/bin/../lib/gcc/arm-none-eabi/10.3.1/thumb/v7e-m+fp/hard/crtn.o
 .bss           0x0000000000000000        0x0 c:/st/stm32cubeide_1.10.1/stm32cubeide/plugins/com.st.stm32cube.ide.mcu.externaltools.gnu-tools-for-stm32.10.3-2021.10.win32_1.0.0.202111181127/tools/bin/../lib/gcc/arm-none-eabi/10.3.1/thumb/v7e-m+fp/hard/crtn.o

Memory Configuration

Name             Origin             Length             Attributes
RAM              0x0000000020000000 0x0000000000020000 xrw
FLASH            0x0000000008000000 0x0000000000080000 xr
*default*        0x0000000000000000 0xffffffffffffffff

Linker script and memory map

LOAD c:/st/stm32cubeide_1.10.1/stm32cubeide/plugins/com.st.stm32cube.ide.mcu.externaltools.gnu-tools-for-stm32.10.3-2021.10.win32_1.0.0.202111181127/tools/bin/../lib/gcc/arm-none-eabi/10.3.1/thumb/v7e-m+fp/hard/crti.o
LOAD c:/st/stm32cubeide_1.10.1/stm32cubeide/plugins/com.st.stm32cube.ide.mcu.externaltools.gnu-tools-for-stm32.10.3-2021.10.win32_1.0.0.202111181127/tools/bin/../lib/gcc/arm-none-eabi/10.3.1/thumb/v7e-m+fp/hard/crtbegin.o
LOAD c:/st/stm32cubeide_1.10.1/stm32cubeide/plugins/com.st.stm32cube.ide.mcu.externaltools.gnu-tools-for-stm32.10.3-2021.10.win32_1.0.0.202111181127/tools/bin/../lib/gcc/arm-none-eabi/10.3.1/../../../../arm-none-eabi/lib/thumb/v7e-m+fp/hard/crt0.o
LOAD ./Src/main.o
LOAD ./Src/stm32f407xx_gpio_driver.o
LOAD ./Src/stm32f407xx_i2c_driver.o
LOAD ./Src/stm32f407xx_rcc_driver.o
LOAD ./Src/stm32f407xx_spi_driver.o
LOAD ./Src/stm32f407xx_usart_driver.o
LOAD ./Src/syscalls.o
LOAD ./Src/sysmem.o
LOAD ./Startup/startup_stm32f411retx.o
START GROUP
LOAD c:/st/stm32cubeide_1.10.1/stm32cubeide/plugins/com.st.stm32cube.ide.mcu.externaltools.gnu-tools-for-stm32.10.3-2021.10.win32_1.0.0.202111181127/tools/bin/../lib/gcc/arm-none-eabi/10.3.1/../../../../arm-none-eabi/lib/thumb/v7e-m+fp/hard\libc_nano.a
LOAD c:/st/stm32cubeide_1.10.1/stm32cubeide/plugins/com.st.stm32cube.ide.mcu.externaltools.gnu-tools-for-stm32.10.3-2021.10.win32_1.0.0.202111181127/tools/bin/../lib/gcc/arm-none-eabi/10.3.1/../../../../arm-none-eabi/lib/thumb/v7e-m+fp/hard\libm.a
END GROUP
START GROUP
LOAD c:/st/stm32cubeide_1.10.1/stm32cubeide/plugins/com.st.stm32cube.ide.mcu.externaltools.gnu-tools-for-stm32.10.3-2021.10.win32_1.0.0.202111181127/tools/bin/../lib/gcc/arm-none-eabi/10.3.1/thumb/v7e-m+fp/hard\libgcc.a
LOAD c:/st/stm32cubeide_1.10.1/stm32cubeide/plugins/com.st.stm32cube.ide.mcu.externaltools.gnu-tools-for-stm32.10.3-2021.10.win32_1.0.0.202111181127/tools/bin/../lib/gcc/arm-none-eabi/10.3.1/../../../../arm-none-eabi/lib/thumb/v7e-m+fp/hard\libc_nano.a
END GROUP
START GROUP
LOAD c:/st/stm32cubeide_1.10.1/stm32cubeide/plugins/com.st.stm32cube.ide.mcu.externaltools.gnu-tools-for-stm32.10.3-2021.10.win32_1.0.0.202111181127/tools/bin/../lib/gcc/arm-none-eabi/10.3.1/thumb/v7e-m+fp/hard\libgcc.a
LOAD c:/st/stm32cubeide_1.10.1/stm32cubeide/plugins/com.st.stm32cube.ide.mcu.externaltools.gnu-tools-for-stm32.10.3-2021.10.win32_1.0.0.202111181127/tools/bin/../lib/gcc/arm-none-eabi/10.3.1/../../../../arm-none-eabi/lib/thumb/v7e-m+fp/hard\libc_nano.a
LOAD c:/st/stm32cubeide_1.10.1/stm32cubeide/plugins/com.st.stm32cube.ide.mcu.externaltools.gnu-tools-for-stm32.10.3-2021.10.win32_1.0.0.202111181127/tools/bin/../lib/gcc/arm-none-eabi/10.3.1/../../../../arm-none-eabi/lib/thumb/v7e-m+fp/hard\libnosys.a
END GROUP
START GROUP
LOAD c:/st/stm32cubeide_1.10.1/stm32cubeide/plugins/com.st.stm32cube.ide.mcu.externaltools.gnu-tools-for-stm32.10.3-2021.10.win32_1.0.0.202111181127/tools/bin/../lib/gcc/arm-none-eabi/10.3.1/thumb/v7e-m+fp/hard\libgcc.a
LOAD c:/st/stm32cubeide_1.10.1/stm32cubeide/plugins/com.st.stm32cube.ide.mcu.externaltools.gnu-tools-for-stm32.10.3-2021.10.win32_1.0.0.202111181127/tools/bin/../lib/gcc/arm-none-eabi/10.3.1/../../../../arm-none-eabi/lib/thumb/v7e-m+fp/hard\libc_nano.a
LOAD c:/st/stm32cubeide_1.10.1/stm32cubeide/plugins/com.st.stm32cube.ide.mcu.externaltools.gnu-tools-for-stm32.10.3-2021.10.win32_1.0.0.202111181127/tools/bin/../lib/gcc/arm-none-eabi/10.3.1/../../../../arm-none-eabi/lib/thumb/v7e-m+fp/hard\libnosys.a
END GROUP
LOAD c:/st/stm32cubeide_1.10.1/stm32cubeide/plugins/com.st.stm32cube.ide.mcu.externaltools.gnu-tools-for-stm32.10.3-2021.10.win32_1.0.0.202111181127/tools/bin/../lib/gcc/arm-none-eabi/10.3.1/thumb/v7e-m+fp/hard/crtend.o
LOAD c:/st/stm32cubeide_1.10.1/stm32cubeide/plugins/com.st.stm32cube.ide.mcu.externaltools.gnu-tools-for-stm32.10.3-2021.10.win32_1.0.0.202111181127/tools/bin/../lib/gcc/arm-none-eabi/10.3.1/thumb/v7e-m+fp/hard/crtn.o
                0x0000000020020000                _estack = (ORIGIN (RAM) + LENGTH (RAM))
                0x0000000000000200                _Min_Heap_Size = 0x200
                0x0000000000000400                _Min_Stack_Size = 0x400

.isr_vector     0x0000000008000000      0x198
                0x0000000008000000                . = ALIGN (0x4)
 *(.isr_vector)
 .isr_vector    0x0000000008000000      0x198 ./Startup/startup_stm32f411retx.o
                0x0000000008000000                g_pfnVectors
                0x0000000008000198                . = ALIGN (0x4)

.text           0x0000000008000198      0xba8
                0x0000000008000198                . = ALIGN (0x4)
 *(.text)
 .text          0x0000000008000198       0x40 c:/st/stm32cubeide_1.10.1/stm32cubeide/plugins/com.st.stm32cube.ide.mcu.externaltools.gnu-tools-for-stm32.10.3-2021.10.win32_1.0.0.202111181127/tools/bin/../lib/gcc/arm-none-eabi/10.3.1/thumb/v7e-m+fp/hard/crtbegin.o
 .text          0x00000000080001d8       0x10 c:/st/stm32cubeide_1.10.1/stm32cubeide/plugins/com.st.stm32cube.ide.mcu.externaltools.gnu-tools-for-stm32.10.3-2021.10.win32_1.0.0.202111181127/tools/bin/../lib/gcc/arm-none-eabi/10.3.1/../../../../arm-none-eabi/lib/thumb/v7e-m+fp/hard\libc_nano.a(lib_a-strlen.o)
                0x00000000080001d8                strlen
 *(.text*)
 .text.USART2_Init
                0x00000000080001e8       0x44 ./Src/main.o
                0x00000000080001e8                USART2_Init
 .text.USART2_GPIOInit
                0x000000000800022c       0x44 ./Src/main.o
                0x000000000800022c                USART2_GPIOInit
 .text.GPIO_ButtonInit
                0x0000000008000270       0x5c ./Src/main.o
                0x0000000008000270                GPIO_ButtonInit
 .text.delay    0x00000000080002cc       0x2c ./Src/main.o
                0x00000000080002cc                delay
 .text.main     0x00000000080002f8       0x50 ./Src/main.o
                0x00000000080002f8                main
 .text.GPIO_PeriClockControl
                0x0000000008000348      0x10c ./Src/stm32f407xx_gpio_driver.o
                0x0000000008000348                GPIO_PeriClockControl
 .text.GPIO_Init
                0x0000000008000454      0x338 ./Src/stm32f407xx_gpio_driver.o
                0x0000000008000454                GPIO_Init
 .text.GPIO_ReadFromInputPin
                0x000000000800078c       0x2c ./Src/stm32f407xx_gpio_driver.o
                0x000000000800078c                GPIO_ReadFromInputPin
 .text.RCC_GetPCLK1Value
                0x00000000080007b8       0xb0 ./Src/stm32f407xx_rcc_driver.o
                0x00000000080007b8                RCC_GetPCLK1Value
 .text.RCC_GetPCLK2Value
                0x0000000008000868       0xa0 ./Src/stm32f407xx_rcc_driver.o
                0x0000000008000868                RCC_GetPCLK2Value
 .text.RCC_GetPLLOutputClock
                0x0000000008000908       0x10 ./Src/stm32f407xx_rcc_driver.o
                0x0000000008000908                RCC_GetPLLOutputClock
 .text.USART_SetBaudRate
                0x0000000008000918       0xe4 ./Src/stm32f407xx_usart_driver.o
                0x0000000008000918                USART_SetBaudRate
 .text.USART_Init
                0x00000000080009fc      0x106 ./Src/stm32f407xx_usart_driver.o
                0x00000000080009fc                USART_Init
 .text.USART_PeripheralControl
                0x0000000008000b02       0x38 ./Src/stm32f407xx_usart_driver.o
                0x0000000008000b02                USART_PeripheralControl
 *fill*         0x0000000008000b3a        0x2 
 .text.USART_PeriClockControl
                0x0000000008000b3c       0x88 ./Src/stm32f407xx_usart_driver.o
                0x0000000008000b3c                USART_PeriClockControl
 .text.USART_GetFlagStatus
                0x0000000008000bc4       0x2a ./Src/stm32f407xx_usart_driver.o
                0x0000000008000bc4                USART_GetFlagStatus
 .text.USART_SendData
                0x0000000008000bee       0x9c ./Src/stm32f407xx_usart_driver.o
                0x0000000008000bee                USART_SendData
 *fill*         0x0000000008000c8a        0x2 
 .text.Reset_Handler
                0x0000000008000c8c       0x50 ./Startup/startup_stm32f411retx.o
                0x0000000008000c8c                Reset_Handler
 .text.Default_Handler
                0x0000000008000cdc        0x2 ./Startup/startup_stm32f411retx.o
                0x0000000008000cdc                RTC_Alarm_IRQHandler
                0x0000000008000cdc                EXTI2_IRQHandler
                0x0000000008000cdc                DebugMon_Handler
                0x0000000008000cdc                SPI4_IRQHandler
                0x0000000008000cdc                TIM1_CC_IRQHandler
                0x0000000008000cdc                DMA2_Stream5_IRQHandler
                0x0000000008000cdc                HardFault_Handler
                0x0000000008000cdc                DMA1_Stream5_IRQHandler
                0x0000000008000cdc                SysTick_Handler
                0x0000000008000cdc                PVD_IRQHandler
                0x0000000008000cdc                SDIO_IRQHandler
                0x0000000008000cdc                TAMP_STAMP_IRQHandler
                0x0000000008000cdc                PendSV_Handler
                0x0000000008000cdc                NMI_Handler
                0x0000000008000cdc                EXTI3_IRQHandler
                0x0000000008000cdc                TIM1_UP_TIM10_IRQHandler
                0x0000000008000cdc                I2C3_ER_IRQHandler
                0x0000000008000cdc                EXTI0_IRQHandler
                0x0000000008000cdc                I2C2_EV_IRQHandler
                0x0000000008000cdc                DMA1_Stream2_IRQHandler
                0x0000000008000cdc                FPU_IRQHandler
                0x0000000008000cdc                UsageFault_Handler
                0x0000000008000cdc                DMA2_Stream2_IRQHandler
                0x0000000008000cdc                SPI1_IRQHandler
                0x0000000008000cdc                TIM1_BRK_TIM9_IRQHandler
                0x0000000008000cdc                DMA2_Stream3_IRQHandler
                0x0000000008000cdc                USART6_IRQHandler
                0x0000000008000cdc                DMA2_Stream0_IRQHandler
                0x0000000008000cdc                TIM4_IRQHandler
                0x0000000008000cdc                I2C1_EV_IRQHandler
                0x0000000008000cdc                DMA1_Stream6_IRQHandler
                0x0000000008000cdc                DMA1_Stream1_IRQHandler
                0x0000000008000cdc                TIM3_IRQHandler
                0x0000000008000cdc                RCC_IRQHandler
                0x0000000008000cdc                Default_Handler
                0x0000000008000cdc                EXTI15_10_IRQHandler
                0x0000000008000cdc                ADC_IRQHandler
                0x0000000008000cdc                DMA1_Stream7_IRQHandler
                0x0000000008000cdc                SPI5_IRQHandler
                0x0000000008000cdc                TIM5_IRQHandler
                0x0000000008000cdc                DMA2_Stream7_IRQHandler
                0x0000000008000cdc                I2C3_EV_IRQHandler
                0x0000000008000cdc                EXTI9_5_IRQHandler
                0x0000000008000cdc                RTC_WKUP_IRQHandler
                0x0000000008000cdc                SPI2_IRQHandler
                0x0000000008000cdc                MemManage_Handler
                0x0000000008000cdc                DMA1_Stream0_IRQHandler
                0x0000000008000cdc                SVC_Handler
                0x0000000008000cdc                EXTI4_IRQHandler
                0x0000000008000cdc                WWDG_IRQHandler
                0x0000000008000cdc                TIM2_IRQHandler
                0x0000000008000cdc                OTG_FS_WKUP_IRQHandler
                0x0000000008000cdc                TIM1_TRG_COM_TIM11_IRQHandler
                0x0000000008000cdc                EXTI1_IRQHandler
                0x0000000008000cdc                USART2_IRQHandler
                0x0000000008000cdc                I2C2_ER_IRQHandler
                0x0000000008000cdc                DMA2_Stream1_IRQHandler
                0x0000000008000cdc                FLASH_IRQHandler
                0x0000000008000cdc                DMA2_Stream4_IRQHandler
                0x0000000008000cdc                BusFault_Handler
                0x0000000008000cdc                USART1_IRQHandler
                0x0000000008000cdc                OTG_FS_IRQHandler
                0x0000000008000cdc                SPI3_IRQHandler
                0x0000000008000cdc                DMA1_Stream4_IRQHandler
                0x0000000008000cdc                I2C1_ER_IRQHandler
                0x0000000008000cdc                DMA2_Stream6_IRQHandler
                0x0000000008000cdc                DMA1_Stream3_IRQHandler
 *fill*         0x0000000008000cde        0x2 
 .text.__libc_init_array
                0x0000000008000ce0       0x48 c:/st/stm32cubeide_1.10.1/stm32cubeide/plugins/com.st.stm32cube.ide.mcu.externaltools.gnu-tools-for-stm32.10.3-2021.10.win32_1.0.0.202111181127/tools/bin/../lib/gcc/arm-none-eabi/10.3.1/../../../../arm-none-eabi/lib/thumb/v7e-m+fp/hard\libc_nano.a(lib_a-init.o)
                0x0000000008000ce0                __libc_init_array
 *(.glue_7)
 .glue_7        0x0000000008000d28        0x0 linker stubs
 *(.glue_7t)
 .glue_7t       0x0000000008000d28        0x0 linker stubs
 *(.eh_frame)
 .eh_frame      0x0000000008000d28        0x0 c:/st/stm32cubeide_1.10.1/stm32cubeide/plugins/com.st.stm32cube.ide.mcu.externaltools.gnu-tools-for-stm32.10.3-2021.10.win32_1.0.0.202111181127/tools/bin/../lib/gcc/arm-none-eabi/10.3.1/thumb/v7e-m+fp/hard/crtbegin.o
 *(.init)
 .init          0x0000000008000d28        0x4 c:/st/stm32cubeide_1.10.1/stm32cubeide/plugins/com.st.stm32cube.ide.mcu.externaltools.gnu-tools-for-stm32.10.3-2021.10.win32_1.0.0.202111181127/tools/bin/../lib/gcc/arm-none-eabi/10.3.1/thumb/v7e-m+fp/hard/crti.o
                0x0000000008000d28                _init
 .init          0x0000000008000d2c        0x8 c:/st/stm32cubeide_1.10.1/stm32cubeide/plugins/com.st.stm32cube.ide.mcu.externaltools.gnu-tools-for-stm32.10.3-2021.10.win32_1.0.0.202111181127/tools/bin/../lib/gcc/arm-none-eabi/10.3.1/thumb/v7e-m+fp/hard/crtn.o
 *(.fini)
 .fini          0x0000000008000d34        0x4 c:/st/stm32cubeide_1.10.1/stm32cubeide/plugins/com.st.stm32cube.ide.mcu.externaltools.gnu-tools-for-stm32.10.3-2021.10.win32_1.0.0.202111181127/tools/bin/../lib/gcc/arm-none-eabi/10.3.1/thumb/v7e-m+fp/hard/crti.o
                0x0000000008000d34                _fini
 .fini          0x0000000008000d38        0x8 c:/st/stm32cubeide_1.10.1/stm32cubeide/plugins/com.st.stm32cube.ide.mcu.externaltools.gnu-tools-for-stm32.10.3-2021.10.win32_1.0.0.202111181127/tools/bin/../lib/gcc/arm-none-eabi/10.3.1/thumb/v7e-m+fp/hard/crtn.o
                0x0000000008000d40                . = ALIGN (0x4)
                0x0000000008000d40                _etext = .

.vfp11_veneer   0x0000000008000d40        0x0
 .vfp11_veneer  0x0000000008000d40        0x0 linker stubs

.v4_bx          0x0000000008000d40        0x0
 .v4_bx         0x0000000008000d40        0x0 linker stubs

.iplt           0x0000000008000d40        0x0
 .iplt          0x0000000008000d40        0x0 c:/st/stm32cubeide_1.10.1/stm32cubeide/plugins/com.st.stm32cube.ide.mcu.externaltools.gnu-tools-for-stm32.10.3-2021.10.win32_1.0.0.202111181127/tools/bin/../lib/gcc/arm-none-eabi/10.3.1/thumb/v7e-m+fp/hard/crtbegin.o

.rel.dyn        0x0000000008000d40        0x0
 .rel.iplt      0x0000000008000d40        0x0 c:/st/stm32cubeide_1.10.1/stm32cubeide/plugins/com.st.stm32cube.ide.mcu.externaltools.gnu-tools-for-stm32.10.3-2021.10.win32_1.0.0.202111181127/tools/bin/../lib/gcc/arm-none-eabi/10.3.1/thumb/v7e-m+fp/hard/crtbegin.o

.rodata         0x0000000008000d40        0x0
                0x0000000008000d40                . = ALIGN (0x4)
 *(.rodata)
 *(.rodata*)
                0x0000000008000d40                . = ALIGN (0x4)

.ARM.extab      0x0000000008000d40        0x0
                0x0000000008000d40                . = ALIGN (0x4)
 *(.ARM.extab* .gnu.linkonce.armextab.*)
                0x0000000008000d40                . = ALIGN (0x4)

.ARM            0x0000000008000d40        0x0
                0x0000000008000d40                . = ALIGN (0x4)
                0x0000000008000d40                __exidx_start = .
 *(.ARM.exidx*)
                0x0000000008000d40                __exidx_end = .
                0x0000000008000d40                . = ALIGN (0x4)

.preinit_array  0x0000000008000d40        0x0
                0x0000000008000d40                . = ALIGN (0x4)
                0x0000000008000d40                PROVIDE (__preinit_array_start = .)
 *(.preinit_array*)
                0x0000000008000d40                PROVIDE (__preinit_array_end = .)
                0x0000000008000d40                . = ALIGN (0x4)

.init_array     0x0000000008000d40        0x4
                0x0000000008000d40                . = ALIGN (0x4)
                0x0000000008000d40                PROVIDE (__init_array_start = .)
 *(SORT_BY_NAME(.init_array.*))
 *(.init_array*)
 .init_array    0x0000000008000d40        0x4 c:/st/stm32cubeide_1.10.1/stm32cubeide/plugins/com.st.stm32cube.ide.mcu.externaltools.gnu-tools-for-stm32.10.3-2021.10.win32_1.0.0.202111181127/tools/bin/../lib/gcc/arm-none-eabi/10.3.1/thumb/v7e-m+fp/hard/crtbegin.o
                0x0000000008000d44                PROVIDE (__init_array_end = .)
                0x0000000008000d44                . = ALIGN (0x4)

.fini_array     0x0000000008000d44        0x4
                0x0000000008000d44                . = ALIGN (0x4)
                [!provide]                        PROVIDE (__fini_array_start = .)
 *(SORT_BY_NAME(.fini_array.*))
 *(.fini_array*)
 .fini_array    0x0000000008000d44        0x4 c:/st/stm32cubeide_1.10.1/stm32cubeide/plugins/com.st.stm32cube.ide.mcu.externaltools.gnu-tools-for-stm32.10.3-2021.10.win32_1.0.0.202111181127/tools/bin/../lib/gcc/arm-none-eabi/10.3.1/thumb/v7e-m+fp/hard/crtbegin.o
                [!provide]                        PROVIDE (__fini_array_end = .)
                0x0000000008000d48                . = ALIGN (0x4)
                0x0000000008000d48                _sidata = LOADADDR (.data)

.data           0x0000000020000000      0x414 load address 0x0000000008000d48
                0x0000000020000000                . = ALIGN (0x4)
                0x0000000020000000                _sdata = .
 *(.data)
 *(.data*)
 .data.msg      0x0000000020000000      0x400 ./Src/main.o
                0x0000000020000000                msg
 .data.AHB_PreScaler
                0x0000000020000400       0x10 ./Src/stm32f407xx_rcc_driver.o
                0x0000000020000400                AHB_PreScaler
 .data.APB1_PreScaler
                0x0000000020000410        0x4 ./Src/stm32f407xx_rcc_driver.o
                0x0000000020000410                APB1_PreScaler
 *(.RamFunc)
 *(.RamFunc*)
                0x0000000020000414                . = ALIGN (0x4)
                0x0000000020000414                _edata = .

.igot.plt       0x0000000020000414        0x0 load address 0x000000000800115c
 .igot.plt      0x0000000020000414        0x0 c:/st/stm32cubeide_1.10.1/stm32cubeide/plugins/com.st.stm32cube.ide.mcu.externaltools.gnu-tools-for-stm32.10.3-2021.10.win32_1.0.0.202111181127/tools/bin/../lib/gcc/arm-none-eabi/10.3.1/thumb/v7e-m+fp/hard/crtbegin.o
                0x0000000020000414                . = ALIGN (0x4)

.bss            0x0000000020000414       0x40 load address 0x000000000800115c
                0x0000000020000414                _sbss = .
                0x0000000020000414                __bss_start__ = _sbss
 *(.bss)
 .bss           0x0000000020000414       0x1c c:/st/stm32cubeide_1.10.1/stm32cubeide/plugins/com.st.stm32cube.ide.mcu.externaltools.gnu-tools-for-stm32.10.3-2021.10.win32_1.0.0.202111181127/tools/bin/../lib/gcc/arm-none-eabi/10.3.1/thumb/v7e-m+fp/hard/crtbegin.o
 *(.bss*)
 .bss.usart2_handle
                0x0000000020000430       0x24 ./Src/main.o
                0x0000000020000430                usart2_handle
 *(COMMON)
                0x0000000020000454                . = ALIGN (0x4)
                0x0000000020000454                _ebss = .
                0x0000000020000454                __bss_end__ = _ebss

._user_heap_stack
                0x0000000020000454      0x604 load address 0x000000000800115c
                0x0000000020000458                . = ALIGN (0x8)
 *fill*         0x0000000020000454        0x4 
                [!provide]                        PROVIDE (end = .)
                0x0000000020000458                PROVIDE (_end = .)
                0x0000000020000658                . = (. + _Min_Heap_Size)
 *fill*         0x0000000020000458      0x200 
                0x0000000020000a58                . = (. + _Min_Stack_Size)
 *fill*         0x0000000020000658      0x400 
                0x0000000020000a58                . = ALIGN (0x8)

/DISCARD/
 libc.a(*)
 libm.a(*)
 libgcc.a(*)

.ARM.attributes
                0x0000000000000000       0x30
 *(.ARM.attributes)
 .ARM.attributes
                0x0000000000000000       0x1e c:/st/stm32cubeide_1.10.1/stm32cubeide/plugins/com.st.stm32cube.ide.mcu.externaltools.gnu-tools-for-stm32.10.3-2021.10.win32_1.0.0.202111181127/tools/bin/../lib/gcc/arm-none-eabi/10.3.1/thumb/v7e-m+fp/hard/crti.o
 .ARM.attributes
                0x000000000000001e       0x34 c:/st/stm32cubeide_1.10.1/stm32cubeide/plugins/com.st.stm32cube.ide.mcu.externaltools.gnu-tools-for-stm32.10.3-2021.10.win32_1.0.0.202111181127/tools/bin/../lib/gcc/arm-none-eabi/10.3.1/thumb/v7e-m+fp/hard/crtbegin.o
 .ARM.attributes
                0x0000000000000052       0x34 ./Src/main.o
 .ARM.attributes
                0x0000000000000086       0x34 ./Src/stm32f407xx_gpio_driver.o
 .ARM.attributes
                0x00000000000000ba       0x34 ./Src/stm32f407xx_rcc_driver.o
 .ARM.attributes
                0x00000000000000ee       0x34 ./Src/stm32f407xx_usart_driver.o
 .ARM.attributes
                0x0000000000000122       0x21 ./Startup/startup_stm32f411retx.o
 .ARM.attributes
                0x0000000000000143       0x34 c:/st/stm32cubeide_1.10.1/stm32cubeide/plugins/com.st.stm32cube.ide.mcu.externaltools.gnu-tools-for-stm32.10.3-2021.10.win32_1.0.0.202111181127/tools/bin/../lib/gcc/arm-none-eabi/10.3.1/../../../../arm-none-eabi/lib/thumb/v7e-m+fp/hard\libc_nano.a(lib_a-init.o)
 .ARM.attributes
                0x0000000000000177       0x17 c:/st/stm32cubeide_1.10.1/stm32cubeide/plugins/com.st.stm32cube.ide.mcu.externaltools.gnu-tools-for-stm32.10.3-2021.10.win32_1.0.0.202111181127/tools/bin/../lib/gcc/arm-none-eabi/10.3.1/../../../../arm-none-eabi/lib/thumb/v7e-m+fp/hard\libc_nano.a(lib_a-strlen.o)
 .ARM.attributes
                0x000000000000018e       0x1e c:/st/stm32cubeide_1.10.1/stm32cubeide/plugins/com.st.stm32cube.ide.mcu.externaltools.gnu-tools-for-stm32.10.3-2021.10.win32_1.0.0.202111181127/tools/bin/../lib/gcc/arm-none-eabi/10.3.1/thumb/v7e-m+fp/hard/crtn.o
OUTPUT(221031_stm32f411_drivers_UART.elf elf32-littlearm)
LOAD linker stubs
LOAD c:/st/stm32cubeide_1.10.1/stm32cubeide/plugins/com.st.stm32cube.ide.mcu.externaltools.gnu-tools-for-stm32.10.3-2021.10.win32_1.0.0.202111181127/tools/bin/../lib/gcc/arm-none-eabi/10.3.1/../../../../arm-none-eabi/lib/thumb/v7e-m+fp/hard\libc.a
LOAD c:/st/stm32cubeide_1.10.1/stm32cubeide/plugins/com.st.stm32cube.ide.mcu.externaltools.gnu-tools-for-stm32.10.3-2021.10.win32_1.0.0.202111181127/tools/bin/../lib/gcc/arm-none-eabi/10.3.1/../../../../arm-none-eabi/lib/thumb/v7e-m+fp/hard\libm.a
LOAD c:/st/stm32cubeide_1.10.1/stm32cubeide/plugins/com.st.stm32cube.ide.mcu.externaltools.gnu-tools-for-stm32.10.3-2021.10.win32_1.0.0.202111181127/tools/bin/../lib/gcc/arm-none-eabi/10.3.1/thumb/v7e-m+fp/hard\libgcc.a

.debug_info     0x0000000000000000     0x1937
 .debug_info    0x0000000000000000      0x4f6 ./Src/main.o
 .debug_info    0x00000000000004f6      0x7bd ./Src/stm32f407xx_gpio_driver.o
 .debug_info    0x0000000000000cb3      0x3e3 ./Src/stm32f407xx_rcc_driver.o
 .debug_info    0x0000000000001096      0x87f ./Src/stm32f407xx_usart_driver.o
 .debug_info    0x0000000000001915       0x22 ./Startup/startup_stm32f411retx.o

.debug_abbrev   0x0000000000000000      0x655
 .debug_abbrev  0x0000000000000000      0x1c2 ./Src/main.o
 .debug_abbrev  0x00000000000001c2      0x173 ./Src/stm32f407xx_gpio_driver.o
 .debug_abbrev  0x0000000000000335      0x111 ./Src/stm32f407xx_rcc_driver.o
 .debug_abbrev  0x0000000000000446      0x1fd ./Src/stm32f407xx_usart_driver.o
 .debug_abbrev  0x0000000000000643       0x12 ./Startup/startup_stm32f411retx.o

.debug_aranges  0x0000000000000000      0x190
 .debug_aranges
                0x0000000000000000       0x40 ./Src/main.o
 .debug_aranges
                0x0000000000000040       0x70 ./Src/stm32f407xx_gpio_driver.o
 .debug_aranges
                0x00000000000000b0       0x30 ./Src/stm32f407xx_rcc_driver.o
 .debug_aranges
                0x00000000000000e0       0x88 ./Src/stm32f407xx_usart_driver.o
 .debug_aranges
                0x0000000000000168       0x28 ./Startup/startup_stm32f411retx.o

.debug_ranges   0x0000000000000000      0x148
 .debug_ranges  0x0000000000000000       0x30 ./Src/main.o
 .debug_ranges  0x0000000000000030       0x60 ./Src/stm32f407xx_gpio_driver.o
 .debug_ranges  0x0000000000000090       0x20 ./Src/stm32f407xx_rcc_driver.o
 .debug_ranges  0x00000000000000b0       0x78 ./Src/stm32f407xx_usart_driver.o
 .debug_ranges  0x0000000000000128       0x20 ./Startup/startup_stm32f411retx.o

.debug_macro    0x0000000000000000     0x2ded
 .debug_macro   0x0000000000000000      0x24a ./Src/main.o
 .debug_macro   0x000000000000024a      0xa84 ./Src/main.o
 .debug_macro   0x0000000000000cce       0x22 ./Src/main.o
 .debug_macro   0x0000000000000cf0       0x4c ./Src/main.o
 .debug_macro   0x0000000000000d3c       0x1e ./Src/main.o
 .debug_macro   0x0000000000000d5a       0x94 ./Src/main.o
 .debug_macro   0x0000000000000dee       0x3c ./Src/main.o
 .debug_macro   0x0000000000000e2a       0x34 ./Src/main.o
 .debug_macro   0x0000000000000e5e       0x16 ./Src/main.o
 .debug_macro   0x0000000000000e74       0x57 ./Src/main.o
 .debug_macro   0x0000000000000ecb       0x97 ./Src/main.o
 .debug_macro   0x0000000000000f62      0x341 ./Src/main.o
 .debug_macro   0x00000000000012a3       0xfd ./Src/main.o
 .debug_macro   0x00000000000013a0       0x10 ./Src/main.o
 .debug_macro   0x00000000000013b0       0x16 ./Src/main.o
 .debug_macro   0x00000000000013c6       0x43 ./Src/main.o
 .debug_macro   0x0000000000001409       0x34 ./Src/main.o
 .debug_macro   0x000000000000143d       0x10 ./Src/main.o
 .debug_macro   0x000000000000144d       0x58 ./Src/main.o
 .debug_macro   0x00000000000014a5       0x71 ./Src/main.o
 .debug_macro   0x0000000000001516       0x1c ./Src/main.o
 .debug_macro   0x0000000000001532      0x12a ./Src/main.o
 .debug_macro   0x000000000000165c       0x10 ./Src/main.o
 .debug_macro   0x000000000000166c       0x6a ./Src/main.o
 .debug_macro   0x00000000000016d6       0x1c ./Src/main.o
 .debug_macro   0x00000000000016f2       0x52 ./Src/main.o
 .debug_macro   0x0000000000001744       0x22 ./Src/main.o
 .debug_macro   0x0000000000001766       0x10 ./Src/main.o
 .debug_macro   0x0000000000001776       0x52 ./Src/main.o
 .debug_macro   0x00000000000017c8       0xd5 ./Src/main.o
 .debug_macro   0x000000000000189d       0x1c ./Src/main.o
 .debug_macro   0x00000000000018b9       0x3d ./Src/main.o
 .debug_macro   0x00000000000018f6       0x16 ./Src/main.o
 .debug_macro   0x000000000000190c      0x145 ./Src/main.o
 .debug_macro   0x0000000000001a51       0x16 ./Src/main.o
 .debug_macro   0x0000000000001a67       0x35 ./Src/main.o
 .debug_macro   0x0000000000001a9c       0x20 ./Src/main.o
 .debug_macro   0x0000000000001abc       0x22 ./Src/main.o
 .debug_macro   0x0000000000001ade      0x103 ./Src/main.o
 .debug_macro   0x0000000000001be1      0x1df ./Src/main.o
 .debug_macro   0x0000000000001dc0      0x674 ./Src/main.o
 .debug_macro   0x0000000000002434       0xc4 ./Src/main.o
 .debug_macro   0x00000000000024f8       0xc4 ./Src/main.o
 .debug_macro   0x00000000000025bc       0xd6 ./Src/main.o
 .debug_macro   0x0000000000002692      0x108 ./Src/main.o
 .debug_macro   0x000000000000279a       0xc2 ./Src/stm32f407xx_gpio_driver.o
 .debug_macro   0x000000000000285c      0x174 ./Src/stm32f407xx_gpio_driver.o
 .debug_macro   0x00000000000029d0       0x8e ./Src/stm32f407xx_gpio_driver.o
 .debug_macro   0x0000000000002a5e       0x51 ./Src/stm32f407xx_gpio_driver.o
 .debug_macro   0x0000000000002aaf       0xbe ./Src/stm32f407xx_gpio_driver.o
 .debug_macro   0x0000000000002b6d       0xbc ./Src/stm32f407xx_rcc_driver.o
 .debug_macro   0x0000000000002c29       0xc2 ./Src/stm32f407xx_usart_driver.o
 .debug_macro   0x0000000000002ceb      0x102 ./Src/stm32f407xx_usart_driver.o

.debug_line     0x0000000000000000     0x2086
 .debug_line    0x0000000000000000      0x730 ./Src/main.o
 .debug_line    0x0000000000000730      0x94d ./Src/stm32f407xx_gpio_driver.o
 .debug_line    0x000000000000107d      0x518 ./Src/stm32f407xx_rcc_driver.o
 .debug_line    0x0000000000001595      0xa6d ./Src/stm32f407xx_usart_driver.o
 .debug_line    0x0000000000002002       0x84 ./Startup/startup_stm32f411retx.o

.debug_str      0x0000000000000000     0xaa72
 .debug_str     0x0000000000000000     0xa585 ./Src/main.o
                                       0xa792 (size before relaxing)
 .debug_str     0x000000000000a585      0x298 ./Src/stm32f407xx_gpio_driver.o
                                       0x6a7a (size before relaxing)
 .debug_str     0x000000000000a81d       0xb9 ./Src/stm32f407xx_rcc_driver.o
                                       0x68ba (size before relaxing)
 .debug_str     0x000000000000a8d6      0x16b ./Src/stm32f407xx_usart_driver.o
                                       0x6aef (size before relaxing)
 .debug_str     0x000000000000aa41       0x31 ./Startup/startup_stm32f411retx.o
                                         0x68 (size before relaxing)

.comment        0x0000000000000000       0x50
 .comment       0x0000000000000000       0x50 ./Src/main.o
                                         0x51 (size before relaxing)
 .comment       0x0000000000000050       0x51 ./Src/stm32f407xx_gpio_driver.o
 .comment       0x0000000000000050       0x51 ./Src/stm32f407xx_rcc_driver.o
 .comment       0x0000000000000050       0x51 ./Src/stm32f407xx_usart_driver.o

.debug_frame    0x0000000000000000      0x558
 .debug_frame   0x0000000000000000       0xb8 ./Src/main.o
 .debug_frame   0x00000000000000b8      0x1c8 ./Src/stm32f407xx_gpio_driver.o
 .debug_frame   0x0000000000000280       0x7c ./Src/stm32f407xx_rcc_driver.o
 .debug_frame   0x00000000000002fc      0x230 ./Src/stm32f407xx_usart_driver.o
 .debug_frame   0x000000000000052c       0x2c c:/st/stm32cubeide_1.10.1/stm32cubeide/plugins/com.st.stm32cube.ide.mcu.externaltools.gnu-tools-for-stm32.10.3-2021.10.win32_1.0.0.202111181127/tools/bin/../lib/gcc/arm-none-eabi/10.3.1/../../../../arm-none-eabi/lib/thumb/v7e-m+fp/hard\libc_nano.a(lib_a-init.o)
