../Src/main.c:18:6:delay_btnDeb	16	static
../Src/main.c:83:6:delay	24	static,ignoring_inline_asm
../Src/main.c:89:6:reverse_IO	24	static
../Src/main.c:97:6:GPIO_ButtonInit	24	static
../Src/main.c:110:6:GPIO_SCL_init	24	static
../Src/main.c:124:6:GPIO_SDA_init	24	static
../Src/main.c:138:6:i2c_start	8	static
../Src/main.c:154:6:i2c_stop	8	static
../Src/main.c:167:6:check_rwBit	16	static
../Src/main.c:179:6:read_ack	8	static
../Src/main.c:190:6:send	24	static
../Src/main.c:206:6:send_addr	24	static
../Src/main.c:223:6:send_data_protocol	16	static
../Src/main.c:235:15:i2c_write	24	static
../Src/main.c:277:15:i2c_read	16	static
../Src/main.c:324:15:i2c_read_nack	16	static
../Src/main.c:355:5:main	16	static
